Creating the archive into "/home/vostrikov/projects/packages/azguard/build/dist".
Created: Creating the archive into "/home/vostrikov/projects/packages/azguard/build/dist".
Created: [consumer-fixture] archives in /home/vostrikov/projects/packages/azguard/build/dist:
  axiomasoft-azguard-1.0.0-alpha.dev.zip
  axiomasoft-azguard-filament-1.0.0-alpha.dev.zip
[consumer-fixture] creating a clean Laravel 13.x application
Creating a "laravel/laravel:^13.0" project at "/tmp/tmp.W7zwjXK5lm/app"
Installing laravel/laravel (v13.11.0)
  - Installing laravel/laravel (v13.11.0): Extracting archive
Created project in /tmp/tmp.W7zwjXK5lm/app
> @php -r "file_exists('.env') || copy('.env.example', '.env');"
Loading composer repositories with package information
Updating dependencies
Lock file operations: 110 installs, 0 updates, 0 removals
  - Locking brick/math (1.0.0)
  - Locking carbonphp/carbon-doctrine-types (3.2.1)
  - Locking dflydev/dot-access-data (v3.0.3)
  - Locking doctrine/inflector (2.1.0)
  - Locking doctrine/lexer (3.0.3)
  - Locking dragonmantank/cron-expression (v3.6.0)
  - Locking egulias/email-validator (4.0.4)
  - Locking fakerphp/faker (v1.24.1)
  - Locking filp/whoops (2.18.6)
  - Locking fruitcake/php-cors (v1.4.0)
  - Locking graham-campbell/result-type (v1.2.0)
  - Locking guzzlehttp/guzzle (8.2.0)
  - Locking guzzlehttp/promises (3.0.2)
  - Locking guzzlehttp/psr7 (3.1.0)
  - Locking guzzlehttp/uri-template (v2.0.1)
  - Locking hamcrest/hamcrest-php (v3.0.0)
  - Locking laravel/agent-detector (v2.0.4)
  - Locking laravel/framework (v13.35.0)
  - Locking laravel/pail (v1.2.7)
  - Locking laravel/pao (v1.1.5)
  - Locking laravel/pint (v1.32.1)
  - Locking laravel/prompts (v0.3.25)
  - Locking laravel/serializable-closure (v2.1.0)
  - Locking laravel/tinker (v3.0.2)
  - Locking league/commonmark (2.10.3)
  - Locking league/config (v1.2.0)
  - Locking league/flysystem (3.36.0)
  - Locking league/flysystem-local (3.35.3)
  - Locking league/mime-type-detection (1.17.0)
  - Locking league/uri (7.8.1)
  - Locking league/uri-interfaces (7.8.1)
  - Locking mockery/mockery (1.6.15)
  - Locking monolog/monolog (3.12.1)
  - Locking myclabs/deep-copy (1.14.0)
  - Locking nesbot/carbon (3.14.2)
  - Locking nette/schema (v1.3.6)
  - Locking nette/utils (v4.1.5)
  - Locking nikic/php-parser (v5.9.0)
  - Locking nunomaduro/collision (v8.9.5)
  - Locking nunomaduro/termwind (v2.4.0)
  - Locking phar-io/manifest (2.0.4)
  - Locking phar-io/version (3.2.1)
  - Locking phpoption/phpoption (1.10.0)
  - Locking phpunit/php-code-coverage (12.5.8)
  - Locking phpunit/php-file-iterator (6.0.2)
  - Locking phpunit/php-invoker (6.0.0)
  - Locking phpunit/php-text-template (5.0.1)
  - Locking phpunit/php-timer (8.0.0)
  - Locking phpunit/phpunit (12.5.38)
  - Locking psr/clock (1.0.0)
  - Locking psr/container (2.0.2)
  - Locking psr/event-dispatcher (1.0.0)
  - Locking psr/http-client (1.0.3)
  - Locking psr/http-factory (1.1.0)
  - Locking psr/http-message (2.0)
  - Locking psr/log (3.0.2)
  - Locking psr/simple-cache (3.0.0)
  - Locking psy/psysh (v0.12.24)
  - Locking ramsey/collection (2.1.1)
  - Locking ramsey/uuid (4.9.4)
  - Locking sebastian/cli-parser (4.2.1)
  - Locking sebastian/comparator (7.1.8)
  - Locking sebastian/complexity (5.0.0)
  - Locking sebastian/diff (7.0.1)
  - Locking sebastian/environment (8.1.2)
  - Locking sebastian/exporter (7.0.3)
  - Locking sebastian/global-state (8.0.3)
  - Locking sebastian/lines-of-code (4.0.1)
  - Locking sebastian/object-enumerator (7.0.0)
  - Locking sebastian/object-reflector (5.0.0)
  - Locking sebastian/recursion-context (7.0.1)
  - Locking sebastian/type (6.0.4)
  - Locking sebastian/version (6.0.1)
  - Locking staabm/side-effects-detector (1.0.5)
  - Locking symfony/clock (v7.4.8)
  - Locking symfony/console (v7.4.20)
  - Locking symfony/css-selector (v7.4.18)
  - Locking symfony/deprecation-contracts (v3.7.1)
  - Locking symfony/error-handler (v7.4.20)
  - Locking symfony/event-dispatcher (v7.4.17)
  - Locking symfony/event-dispatcher-contracts (v3.7.1)
  - Locking symfony/finder (v7.4.20)
  - Locking symfony/http-foundation (v7.4.20)
  - Locking symfony/http-kernel (v7.4.20)
  - Locking symfony/mailer (v7.4.19)
  - Locking symfony/mime (v7.4.19)
  - Locking symfony/polyfill-ctype (v1.37.0)
  - Locking symfony/polyfill-intl-grapheme (v1.43.0)
  - Locking symfony/polyfill-intl-idn (v1.43.0)
  - Locking symfony/polyfill-intl-normalizer (v1.43.0)
  - Locking symfony/polyfill-mbstring (v1.43.0)
  - Locking symfony/polyfill-php80 (v1.43.0)
  - Locking symfony/polyfill-php82 (v1.43.0)
  - Locking symfony/polyfill-php83 (v1.43.0)
  - Locking symfony/polyfill-php84 (v1.43.0)
  - Locking symfony/polyfill-php85 (v1.43.0)
  - Locking symfony/polyfill-php86 (v1.43.0)
  - Locking symfony/polyfill-uuid (v1.43.0)
  - Locking symfony/process (v7.4.19)
  - Locking symfony/routing (v7.4.20)
  - Locking symfony/service-contracts (v3.7.3)
  - Locking symfony/string (v7.4.19)
  - Locking symfony/translation (v7.4.17)
  - Locking symfony/translation-contracts (v3.7.1)
  - Locking symfony/uid (v7.4.20)
  - Locking symfony/var-dumper (v7.4.18)
  - Locking theseer/tokenizer (2.0.1)
  - Locking tijsverkoyen/css-to-inline-styles (v2.4.0)
  - Locking vlucas/phpdotenv (v5.7.0)
  - Locking voku/portable-ascii (2.1.1)
Writing lock file
Installing dependencies from lock file (including require-dev)
Package operations: 110 installs, 0 updates, 0 removals
  - Installing doctrine/inflector (2.1.0): Extracting archive
  - Installing doctrine/lexer (3.0.3): Extracting archive
  - Installing dragonmantank/cron-expression (v3.6.0): Extracting archive
  - Installing symfony/deprecation-contracts (v3.7.1): Extracting archive
  - Installing psr/container (2.0.2): Extracting archive
  - Installing fakerphp/faker (v1.24.1): Extracting archive
  - Installing symfony/polyfill-mbstring (v1.43.0): Extracting archive
  - Installing symfony/http-foundation (v7.4.20): Extracting archive
  - Installing fruitcake/php-cors (v1.4.0): Extracting archive
  - Installing symfony/polyfill-php82 (v1.43.0): Extracting archive
  - Installing symfony/polyfill-php80 (v1.43.0): Extracting archive
  - Installing psr/http-message (2.0): Extracting archive
  - Installing psr/http-factory (1.1.0): Extracting archive
  - Installing psr/http-client (1.0.3): Extracting archive
  - Installing guzzlehttp/psr7 (3.1.0): Extracting archive
  - Installing guzzlehttp/promises (3.0.2): Extracting archive
  - Installing guzzlehttp/guzzle (8.2.0): Extracting archive
  - Installing guzzlehttp/uri-template (v2.0.1): Extracting archive
  - Installing symfony/polyfill-intl-normalizer (v1.43.0): Extracting archive
  - Installing symfony/polyfill-intl-grapheme (v1.43.0): Extracting archive
  - Installing symfony/polyfill-ctype (v1.37.0): Extracting archive
  - Installing symfony/string (v7.4.19): Extracting archive
  - Installing symfony/service-contracts (v3.7.3): Extracting archive
  - Installing symfony/console (v7.4.20): Extracting archive
  - Installing nunomaduro/termwind (v2.4.0): Extracting archive
  - Installing voku/portable-ascii (2.1.1): Extracting archive
  - Installing phpoption/phpoption (1.10.0): Extracting archive
  - Installing graham-campbell/result-type (v1.2.0): Extracting archive
  - Installing vlucas/phpdotenv (v5.7.0): Extracting archive
  - Installing symfony/css-selector (v7.4.18): Extracting archive
  - Installing tijsverkoyen/css-to-inline-styles (v2.4.0): Extracting archive
  - Installing symfony/var-dumper (v7.4.18): Extracting archive
  - Installing symfony/polyfill-uuid (v1.43.0): Extracting archive
  - Installing symfony/uid (v7.4.20): Extracting archive
  - Installing symfony/routing (v7.4.20): Extracting archive
  - Installing symfony/process (v7.4.19): Extracting archive
  - Installing symfony/polyfill-php86 (v1.43.0): Extracting archive
  - Installing symfony/polyfill-php85 (v1.43.0): Extracting archive
  - Installing symfony/polyfill-php84 (v1.43.0): Extracting archive
  - Installing symfony/polyfill-intl-idn (v1.43.0): Extracting archive
  - Installing symfony/mime (v7.4.19): Extracting archive
  - Installing psr/event-dispatcher (1.0.0): Extracting archive
  - Installing symfony/event-dispatcher-contracts (v3.7.1): Extracting archive
  - Installing symfony/event-dispatcher (v7.4.17): Extracting archive
  - Installing psr/log (3.0.2): Extracting archive
  - Installing egulias/email-validator (4.0.4): Extracting archive
  - Installing symfony/mailer (v7.4.19): Extracting archive
  - Installing symfony/error-handler (v7.4.20): Extracting archive
  - Installing symfony/http-kernel (v7.4.20): Extracting archive
  - Installing symfony/finder (v7.4.20): Extracting archive
  - Installing ramsey/collection (2.1.1): Extracting archive
  - Installing brick/math (1.0.0): Extracting archive
  - Installing ramsey/uuid (4.9.4): Extracting archive
  - Installing psr/simple-cache (3.0.0): Extracting archive
  - Installing symfony/translation-contracts (v3.7.1): Extracting archive
  - Installing symfony/translation (v7.4.17): Extracting archive
  - Installing symfony/polyfill-php83 (v1.43.0): Extracting archive
  - Installing psr/clock (1.0.0): Extracting archive
  - Installing symfony/clock (v7.4.8): Extracting archive
  - Installing carbonphp/carbon-doctrine-types (3.2.1): Extracting archive
  - Installing nesbot/carbon (3.14.2): Extracting archive
  - Installing monolog/monolog (3.12.1): Extracting archive
  - Installing league/uri-interfaces (7.8.1): Extracting archive
  - Installing league/uri (7.8.1): Extracting archive
  - Installing league/mime-type-detection (1.17.0): Extracting archive
  - Installing league/flysystem-local (3.35.3): Extracting archive
  - Installing league/flysystem (3.36.0): Extracting archive
  - Installing nette/utils (v4.1.5): Extracting archive
  - Installing nette/schema (v1.3.6): Extracting archive
  - Installing dflydev/dot-access-data (v3.0.3): Extracting archive
  - Installing league/config (v1.2.0): Extracting archive
  - Installing league/commonmark (2.10.3): Extracting archive
  - Installing laravel/serializable-closure (v2.1.0): Extracting archive
  - Installing laravel/prompts (v0.3.25): Extracting archive
  - Installing laravel/framework (v13.35.0): Extracting archive
  - Installing laravel/pail (v1.2.7): Extracting archive
  - Installing laravel/agent-detector (v2.0.4): Extracting archive
  - Installing laravel/pao (v1.1.5): Extracting archive
  - Installing laravel/pint (v1.32.1): Extracting archive
  - Installing nikic/php-parser (v5.9.0): Extracting archive
  - Installing psy/psysh (v0.12.24): Extracting archive
  - Installing laravel/tinker (v3.0.2): Extracting archive
  - Installing hamcrest/hamcrest-php (v3.0.0): Extracting archive
  - Installing mockery/mockery (1.6.15): Extracting archive
  - Installing filp/whoops (2.18.6): Extracting archive
  - Installing nunomaduro/collision (v8.9.5): Extracting archive
  - Installing staabm/side-effects-detector (1.0.5): Extracting archive
  - Installing sebastian/version (6.0.1): Extracting archive
  - Installing sebastian/type (6.0.4): Extracting archive
  - Installing sebastian/recursion-context (7.0.1): Extracting archive
  - Installing sebastian/object-reflector (5.0.0): Extracting archive
  - Installing sebastian/object-enumerator (7.0.0): Extracting archive
  - Installing sebastian/global-state (8.0.3): Extracting archive
  - Installing sebastian/exporter (7.0.3): Extracting archive
  - Installing sebastian/environment (8.1.2): Extracting archive
  - Installing sebastian/diff (7.0.1): Extracting archive
  - Installing sebastian/comparator (7.1.8): Extracting archive
  - Installing sebastian/cli-parser (4.2.1): Extracting archive
  - Installing phpunit/php-timer (8.0.0): Extracting archive
  - Installing phpunit/php-text-template (5.0.1): Extracting archive
  - Installing phpunit/php-invoker (6.0.0): Extracting archive
  - Installing phpunit/php-file-iterator (6.0.2): Extracting archive
  - Installing theseer/tokenizer (2.0.1): Extracting archive
  - Installing sebastian/lines-of-code (4.0.1): Extracting archive
  - Installing sebastian/complexity (5.0.0): Extracting archive
  - Installing phpunit/php-code-coverage (12.5.8): Extracting archive
  - Installing phar-io/version (3.2.1): Extracting archive
  - Installing phar-io/manifest (2.0.4): Extracting archive
  - Installing myclabs/deep-copy (1.14.0): Extracting archive
  - Installing phpunit/phpunit (12.5.38): Extracting archive
50 package suggestions were added by new dependencies, use `composer suggest` to see details.
Generating optimized autoload files
> Illuminate\Foundation\ComposerScripts::postAutoloadDump
> @php artisan package:discover --ansi
80 packages you are using are looking for funding.
Use the `composer fund` command to find out more!
> @php artisan vendor:publish --tag=laravel-assets --ansi --force
No security vulnerability advisories found.
> @php artisan key:generate --ansi
> @php -r "file_exists('database/database.sqlite') || touch('database/database.sqlite');"
> @php artisan migrate --graceful --ansi
[consumer-fixture] requiring from the artifact repository: axiomasoft/azguard:1.0.0-alpha.dev
./composer.json has been updated
Running composer update axiomasoft/azguard
Loading composer repositories with package information
Updating dependencies
Lock file operations: 1 install, 0 updates, 0 removals
  - Locking axiomasoft/azguard (1.0.0-alpha.dev)
Writing lock file
Installing dependencies from lock file (including require-dev)
Package operations: 1 install, 0 updates, 0 removals
  - Downloading axiomasoft/azguard (1.0.0-alpha.dev)
  - Installing axiomasoft/azguard (1.0.0-alpha.dev): Extracting archive
Generating optimized autoload files
> Illuminate\Foundation\ComposerScripts::postAutoloadDump
> @php artisan package:discover --ansi

 INFO Discovering packages. 

 axiomasoft/azguard .. DONE
 laravel/pail .. DONE
 laravel/pao .. DONE
 laravel/tinker .. DONE
 nesbot/carbon .. DONE
 nunomaduro/collision .. DONE
 nunomaduro/termwind .. DONE

80 packages you are using are looking for funding.
Use the `composer fund` command to find out more!
> @php artisan vendor:publish --tag=laravel-assets --ansi --force

 INFO No publishable resources for tag [laravel-assets]. 

No security vulnerability advisories found.
[consumer-fixture] installed: versions : * 1.0.0-alpha.dev dist : [zip] /home/vostrikov/projects/packages/azguard/build/dist/axiomasoft-azguard-1.0.0-alpha.dev.zip 

 INFO Discovering packages. 

 axiomasoft/azguard .. DONE
 laravel/pail .. DONE
 laravel/pao .. DONE
 laravel/tinker .. DONE
 nesbot/carbon .. DONE
 nunomaduro/collision .. DONE
 nunomaduro/termwind .. DONE

[consumer-fixture] discovered: AzGuard\AzGuardServiceProvider
[consumer-fixture] about: AzGuard section printed
[consumer-fixture] OK
> Illuminate\Foundation\ComposerScripts::postAutoloadDump
> @php artisan package:discover --ansi
[consumer-fixture] Install: bigint host keys, sqlite connection and pre-existing config cache on Laravel 13

   INFO  Configuration cached successfully.  


   INFO  Configuration cache cleared successfully.  

   INFO  Published config/azguard.php with ids.host_keys = "bigint".  

   INFO  Set AZGUARD_DB_CONNECTION in .env.  

   INFO  Migrations of AzGuard:  

  2026_10_01_000000_create_azguard_storage.php

   INFO  Preparing database.  

  Creating migration table ...................................... 12.25ms DONE

   INFO  Running migrations.  

  0001_01_01_000000_create_users_table .......................... 44.97ms DONE
  0001_01_01_000001_create_cache_table .......................... 29.51ms DONE
  0001_01_01_000002_create_jobs_table ........................... 47.29ms DONE
  2026_10_01_000000_create_azguard_storage ..................... 274.19ms DONE


   INFO  AzGuard doctor found no problems.  

[consumer-fixture] HTTP: #[CheckPermission] behind azguard.panel on Laravel 13
{"tool":"phpunit","result":"passed","tests":5,"passed":5,"assertions":9,"duration_ms":858}
[consumer-fixture] HTTP OK
[consumer-fixture] RefreshDatabase: installed writer, shared file cache, rollback/restart and production guard on Laravel 13
{"tool":"phpunit","result":"passed","tests":4,"passed":4,"assertions":65,"duration_ms":952}
[consumer-fixture] RefreshDatabase OK
