
   PASS  Tests\Arch\ApiManifestTest
  ✓ it lets the filament package use only core classes from the manifes… 0.01s  
  ✓ it keeps both api manifests current                                  0.05s  

   PASS  Tests\Arch\AuthorizationArchTest
  ✓ it keeps the coordinator provenance exception read only              0.01s  
  ✓ authorization coordinator never reaches ambient auth or framework g… 0.06s  
  ✓ it proves the authorization source boundary RED against a scratch c… 0.03s  
  ✓ sources use contracts and values without importing authorization im… 0.10s  

   PASS  Tests\Arch\BaselineArchTest
  ✓ it keeps package sources free of debug calls                         0.02s  
  ✓ it finds debug calls but not methods, static calls or declarations with the same name
  ✓ package sources declare strict types                                 0.30s  

   PASS  Tests\Arch\SourceConventionsTest
  ✓ it finds task codes only in comments
  ✓ it finds panel selection calls and the request panel class but not declarations, strings or comments
  ✓ it picks a panel only in the panel resolver                          0.01s  
  ✓ it tags every contract as api or spi
  ✓ it reads package configuration only in the configuration zone
  ✓ it keeps internal task codes out of source comments                  0.01s  

   PASS  Tests\Arch\ZonesArchTest
  ✓ production code does not import test helpers (AzGuard\Plugins)       0.01s  
  ✓ production code does not import test helpers (AzGuard\Internal)
  ✓ sources other than the database source and plugins stay off storage… 0.04s  
  ✓ panels, catalog, scopes, policies and schema stay off storage and changes (AzGuard\Schema)
  ✓ panels, catalog, scopes, policies and schema stay off storage and c… 0.03s  
  ✓ production code does not import test helpers (AzGuard\Filament)
  ✓ production code does not import test helpers (AzGuard\Permissions)
  ✓ sources other than the database source and plugins stay off storage (AzGuard\Plugins)
  ✓ production code does not import test helpers (AzGuard\Laravel)
  ✓ it rejects a directory file that imports storage, changes or authorization
  ✓ contracts do not import implementations                              0.10s  
  ✓ only storage and the database source touch the database layer        0.35s  
  ✓ production code does not import test helpers (AzGuard\Sources)
  ✓ production code does not import test helpers (AzGuard\Authorization)
  ✓ production code does not import test helpers (AzGuard\Attributes)
  ✓ kernel depends on nothing but PHP                                    1.86s  
  ✓ it only storage database sources change pipeline and testing use st… 0.09s  
  ✓ it only storage uses storage concerns and the guarded builder        0.10s  
  ✓ it finds framework helper calls but not methods with the same name
  ✓ production code does not import test helpers (AzGuard\Directories)
  ✓ production code does not import test helpers (AzGuard\Facades)
  ✓ it rejects a policy file that imports storage or changes
  ✓ the catalog neither decides access nor reaches the framework adapters (AzGuard\Catalog)
  ✓ production code does not import test helpers (AzGuard\Policies)      0.01s  
  ✓ it rejects a StoresGrants transaction() call copied into the panel zone
  ✓ production code does not import test helpers (AzGuard\Configuration… 0.01s  
  ✓ production code does not import test helpers (AzGuard\Schema)
  ✓ production code does not import test helpers (AzGuard\Contracts)
  ✓ production code does not import test helpers (AzGuard\Changes)
  ✓ production code does not import test helpers (AzGuard\Scopes)
  ✓ production code does not import test helpers (AzGuard\Catalog)
  ✓ code roles do not use storage, changes or authorization
  ✓ panels, catalog, scopes, policies and schema stay off storage and c… 0.05s  
  ✓ configuration depends only on the kernel, exceptions and the framew… 0.01s  
  ✓ panels, catalog, scopes, policies and schema stay off storage and changes (AzGuard\Scopes)
  ✓ it resolves model calls through imports aliases inheritance and class-relative names
  ✓ authorization and schema never change access (AzGuard\Schema)
  ✓ production code does not import test helpers (AzGuard\AzGuardServiceProvider)
  ✓ grants are stored only through the change pipeline, the database source or test helpers
  ✓ authorization and schema never change access (AzGuard\Authorization)
  ✓ it keeps the kernel free of framework helper calls
  ✓ production code does not import test helpers (AzGuard\Panels)
  ✓ storage does not use authorization or changes                        0.06s  
  ✓ production code does not import test helpers (AzGuard\Kernel)
  ✓ sources do not use changes or authorization
  ✓ panels, catalog, scopes, policies and schema stay off storage and changes (AzGuard\Policies)
  ✓ production code does not import test helpers (AzGuard\Storage)
  ✓ directories do not decide access or touch storage and changes (AzGuard\Directories)
  ✓ production code does not import test helpers (AzGuard\Concerns)
  ✓ production code does not import test helpers (AzGuard\Roles)
  ✓ exceptions depend only on the kernel                                 0.01s  
  ✓ it resolves grouped mutation imports and fully qualified internal dependencies
  ✓ it only storage and database sources call storage models statically  0.05s  
  ✓ plugins do not reach into internals
  ✓ production code does not import test helpers (AzGuard\Exceptions)
  ✓ production code does not import test helpers (AzGuard\Diagnostics)
  ✓ production code does not import test helpers (AzGuard\Events)

  Tests:    72 passed (314 assertions)
  Duration: 3.48s
  Random Order Seed: 1791194405

