
   FAIL  Tests\Arch\SourceConventionsTest
  ✓ it keeps internal task codes out of source comments                  0.01s  
  ✓ it finds panel selection calls and the request panel class but not declarations, strings or comments
  ⨯ it tags every contract as api or spi
  ✓ it picks a panel only in the panel resolver                          0.01s  
  ✓ it reads package configuration only in the configuration zone
  ✓ it finds task codes only in comments

   PASS  Tests\Arch\BaselineArchTest
  ✓ package sources declare strict types                                 0.35s  
  ✓ it finds debug calls but not methods, static calls or declarations with the same name
  ✓ it keeps package sources free of debug calls                         0.02s  

   FAIL  Tests\Arch\ApiManifestTest
  ⨯ it keeps both api manifests current                                  0.05s  
  ✓ it lets the filament package use only core classes from the manifest

   PASS  Tests\Arch\AuthorizationArchTest
  ✓ it proves the authorization source boundary RED against a scratch c… 0.03s  
  ✓ sources use contracts and values without importing authorization im… 0.11s  
  ✓ it keeps the coordinator provenance exception read only
  ✓ authorization coordinator never reaches ambient auth or framework g… 0.02s  

   PASS  Tests\Arch\ZonesArchTest
  ✓ it rejects a StoresGrants transaction() call copied into the panel…  0.01s  
  ✓ it resolves grouped mutation imports and fully qualified internal dependencies
  ✓ it finds framework helper calls but not methods with the same name
  ✓ authorization and schema never change access (AzGuard\Authorization)
  ✓ panels, catalog, scopes, policies and schema stay off storage and c… 0.06s  
  ✓ sources other than the database source and plugins stay off storage (AzGuard\Plugins)
  ✓ it rejects a policy file that imports storage or changes
  ✓ production code does not import test helpers (AzGuard\Laravel)
  ✓ production code does not import test helpers (AzGuard\Configuration… 0.01s  
  ✓ it resolves model calls through imports aliases inheritance and class-relative names
  ✓ production code does not import test helpers (AzGuard\Exceptions)    0.01s  
  ✓ production code does not import test helpers (AzGuard\Changes)
  ✓ panels, catalog, scopes, policies and schema stay off storage and c… 0.02s  
  ✓ sources do not use changes or authorization
  ✓ production code does not import test helpers (AzGuard\Concerns)
  ✓ production code does not import test helpers (AzGuard\AzGuardServiceProvider)
  ✓ production code does not import test helpers (AzGuard\Scopes)
  ✓ it rejects a directory file that imports storage, changes or authorization
  ✓ production code does not import test helpers (AzGuard\Internal)
  ✓ panels, catalog, scopes, policies and schema stay off storage and changes (AzGuard\Schema)
  ✓ production code does not import test helpers (AzGuard\Permissions)
  ✓ production code does not import test helpers (AzGuard\Authorization)
  ✓ code roles do not use storage, changes or authorization
  ✓ it keeps the kernel free of framework helper calls
  ✓ it only storage database sources change pipeline and testing use st… 0.09s  
  ✓ authorization and schema never change access (AzGuard\Schema)
  ✓ production code does not import test helpers (AzGuard\Storage)       0.05s  
  ✓ production code does not import test helpers (AzGuard\Facades)
  ✓ production code does not import test helpers (AzGuard\Events)
  ✓ production code does not import test helpers (AzGuard\Filament)
  ✓ it only storage uses storage concerns and the guarded builder        0.10s  
  ✓ grants are stored only through the change pipeline, the database so… 0.29s  
  ✓ production code does not import test helpers (AzGuard\Policies)      0.01s  
  ✓ contracts do not import implementations                              0.11s  
  ✓ production code does not import test helpers (AzGuard\Directories)
  ✓ directories do not decide access or touch storage and changes (AzGuard\Directories)
  ✓ production code does not import test helpers (AzGuard\Sources)
  ✓ production code does not import test helpers (AzGuard\Panels)        0.05s  
  ✓ exceptions depend only on the kernel                                 1.56s  
  ✓ sources other than the database source and plugins stay off storage (AzGuard\Sources)
  ✓ panels, catalog, scopes, policies and schema stay off storage and changes (AzGuard\Policies)
  ✓ plugins do not reach into internals
  ✓ panels, catalog, scopes, policies and schema stay off storage and changes (AzGuard\Panels)
  ✓ configuration depends only on the kernel, exceptions and the framew… 0.01s  
  ✓ production code does not import test helpers (AzGuard\Roles)
  ✓ storage does not use authorization or changes
  ✓ production code does not import test helpers (AzGuard\Kernel)        0.03s  
  ✓ kernel depends on nothing but PHP                                    0.47s  
  ✓ only storage and the database source touch the database layer        0.06s  
  ✓ the catalog neither decides access nor reaches the framework adapters (AzGuard\Catalog)
  ✓ production code does not import test helpers (AzGuard\Schema)
  ✓ production code does not import test helpers (AzGuard\Plugins)
  ✓ production code does not import test helpers (AzGuard\Attributes)
  ✓ production code does not import test helpers (AzGuard\Diagnostics)
  ✓ production code does not import test helpers (AzGuard\Contracts)
  ✓ production code does not import test helpers (AzGuard\Catalog)
  ✓ it only storage and database sources call storage models statically  0.05s  
  ────────────────────────────────────────────────────────────────────────────  
   FAILED  Tests\Arch\SourceConventionsTest > it tags every contract as api…    
  Failed asserting that two arrays are identical.
  -Array &0 []
  +Array &0 [
  +    0 => '/tmp/azguard-P1.4-negative-8dq1yyw_/packages/core/src/Contracts/QualificationProbe.php',
  +]
  

  at tests/Arch/SourceConventionsTest.php:67
     63▕         static fn (string $file): bool => str_contains($file, '/packages/core/src/Contracts/')
     64▕             && preg_match('/^\s*\*\s*@(api|spi)\b/m', (string) file_get_contents($file)) !== 1,
     65▕     ));
     66▕ 
  ➜  67▕     expect($untagged)->toBe([]);
     68▕ });
     69▕ 
     70▕ /*
     71▕  * One rule picks a panel. The request panel and the default panel of a model are read only by the resolver and the

  1   tests/Arch/SourceConventionsTest.php:67

  ────────────────────────────────────────────────────────────────────────────  
   FAILED  Tests\Arch\ApiManifestTest > it keeps both api manifests current     
  Fatal error: Uncaught RuntimeException: AzGuard\Contracts\QualificationProbe: a contract needs an @api or @spi tag. in /tmp/azguard-P1.4-negative-8dq1yyw_/bin/api-manifest.php:89
Stack trace:
#0 /tmp/azguard-P1.4-negative-8dq1yyw_/bin/api-manifest.php(64): apiDescribe(Object(ReflectionClass))
#1 /tmp/azguard-P1.4-negative-8dq1yyw_/bin/api-manifest.php(248): apiManifest('/tmp/azguard-P1...', 'packages/core')
#2 {main}
  thrown in /tmp/azguard-P1.4-negative-8dq1yyw_/bin/api-manifest.php on line 89

Failed asserting that 255 is identical to 0.

  at tests/Arch/ApiManifestTest.php:24
     20▕     $output = stream_get_contents($pipes[1]).stream_get_contents($pipes[2]);
     21▕     fclose($pipes[1]);
     22▕     fclose($pipes[2]);
     23▕ 
  ➜  24▕     expect(proc_close($process))->toBe(0, $output);
     25▕ });
     26▕ 
     27▕ it('lets the filament package use only core classes from the manifest', function (): void {
     28▕     /** @var array{classes: list<array{name: string}>} $manifest */

  1   tests/Arch/ApiManifestTest.php:24


  Tests:    2 failed, 70 passed (314 assertions)
  Duration: 3.69s
  Random Order Seed: 1791194439

