{
  "frozen_spec": "/home/vostrikov/projects/packages/azguard/plans/2026.10.01-№1-AZGUARD-V1/phases/P4/P4.5.md",
  "primary_commands": [
    "vendor/bin/pest tests/Feature/Sources/Relation",
    "vendor/bin/pest tests/Feature/Authorization tests/Feature/Sources",
    "vendor/bin/pest tests/Arch",
    "php bin/api-manifest.php --check",
    "composer test",
    "vendor/bin/pint --test",
    "vendor/bin/phpstan analyse --memory-limit=1G",
    "php -d memory_limit=1G vendor/bin/pest --type-coverage --min=98",
    "git diff --check"
  ],
  "command_count": 9,
  "bash_syntax_exit": 0,
  "generation_explanation_executed": false,
  "argv": [
    "bash",
    "-lc",
    "vendor/bin/pest tests/Feature/Sources/Relation && vendor/bin/pest tests/Feature/Authorization tests/Feature/Sources && vendor/bin/pest tests/Arch && php bin/api-manifest.php --check && composer test && vendor/bin/pint --test && vendor/bin/phpstan analyse --memory-limit=1G && php -d memory_limit=1G vendor/bin/pest --type-coverage --min=98 && git diff --check"
  ]
}
