 Volume azguard_authority_replica_test Creating 
 Volume azguard_authority_replica_test Creating 
 Volume azguard_authority_primary_test Creating 
 Volume azguard_authority_primary_test Creating 
 Volume azguard_authority_primary_test Created 
 Volume azguard_authority_primary_test Created 
 Container azguard-authority-primary-1 Creating 
 Volume azguard_authority_replica_test Created 
 Volume azguard_authority_replica_test Created 
 Container azguard-authority-primary-1 Created 
 Container azguard-authority-replica-1 Creating 
 Container azguard-authority-replica-1 Created 
 Container azguard-authority-primary-1 Starting 
 Container azguard-authority-primary-1 Started 
 Container azguard-authority-primary-1 Waiting 
 Container azguard-authority-primary-1 Healthy 
 Container azguard-authority-replica-1 Starting 
 Container azguard-authority-replica-1 Started 
 Container azguard-authority-replica-1 Waiting 
 Container azguard-authority-primary-1 Waiting 
 Container azguard-authority-primary-1 Healthy 
 Container azguard-authority-replica-1 Healthy 
