{
    "pgsql": {
        "host": "127.0.0.1",
        "port": 25432,
        "database": "azguard_test",
        "version": "PostgreSQL 16.14 on x86_64-pc-linux-musl, compiled by gcc (Alpine 15.2.0) 15.2.0, 64-bit"
    },
    "mysql": {
        "host": "127.0.0.1",
        "port": 23306,
        "database": "azguard_test",
        "version": "8.4.10"
    },
    "mariadb": {
        "host": "127.0.0.1",
        "port": 23307,
        "database": "azguard_test",
        "version": "10.11.19-MariaDB-ubu2204"
    },
    "redis": {
        "port": 26379,
        "version": "7.4.9",
        "test_database": 15,
        "cleanup": "unique qualification prefix only"
    }
}