PHPUnit 12.5.33 by Sebastian Bergmann and contributors.

Runtime:       PHP 8.4.1
Configuration: /tmp/azguard-p414-probes-08l9mnn_/phpunit.xml
Random Seed:   1791346224

[41;37mF[0m[41;37mF[0m[41;37mF[0m[41;37mF[0m.[41;37mF[0m[41;37mF[0m                                                             7 / 7 (100%)

Time: 00:00.107, Memory: 36.50 MB

There were 6 failures:

1) P\Tests\Feature\Visibility\VisibleToTest::__pest_evaluable_it_never_inherits_a_tenant_wide_assignment_into_isolated_contexts
Failed asserting that two arrays are identical.
--- Expected
+++ Actual
@@ @@
 Array &0 [
-    0 => 2,
+    0 => 1,
+    1 => 2,
+    2 => 3,
+    3 => 4,
 ]

/tmp/azguard-p414-probes-08l9mnn_/tests/Feature/Visibility/VisibleToTest.php:54

2) P\Tests\Feature\Visibility\VisibleToTest::__pest_evaluable_it_preserves_literal_scalar_parity_for_disjoint_scoped_witnesses_and_an_unassigned_resource
Failed asserting that two arrays are identical.
--- Expected
+++ Actual
@@ @@
 Array &0 [
     0 => 101,
     1 => 102,
+    2 => 103,
+    3 => 104,
 ]

/tmp/azguard-p414-probes-08l9mnn_/tests/Feature/Visibility/VisibleToTest.php:43

3) P\Tests\Feature\Visibility\VisibleToTest::__pest_evaluable_it_applies_native_common_and_role_filters_as_separate_AND_groups_per_concrete_runtime
Failed asserting that two arrays are identical.
--- Expected
+++ Actual
@@ @@
 Array &0 [
     0 => 1,
+    1 => 2,
+    2 => 3,
+    3 => 4,
 ]

/tmp/azguard-p414-probes-08l9mnn_/tests/Feature/Visibility/VisibleToTest.php:72

4) P\Tests\Feature\Visibility\VisibleToTest::__pest_evaluable_it_applies_one_grouped_final_constraint_before_count_and_pagination_while_preserving_host_filters
Failed asserting that 3 is identical to 2.

/tmp/azguard-p414-probes-08l9mnn_/tests/Feature/Visibility/VisibleToTest.php:28

5) P\Tests\Feature\Visibility\VisibleToTest::__pest_evaluable_it_uses_one_fixed_now_and_preserves_conditions_on_individual_witnesses
Failed asserting that two arrays are identical.
--- Expected
+++ Actual
@@ @@
 Array &0 [
     0 => 1,
+    1 => 2,
+    2 => 3,
+    3 => 4,
 ]

/tmp/azguard-p414-probes-08l9mnn_/tests/Feature/Visibility/VisibleToTest.php:60

6) P\Tests\Feature\Visibility\VisibleToTest::__pest_evaluable_it_keeps_the_authoritative_tenant_owner_for_tenant_wide_grants_and_relation_resources
Failed asserting that two arrays are identical.
--- Expected
+++ Actual
@@ @@
     0 => 101,
     1 => 102,
     2 => 103,
+    3 => 104,
 ]

/tmp/azguard-p414-probes-08l9mnn_/tests/Feature/Visibility/VisibleToTest.php:49

[37;41mFAILURES![0m
[37;41mTests: 7[0m[37;41m, Assertions: 12[0m[37;41m, Failures: 6[0m[37;41m.[0m
{"tool":"pest","result":"failed","tests":7,"passed":1,"assertions":12,"duration_ms":107,"failed":6,"failures":[{"test":"P\\Tests\\Feature\\Visibility\\VisibleToTest::__pest_evaluable_it_never_inherits_a_tenant_wide_assignment_into_isolated_contexts","file":"/tmp/azguard-p414-probes-08l9mnn_/tests/Feature/Visibility/VisibleToTest.php","line":54,"message":"Failed asserting that two arrays are identical.\n--- Expected\n+++ Actual\n@@ @@\n Array &0 [\n-    0 => 2,\n+    0 => 1,\n+    1 => 2,\n+    2 => 3,\n+    3 => 4,\n ]"},{"test":"P\\Tests\\Feature\\Visibility\\VisibleToTest::__pest_evaluable_it_preserves_literal_scalar_parity_for_disjoint_scoped_witnesses_and_an_unassigned_resource","file":"/tmp/azguard-p414-probes-08l9mnn_/tests/Feature/Visibility/VisibleToTest.php","line":43,"message":"Failed asserting that two arrays are identical.\n--- Expected\n+++ Actual\n@@ @@\n Array &0 [\n     0 => 101,\n     1 => 102,\n+    2 => 103,\n+    3 => 104,\n ]"},{"test":"P\\Tests\\Feature\\Visibility\\VisibleToTest::__pest_evaluable_it_applies_native_common_and_role_filters_as_separate_AND_groups_per_concrete_runtime","file":"/tmp/azguard-p414-probes-08l9mnn_/tests/Feature/Visibility/VisibleToTest.php","line":72,"message":"Failed asserting that two arrays are identical.\n--- Expected\n+++ Actual\n@@ @@\n Array &0 [\n     0 => 1,\n+    1 => 2,\n+    2 => 3,\n+    3 => 4,\n ]"},{"test":"P\\Tests\\Feature\\Visibility\\VisibleToTest::__pest_evaluable_it_applies_one_grouped_final_constraint_before_count_and_pagination_while_preserving_host_filters","file":"/tmp/azguard-p414-probes-08l9mnn_/tests/Feature/Visibility/VisibleToTest.php","line":28,"message":"Failed asserting that 3 is identical to 2."},{"test":"P\\Tests\\Feature\\Visibility\\VisibleToTest::__pest_evaluable_it_uses_one_fixed_now_and_preserves_conditions_on_individual_witnesses","file":"/tmp/azguard-p414-probes-08l9mnn_/tests/Feature/Visibility/VisibleToTest.php","line":60,"message":"Failed asserting that two arrays are identical.\n--- Expected\n+++ Actual\n@@ @@\n Array &0 [\n     0 => 1,\n+    1 => 2,\n+    2 => 3,\n+    3 => 4,\n ]"},{"test":"P\\Tests\\Feature\\Visibility\\VisibleToTest::__pest_evaluable_it_keeps_the_authoritative_tenant_owner_for_tenant_wide_grants_and_relation_resources","file":"/tmp/azguard-p414-probes-08l9mnn_/tests/Feature/Visibility/VisibleToTest.php","line":49,"message":"Failed asserting that two arrays are identical.\n--- Expected\n+++ Actual\n@@ @@\n     0 => 101,\n     1 => 102,\n     2 => 103,\n+    3 => 104,\n ]"}]}
