$ php -d memory_limit=1G vendor/bin/pest tests/Regression

  [30;42;1m PASS [39;49;22m[39m Tests\Regression\RegressionSpecsTest[39m
  [32;1m✓[39;22m[90m [39m[90mit references scenario ids that exist in the verification matrix fo[39m[90m…[39m [90m0.04s[39m  
  [32;1m✓[39;22m[90m [39m[90mit references scenario ids that exist in the verification matrix for probe with ('P06b')[39m
  [32;1m✓[39;22m[90m [39m[90mit references scenario ids that exist in the verification matrix for probe with ('P13')[39m
  [32;1m✓[39;22m[90m [39m[90mit references scenario ids that exist in the verification matrix for probe with ('P05')[39m
  [32;1m✓[39;22m[90m [39m[90mit references scenario ids that exist in the verification matrix for probe with ('P07')[39m
  [32;1m✓[39;22m[90m [39m[90mit references scenario ids that exist in the verification matrix for probe with ('P01c')[39m
  [32;1m✓[39;22m[90m [39m[90mit references scenario ids that exist in the verification matrix for probe with ('P04c')[39m
  [32;1m✓[39;22m[90m [39m[90mit references scenario ids that exist in the verification matrix for probe with ('P10b')[39m
  [32;1m✓[39;22m[90m [39m[90mit references scenario ids that exist in the verification matrix for probe with ('P03')[39m
  [32;1m✓[39;22m[90m [39m[90mit references scenario ids that exist in the verification matrix for probe with ('P01b')[39m
  [32;1m✓[39;22m[90m [39m[90mit references scenario ids that exist in the verification matrix for probe with ('P08')[39m
  [32;1m✓[39;22m[90m [39m[90mit references scenario ids that exist in the verification matrix for probe with ('P11')[39m
  [32;1m✓[39;22m[90m [39m[90mit references scenario ids that exist in the verification matrix for probe with ('P04a')[39m
  [32;1m✓[39;22m[90m [39m[90mit references scenario ids that exist in the verification matrix for probe with ('P10')[39m
  [32;1m✓[39;22m[90m [39m[90mit references scenario ids that exist in the verification matrix for probe with ('P02')[39m
  [32;1m✓[39;22m[90m [39m[90mit references scenario ids that exist in the verification matrix for probe with ('P09')[39m
  [32;1m✓[39;22m[90m [39m[90mit references scenario ids that exist in the verification matrix for probe with ('P04b')[39m
  [32;1m✓[39;22m[90m [39m[90mit references scenario ids that exist in the verification matrix for probe with ('P01a')[39m
  [32;1m✓[39;22m[90m [39m[90mit references scenario ids that exist in the verification matrix for probe with ('P06')[39m
  [32;1m✓[39;22m[90m [39m[90mit points the defect description at an existing 0.3 probe test for probe with ('P06b')[39m
  [32;1m✓[39;22m[90m [39m[90mit points the defect description at an existing 0.3 probe test for probe with ('P10')[39m
  [32;1m✓[39;22m[90m [39m[90mit points the defect description at an existing 0.3 probe test for probe with ('P14')[39m
  [32;1m✓[39;22m[90m [39m[90mit points the defect description at an existing 0.3 probe test for probe with ('P01b')[39m
  [32;1m✓[39;22m[90m [39m[90mit points the defect description at an existing 0.3 probe test for probe with ('P04b')[39m
  [32;1m✓[39;22m[90m [39m[90mit points the defect description at an existing 0.3 probe test for probe with ('P04a')[39m
  [32;1m✓[39;22m[90m [39m[90mit points the defect description at an existing 0.3 probe test for probe with ('P11')[39m
  [32;1m✓[39;22m[90m [39m[90mit points the defect description at an existing 0.3 probe test for probe with ('P08')[39m
  [32;1m✓[39;22m[90m [39m[90mit points the defect description at an existing 0.3 probe test for probe with ('P04c')[39m
  [32;1m✓[39;22m[90m [39m[90mit points the defect description at an existing 0.3 probe test for probe with ('P13')[39m
  [32;1m✓[39;22m[90m [39m[90mit points the defect description at an existing 0.3 probe test for probe with ('P01a')[39m
  [32;1m✓[39;22m[90m [39m[90mit points the defect description at an existing 0.3 probe test for probe with ('P06')[39m
  [32;1m✓[39;22m[90m [39m[90mit points the defect description at an existing 0.3 probe test for probe with ('P01c')[39m
  [32;1m✓[39;22m[90m [39m[90mit points the defect description at an existing 0.3 probe test for probe with ('P03')[39m
  [32;1m✓[39;22m[90m [39m[90mit points the defect description at an existing 0.3 probe test for probe with ('P02')[39m
  [32;1m✓[39;22m[90m [39m[90mit points the defect description at an existing 0.3 probe test for probe with ('P07')[39m
  [32;1m✓[39;22m[90m [39m[90mit points the defect description at an existing 0.3 probe test for probe with ('P05')[39m
  [32;1m✓[39;22m[90m [39m[90mit points the defect description at an existing 0.3 probe test for probe with ('P09')[39m
  [32;1m✓[39;22m[90m [39m[90mit points the defect description at an existing 0.3 probe test for probe with ('P10b')[39m
  [32;1m✓[39;22m[90m [39m[90mit documents the format and the closing rule in the README[39m
  [32;1m✓[39;22m[90m [39m[90mit keeps every required field filled and consistent for probe with ('P08', 'PLAN2.P4.4')[39m
  [32;1m✓[39;22m[90m [39m[90mit keeps every required field filled and consistent for probe with ('P07', 'PLAN2.P1.1')[39m
  [32;1m✓[39;22m[90m [39m[90mit keeps every required field filled and consistent for probe with ('P05', 'PLAN2.P2.2')[39m
  [32;1m✓[39;22m[90m [39m[90mit keeps every required field filled and consistent for probe with ('P02', 'PLAN2.P4.2')[39m
  [32;1m✓[39;22m[90m [39m[90mit keeps every required field filled and consistent for probe with ('P09', 'PLAN2.P2.2')[39m
  [32;1m✓[39;22m[90m [39m[90mit keeps every required field filled and consistent for probe with ('P04a', 'PLAN2.P4.12')[39m
  [32;1m✓[39;22m[90m [39m[90mit keeps every required field filled and consistent for probe with ('P06b', 'PLAN2.P4.6')[39m
  [32;1m✓[39;22m[90m [39m[90mit keeps every required field filled and consistent for probe with ('P01b', 'PLAN2.P4.7')[39m
  [32;1m✓[39;22m[90m [39m[90mit keeps every required field filled and consistent for probe with ('P03', 'PLAN2.P4.3')[39m
  [32;1m✓[39;22m[90m [39m[90mit keeps every required field filled and consistent for probe with ('P10', 'PLAN2.P4.8')[39m
  [32;1m✓[39;22m[90m [39m[90mit keeps every required field filled and consistent for probe with ('P04c', 'PLAN2.P4.12')[39m
  [32;1m✓[39;22m[90m [39m[90mit keeps every required field filled and consistent for probe with ('P10b', 'PLAN2.P4.8')[39m
  [32;1m✓[39;22m[90m [39m[90mit keeps every required field filled and consistent for probe with ('P06', 'PLAN2.P4.6')[39m
  [32;1m✓[39;22m[90m [39m[90mit keeps every required field filled and consistent for probe with ('P11', 'PLAN2.P5.4')[39m
  [32;1m✓[39;22m[90m [39m[90mit keeps every required field filled and consistent for probe with ('P14', 'PLAN2.P1.2')[39m
  [32;1m✓[39;22m[90m [39m[90mit keeps every required field filled and consistent for probe with ('P01a', 'PLAN2.P4.7')[39m
  [32;1m✓[39;22m[90m [39m[90mit keeps every required field filled and consistent for probe with ('P04b', 'PLAN2.P4.12')[39m
  [32;1m✓[39;22m[90m [39m[90mit keeps every required field filled and consistent for probe with ('P01c', 'PLAN2.P2.2')[39m
  [32;1m✓[39;22m[90m [39m[90mit keeps every required field filled and consistent for probe with ('P13', 'PLAN2.P5.2')[39m
  [32;1m✓[39;22m[90m [39m[90mit has a spec file for exactly the 19 probes[39m
  [32;1m✓[39;22m[90m [39m[90mit accepts only pending or an existing covering test as status for probe with ('P10b')[39m
  [32;1m✓[39;22m[90m [39m[90mit accepts only pending or an existing covering test as status for probe with ('P01b')[39m
  [32;1m✓[39;22m[90m [39m[90mit accepts only pending or an existing covering test as status for probe with ('P09')[39m
  [32;1m✓[39;22m[90m [39m[90mit accepts only pending or an existing covering test as status for probe with ('P04c')[39m
  [32;1m✓[39;22m[90m [39m[90mit accepts only pending or an existing covering test as status for probe with ('P01a')[39m
  [32;1m✓[39;22m[90m [39m[90mit accepts only pending or an existing covering test as status for probe with ('P01c')[39m
  [32;1m✓[39;22m[90m [39m[90mit accepts only pending or an existing covering test as status for probe with ('P04a')[39m
  [32;1m✓[39;22m[90m [39m[90mit accepts only pending or an existing covering test as status for probe with ('P13')[39m
  [32;1m✓[39;22m[90m [39m[90mit accepts only pending or an existing covering test as status for probe with ('P07')[39m
  [32;1m✓[39;22m[90m [39m[90mit accepts only pending or an existing covering test as status for probe with ('P11')[39m
  [32;1m✓[39;22m[90m [39m[90mit accepts only pending or an existing covering test as status for probe with ('P02')[39m
  [32;1m✓[39;22m[90m [39m[90mit accepts only pending or an existing covering test as status for probe with ('P10')[39m
  [32;1m✓[39;22m[90m [39m[90mit accepts only pending or an existing covering test as status for probe with ('P06b')[39m
  [32;1m✓[39;22m[90m [39m[90mit accepts only pending or an existing covering test as status for probe with ('P04b')[39m
  [32;1m✓[39;22m[90m [39m[90mit accepts only pending or an existing covering test as status for probe with ('P06')[39m
  [32;1m✓[39;22m[90m [39m[90mit accepts only pending or an existing covering test as status for probe with ('P05')[39m
  [32;1m✓[39;22m[90m [39m[90mit accepts only pending or an existing covering test as status for probe with ('P03')[39m
  [32;1m✓[39;22m[90m [39m[90mit accepts only pending or an existing covering test as status for probe with ('P08')[39m
  [32;1m✓[39;22m[90m [39m[90mit accepts only pending or an existing covering test as status for probe with ('P14')[39m

  [30;42;1m PASS [39;49;22m[39m Tests\Regression\LegacyIsolationTest[39m
  [32;1m✓[39;22m[90m [39m[90mit keeps the frozen 0.3 tree out of every composer autoload map[39m[90m     [39m [90m0.02s[39m  

  [30;42;1m PASS [39;49;22m[39m Tests\Regression\P02Test[39m
  [32;1m✓[39;22m[90m [39m[90mit P02 preserves grants after a role class rename and denies remove[39m[90m…[39m [90m0.02s[39m  

  [30;42;1m PASS [39;49;22m[39m Tests\Regression\P01cTest[39m
  [32;1m✓[39;22m[90m [39m[90mit resolves a key of the admin panel to admin and never to the default panel with ('admin.users.delete')[39m
  [32;1m✓[39;22m[90m [39m[90mit resolves a key of the admin panel to admin and never to the default panel with ('admin:users.delete')[39m

  [30;42;1m PASS [39;49;22m[39m Tests\Regression\P05Test[39m
  [32;1m✓[39;22m[90m [39m[90mit throws for an unqualified key without a panel and resolves it with an explicit panel[39m

  [30;42;1m PASS [39;49;22m[39m Tests\Regression\P14Test[39m
  [32;1m✓[39;22m[90m [39m[90mit rejects bare wildcards as a permission key and as a grant pattern with ('*')[39m
  [32;1m✓[39;22m[90m [39m[90mit rejects bare wildcards as a permission key and as a grant pattern with ('**')[39m

  [30;42;1m PASS [39;49;22m[39m Tests\Regression\P07Test[39m
  [32;1m✓[39;22m[90m [39m[90mit keeps an assignment scope key unambiguous and composite cache keys apart[39m

  [30;42;1m PASS [39;49;22m[39m Tests\Regression\P09Test[39m
  [32;1m✓[39;22m[90m [39m[90mit picks the panel of a full name without a current panel and throws for a local name[39m

  [90mTests:[39m    [32;1m87 passed[39;22m[90m (628 assertions)[39m
  [90mDuration:[39m [39m0.36s[39m
  [90mRandom Order Seed:[39m [39m1791194691[39m

