$ php -d memory_limit=1G vendor/bin/pest --type-coverage --min=98

  /home/vostrikov/projects/packages/azguard/packages/core/src/Authori… [90m..[39m [32m100%[39m  
  /home/vostrikov/projects/packages/azguard/packages/core/src/Authori… [90m..[39m [32m100%[39m  
  /home/vostrikov/projects/packages/azguard/packages/core/src/Authori… [90m..[39m [32m100%[39m  
  /home/vostrikov/projects/packages/azguard/packages/core/src/Authori… [90m..[39m [32m100%[39m  
  /home/vostrikov/projects/packages/azguard/packages/core/src/Authori… [90m..[39m [32m100%[39m  
  /home/vostrikov/projects/packages/azguard/packages/core/src/Authori… [90m..[39m [32m100%[39m  
  /home/vostrikov/projects/packages/azguard/packages/core/src/Authori… [90m..[39m [32m100%[39m  
  /home/vostrikov/projects/packages/azguard/packages/core/src/Authori… [90m..[39m [32m100%[39m  
  /home/vostrikov/projects/packages/azguard/packages/core/src/Authori… [90m..[39m [32m100%[39m  
  /home/vostrikov/projects/packages/azguard/packages/core/src/Authori… [90m..[39m [32m100%[39m  
  /home/vostrikov/projects/packages/azguard/packages/core/src/Authori… [90m..[39m [32m100%[39m  
  /home/vostrikov/projects/packages/azguard/packages/core/src/Authori… [90m..[39m [32m100%[39m  
  /home/vostrikov/projects/packages/azguard/packages/core/src/Authori… [90m..[39m [32m100%[39m  
  /home/vostrikov/projects/packages/azguard/packages/core/src/Configu… [90m..[39m [32m100%[39m  
  /home/vostrikov/projects/packages/azguard/packages/core/src/Laravel… [90m..[39m [32m100%[39m  
  /home/vostrikov/projects/packages/azguard/packages/core/src/Laravel… [90m..[39m [32m100%[39m  
  /home/vostrikov/projects/packages/azguard/packages/core/src/Laravel… [90m..[39m [32m100%[39m  
  /home/vostrikov/projects/packages/azguard/packages/core/src/Plugins… [90m..[39m [32m100%[39m  
  /home/vostrikov/projects/packages/azguard/packages/core/src/Plugins… [90m..[39m [32m100%[39m  
  /home/vostrikov/projects/packages/azguard/packages/core/src/Permiss… [90m..[39m [32m100%[39m  
  /home/vostrikov/projects/packages/azguard/packages/core/src/Permiss… [90m..[39m [32m100%[39m  
  /home/vostrikov/projects/packages/azguard/packages/core/src/Permiss… [90m..[39m [32m100%[39m  
  /home/vostrikov/projects/packages/azguard/packages/core/src/Permiss… [90m..[39m [32m100%[39m  
  /home/vostrikov/projects/packages/azguard/packages/core/src/Permiss… [90m..[39m [32m100%[39m  
  /home/vostrikov/projects/packages/azguard/packages/core/src/Attribu… [90m..[39m [32m100%[39m  
  /home/vostrikov/projects/packages/azguard/packages/core/src/Storage… [90m..[39m [32m100%[39m  
  /home/vostrikov/projects/packages/azguard/packages/core/src/Storage… [90m..[39m [32m100%[39m  
  /home/vostrikov/projects/packages/azguard/packages/core/src/Storage… [90m..[39m [32m100%[39m  
  /home/vostrikov/projects/packages/azguard/packages/core/src/Storage… [90m..[39m [32m100%[39m  
  /home/vostrikov/projects/packages/azguard/packages/core/src/Storage… [90m..[39m [32m100%[39m  
  /home/vostrikov/projects/packages/azguard/packages/core/src/Storage… [90m..[39m [32m100%[39m  
  /home/vostrikov/projects/packages/azguard/packages/core/src/Storage… [90m..[39m [32m100%[39m  
  /home/vostrikov/projects/packages/azguard/packages/core/src/Storage… [90m..[39m [32m100%[39m  
  /home/vostrikov/projects/packages/azguard/packages/core/src/Storage… [90m..[39m [32m100%[39m  
  /home/vostrikov/projects/packages/azguard/packages/core/src/Storage… [90m..[39m [32m100%[39m  
  /home/vostrikov/projects/packages/azguard/packages/core/src/Storage… [90m..[39m [32m100%[39m  
  /home/vostrikov/projects/packages/azguard/packages/core/src/Storage… [90m..[39m [32m100%[39m  
  /home/vostrikov/projects/packages/azguard/packages/core/src/Catalog… [90m..[39m [32m100%[39m  
  /home/vostrikov/projects/packages/azguard/packages/core/src/Catalog… [90m..[39m [32m100%[39m  
  /home/vostrikov/projects/packages/azguard/packages/core/src/Catalog… [90m..[39m [32m100%[39m  
  /home/vostrikov/projects/packages/azguard/packages/core/src/Catalog… [90m..[39m [32m100%[39m  
  /home/vostrikov/projects/packages/azguard/packages/core/src/Sources… [90m..[39m [32m100%[39m  
  /home/vostrikov/projects/packages/azguard/packages/core/src/Sources… [90m..[39m [32m100%[39m  
  /home/vostrikov/projects/packages/azguard/packages/core/src/Sources… [90m..[39m [32m100%[39m  
  /home/vostrikov/projects/packages/azguard/packages/core/src/Sources… [90m..[39m [32m100%[39m  
  /home/vostrikov/projects/packages/azguard/packages/core/src/Sources… [90m..[39m [32m100%[39m  
  /home/vostrikov/projects/packages/azguard/packages/core/src/Sources… [90m..[39m [32m100%[39m  
  packages/core/src/Sources/Relation/RelationScopeQuery.php [90m.............[39m [32m100%[39m  
  /home/vostrikov/projects/packages/azguard/packages/core/src/Sources… [90m..[39m [32m100%[39m  
  packages/core/src/Sources/Relation/RelationSource.php [90m.................[39m [32m100%[39m  
  /home/vostrikov/projects/packages/azguard/packages/core/src/Sources…  [33mpa465 75%[39m  
  /home/vostrikov/projects/packages/azguard/packages/core/src/Sources…  [33mrt40 75%[39m  
  /home/vostrikov/projects/packages/azguard/packages/core/src/Sources… [90m..[39m [32m100%[39m  
  /home/vostrikov/projects/packages/azguard/packages/core/src/AzGuard… [90m..[39m [32m100%[39m  
  /home/vostrikov/projects/packages/azguard/packages/core/src/AzGuard… [90m..[39m [32m100%[39m  
  /home/vostrikov/projects/packages/azguard/packages/core/src/Excepti… [90m..[39m [32m100%[39m  
  /home/vostrikov/projects/packages/azguard/packages/core/src/Excepti… [90m..[39m [32m100%[39m  
  /home/vostrikov/projects/packages/azguard/packages/core/src/Excepti… [90m..[39m [32m100%[39m  
  /home/vostrikov/projects/packages/azguard/packages/core/src/Excepti… [90m..[39m [32m100%[39m  
  /home/vostrikov/projects/packages/azguard/packages/core/src/Excepti… [90m..[39m [32m100%[39m  
  /home/vostrikov/projects/packages/azguard/packages/core/src/Excepti… [90m..[39m [32m100%[39m  
  /home/vostrikov/projects/packages/azguard/packages/core/src/Excepti… [90m..[39m [32m100%[39m  
  /home/vostrikov/projects/packages/azguard/packages/core/src/Excepti… [90m..[39m [32m100%[39m  
  /home/vostrikov/projects/packages/azguard/packages/core/src/Excepti… [90m..[39m [32m100%[39m  
  /home/vostrikov/projects/packages/azguard/packages/core/src/Excepti… [90m..[39m [32m100%[39m  
  /home/vostrikov/projects/packages/azguard/packages/core/src/Excepti… [90m..[39m [32m100%[39m  
  /home/vostrikov/projects/packages/azguard/packages/core/src/Excepti… [90m..[39m [32m100%[39m  
  /home/vostrikov/projects/packages/azguard/packages/core/src/Excepti… [90m..[39m [32m100%[39m  
  /home/vostrikov/projects/packages/azguard/packages/core/src/Excepti… [90m..[39m [32m100%[39m  
  /home/vostrikov/projects/packages/azguard/packages/core/src/Excepti… [90m..[39m [32m100%[39m  
  /home/vostrikov/projects/packages/azguard/packages/core/src/Excepti… [90m..[39m [32m100%[39m  
  /home/vostrikov/projects/packages/azguard/packages/core/src/Excepti… [90m..[39m [32m100%[39m  
  /home/vostrikov/projects/packages/azguard/packages/core/src/Excepti… [90m..[39m [32m100%[39m  
  /home/vostrikov/projects/packages/azguard/packages/core/src/Excepti… [90m..[39m [32m100%[39m  
  /home/vostrikov/projects/packages/azguard/packages/core/src/Excepti… [90m..[39m [32m100%[39m  
  /home/vostrikov/projects/packages/azguard/packages/core/src/Excepti… [90m..[39m [32m100%[39m  
  /home/vostrikov/projects/packages/azguard/packages/core/src/Excepti… [90m..[39m [32m100%[39m  
  /home/vostrikov/projects/packages/azguard/packages/core/src/Excepti… [90m..[39m [32m100%[39m  
  /home/vostrikov/projects/packages/azguard/packages/core/src/Excepti… [90m..[39m [32m100%[39m  
  /home/vostrikov/projects/packages/azguard/packages/core/src/Excepti… [90m..[39m [32m100%[39m  
  /home/vostrikov/projects/packages/azguard/packages/core/src/Excepti… [90m..[39m [32m100%[39m  
  /home/vostrikov/projects/packages/azguard/packages/core/src/Excepti… [90m..[39m [32m100%[39m  
  /home/vostrikov/projects/packages/azguard/packages/core/src/Excepti… [90m..[39m [32m100%[39m  
  /home/vostrikov/projects/packages/azguard/packages/core/src/Excepti… [90m..[39m [32m100%[39m  
  /home/vostrikov/projects/packages/azguard/packages/core/src/Excepti… [90m..[39m [32m100%[39m  
  /home/vostrikov/projects/packages/azguard/packages/core/src/Excepti… [90m..[39m [32m100%[39m  
  /home/vostrikov/projects/packages/azguard/packages/core/src/Excepti… [90m..[39m [32m100%[39m  
  /home/vostrikov/projects/packages/azguard/packages/core/src/Excepti… [90m..[39m [32m100%[39m  
  /home/vostrikov/projects/packages/azguard/packages/core/src/Excepti… [90m..[39m [32m100%[39m  
  /home/vostrikov/projects/packages/azguard/packages/core/src/Excepti… [90m..[39m [32m100%[39m  
  /home/vostrikov/projects/packages/azguard/packages/core/src/Excepti… [90m..[39m [32m100%[39m  
  /home/vostrikov/projects/packages/azguard/packages/core/src/Excepti… [90m..[39m [32m100%[39m  
  /home/vostrikov/projects/packages/azguard/packages/core/src/Policie… [90m..[39m [32m100%[39m  
  /home/vostrikov/projects/packages/azguard/packages/core/src/Policie… [90m..[39m [32m100%[39m  
  /home/vostrikov/projects/packages/azguard/packages/core/src/Policie… [90m..[39m [32m100%[39m  
  /home/vostrikov/projects/packages/azguard/packages/core/src/Policie… [90m..[39m [32m100%[39m  
  /home/vostrikov/projects/packages/azguard/packages/core/src/Policie… [90m..[39m [32m100%[39m  
  /home/vostrikov/projects/packages/azguard/packages/core/src/Policie… [90m..[39m [32m100%[39m  
  /home/vostrikov/projects/packages/azguard/packages/core/src/Scopes/… [90m..[39m [32m100%[39m  
  /home/vostrikov/projects/packages/azguard/packages/core/src/Scopes/… [90m..[39m [32m100%[39m  
  /home/vostrikov/projects/packages/azguard/packages/core/src/Scopes/… [90m..[39m [32m100%[39m  
  /home/vostrikov/projects/packages/azguard/packages/core/src/Scopes/… [90m..[39m [32m100%[39m  
  /home/vostrikov/projects/packages/azguard/packages/core/src/Schema/… [90m..[39m [32m100%[39m  
  /home/vostrikov/projects/packages/azguard/packages/core/src/Schema/… [90m..[39m [32m100%[39m  
  /home/vostrikov/projects/packages/azguard/packages/core/src/Panels/… [90m..[39m [32m100%[39m  
  /home/vostrikov/projects/packages/azguard/packages/core/src/Panels/… [90m..[39m [32m100%[39m  
  /home/vostrikov/projects/packages/azguard/packages/core/src/Panels/… [90m..[39m [32m100%[39m  
  /home/vostrikov/projects/packages/azguard/packages/core/src/Panels/… [90m..[39m [32m100%[39m  
  /home/vostrikov/projects/packages/azguard/packages/core/src/Panels/… [90m..[39m [32m100%[39m  
  /home/vostrikov/projects/packages/azguard/packages/core/src/Panels/… [90m..[39m [32m100%[39m  
  /home/vostrikov/projects/packages/azguard/packages/core/src/Panels/… [90m..[39m [32m100%[39m  
  /home/vostrikov/projects/packages/azguard/packages/core/src/Panels/… [90m..[39m [32m100%[39m  
  /home/vostrikov/projects/packages/azguard/packages/core/src/Panels/… [90m..[39m [32m100%[39m  
  /home/vostrikov/projects/packages/azguard/packages/core/src/Panels/… [90m..[39m [32m100%[39m  
  /home/vostrikov/projects/packages/azguard/packages/core/src/Panels/… [90m..[39m [32m100%[39m  
  /home/vostrikov/projects/packages/azguard/packages/core/src/Panels/… [90m..[39m [32m100%[39m  
  /home/vostrikov/projects/packages/azguard/packages/core/src/Panels/… [90m..[39m [32m100%[39m  
  /home/vostrikov/projects/packages/azguard/packages/core/src/Kernel/… [90m..[39m [32m100%[39m  
  /home/vostrikov/projects/packages/azguard/packages/core/src/Kernel/… [90m..[39m [32m100%[39m  
  /home/vostrikov/projects/packages/azguard/packages/core/src/Kernel/… [90m..[39m [32m100%[39m  
  /home/vostrikov/projects/packages/azguard/packages/core/src/Kernel/… [90m..[39m [32m100%[39m  
  /home/vostrikov/projects/packages/azguard/packages/core/src/Kernel/… [90m..[39m [32m100%[39m  
  /home/vostrikov/projects/packages/azguard/packages/core/src/Kernel/… [90m..[39m [32m100%[39m  
  /home/vostrikov/projects/packages/azguard/packages/core/src/Kernel/… [90m..[39m [32m100%[39m  
  /home/vostrikov/projects/packages/azguard/packages/core/src/Kernel/… [90m..[39m [32m100%[39m  
  /home/vostrikov/projects/packages/azguard/packages/core/src/Kernel/… [90m..[39m [32m100%[39m  
  /home/vostrikov/projects/packages/azguard/packages/core/src/Kernel/… [90m..[39m [32m100%[39m  
  /home/vostrikov/projects/packages/azguard/packages/core/src/Kernel/… [90m..[39m [32m100%[39m  
  packages/core/src/Kernel/Decision/Grant.php [90m...........................[39m [32m100%[39m  
  /home/vostrikov/projects/packages/azguard/packages/core/src/Kernel/… [90m..[39m [32m100%[39m  
  /home/vostrikov/projects/packages/azguard/packages/core/src/Kernel/… [90m..[39m [32m100%[39m  
  /home/vostrikov/projects/packages/azguard/packages/core/src/Kernel/… [90m..[39m [32m100%[39m  
  /home/vostrikov/projects/packages/azguard/packages/core/src/Kernel/… [90m..[39m [32m100%[39m  
  /home/vostrikov/projects/packages/azguard/packages/core/src/Kernel/… [90m..[39m [32m100%[39m  
  /home/vostrikov/projects/packages/azguard/packages/core/src/Kernel/… [90m..[39m [32m100%[39m  
  /home/vostrikov/projects/packages/azguard/packages/core/src/Kernel/… [90m..[39m [32m100%[39m  
  /home/vostrikov/projects/packages/azguard/packages/core/src/Kernel/… [90m..[39m [32m100%[39m  
  /home/vostrikov/projects/packages/azguard/packages/core/src/Kernel/… [90m..[39m [32m100%[39m  
  /home/vostrikov/projects/packages/azguard/packages/core/src/Kernel/… [90m..[39m [32m100%[39m  
  /home/vostrikov/projects/packages/azguard/packages/core/src/Kernel/… [90m..[39m [32m100%[39m  
  /home/vostrikov/projects/packages/azguard/packages/core/src/Kernel/… [90m..[39m [32m100%[39m  
  /home/vostrikov/projects/packages/azguard/packages/core/src/Directo… [90m..[39m [32m100%[39m  
  /home/vostrikov/projects/packages/azguard/packages/core/src/Directo… [90m..[39m [32m100%[39m  
  /home/vostrikov/projects/packages/azguard/packages/core/src/Directo… [90m..[39m [32m100%[39m  
  /home/vostrikov/projects/packages/azguard/packages/core/src/Directo… [90m..[39m [32m100%[39m  
  /home/vostrikov/projects/packages/azguard/packages/core/src/Roles/B… [90m..[39m [32m100%[39m  
  /home/vostrikov/projects/packages/azguard/packages/core/src/Roles/A… [90m..[39m [32m100%[39m  
  /home/vostrikov/projects/packages/azguard/packages/core/src/Roles/A… [90m..[39m [32m100%[39m  
  /home/vostrikov/projects/packages/azguard/packages/core/src/Roles/A… [90m..[39m [32m100%[39m  
  /home/vostrikov/projects/packages/azguard/packages/core/src/Roles/A… [90m..[39m [32m100%[39m  
  /home/vostrikov/projects/packages/azguard/packages/core/src/Roles/S… [90m..[39m [32m100%[39m  
  /home/vostrikov/projects/packages/azguard/packages/core/src/Roles/G… [90m..[39m [32m100%[39m  
  /home/vostrikov/projects/packages/azguard/packages/core/src/Facades… [90m..[39m [32m100%[39m  
  /home/vostrikov/projects/packages/azguard/packages/core/src/Contrac… [90m..[39m [32m100%[39m  
  /home/vostrikov/projects/packages/azguard/packages/core/src/Contrac… [90m..[39m [32m100%[39m  
  /home/vostrikov/projects/packages/azguard/packages/core/src/Contrac… [90m..[39m [32m100%[39m  
  /home/vostrikov/projects/packages/azguard/packages/core/src/Contrac… [90m..[39m [32m100%[39m  
  /home/vostrikov/projects/packages/azguard/packages/core/src/Contrac… [90m..[39m [32m100%[39m  
  /home/vostrikov/projects/packages/azguard/packages/core/src/Contrac… [90m..[39m [32m100%[39m  
  /home/vostrikov/projects/packages/azguard/packages/core/src/Contrac… [90m..[39m [32m100%[39m  
  /home/vostrikov/projects/packages/azguard/packages/core/src/Contrac… [90m..[39m [32m100%[39m  
  /home/vostrikov/projects/packages/azguard/packages/core/src/Contrac… [90m..[39m [32m100%[39m  
  /home/vostrikov/projects/packages/azguard/packages/core/src/Contrac… [90m..[39m [32m100%[39m  
  /home/vostrikov/projects/packages/azguard/packages/core/src/Contrac… [90m..[39m [32m100%[39m  
  /home/vostrikov/projects/packages/azguard/packages/core/src/Contrac… [90m..[39m [32m100%[39m  
  /home/vostrikov/projects/packages/azguard/packages/core/src/Contrac… [90m..[39m [32m100%[39m  
  /home/vostrikov/projects/packages/azguard/packages/core/src/Contrac… [90m..[39m [32m100%[39m  
  /home/vostrikov/projects/packages/azguard/packages/core/src/Contrac… [90m..[39m [32m100%[39m  
  /home/vostrikov/projects/packages/azguard/packages/core/src/Contrac… [90m..[39m [32m100%[39m  
  /home/vostrikov/projects/packages/azguard/packages/core/src/Contrac… [90m..[39m [32m100%[39m  
  /home/vostrikov/projects/packages/azguard/packages/core/src/Contrac… [90m..[39m [32m100%[39m  
  /home/vostrikov/projects/packages/azguard/packages/core/src/Contrac… [90m..[39m [32m100%[39m  
  /home/vostrikov/projects/packages/azguard/packages/core/src/Contrac… [90m..[39m [32m100%[39m  
  /home/vostrikov/projects/packages/azguard/packages/core/src/Contrac… [90m..[39m [32m100%[39m  
  /home/vostrikov/projects/packages/azguard/packages/core/src/Contrac… [90m..[39m [32m100%[39m  
  /home/vostrikov/projects/packages/azguard/packages/core/src/Contrac… [90m..[39m [32m100%[39m  
  /home/vostrikov/projects/packages/azguard/packages/core/src/Contrac… [90m..[39m [32m100%[39m  
  /home/vostrikov/projects/packages/azguard/packages/core/src/Contrac… [90m..[39m [32m100%[39m  
  /home/vostrikov/projects/packages/azguard/packages/core/src/Contrac… [90m..[39m [32m100%[39m  
  /home/vostrikov/projects/packages/azguard/packages/core/src/Contrac… [90m..[39m [32m100%[39m  
  /home/vostrikov/projects/packages/azguard/packages/core/src/Contrac… [90m..[39m [32m100%[39m  
  /home/vostrikov/projects/packages/azguard/packages/core/src/Contrac… [90m..[39m [32m100%[39m  
  /home/vostrikov/projects/packages/azguard/packages/core/src/Contrac… [90m..[39m [32m100%[39m  
  /home/vostrikov/projects/packages/azguard/packages/core/src/Contrac… [90m..[39m [32m100%[39m  
  /home/vostrikov/projects/packages/azguard/packages/core/src/Contrac… [90m..[39m [32m100%[39m  
  /home/vostrikov/projects/packages/azguard/packages/core/src/Contrac… [90m..[39m [32m100%[39m  
  /home/vostrikov/projects/packages/azguard/packages/core/src/Contrac… [90m..[39m [32m100%[39m  
  /home/vostrikov/projects/packages/azguard/packages/core/src/Contrac… [90m..[39m [32m100%[39m  
  /home/vostrikov/projects/packages/azguard/packages/core/src/Contrac… [90m..[39m [32m100%[39m  
  /home/vostrikov/projects/packages/azguard/packages/core/src/Contrac… [90m..[39m [32m100%[39m  
  /home/vostrikov/projects/packages/azguard/packages/filament/src/AzG… [90m..[39m [32m100%[39m  
  packages/core/src/Kernel/Decision/Decision.php [90m........................[39m [32m100%[39m  
  [90m────────────────────────────────────────────────────────────────────────────[39m  
                                                         [90;1m(1.04s)[39;22m[1m Total: 99.7 %[22m  

