test_active_review_outlives_timeout_and_emits_liveness_probes (test_review_grok_acp.GrokACPTests.test_active_review_outlives_timeout_and_emits_liveness_probes) ... ok
test_cancelled_missing_usage_or_terminal_wrong_model_are_incomplete (test_review_grok_acp.GrokACPTests.test_cancelled_missing_usage_or_terminal_wrong_model_are_incomplete) ... ok
test_config_acknowledgement_cannot_replace_native_witness (test_review_grok_acp.GrokACPTests.test_config_acknowledgement_cannot_replace_native_witness) ... ok
test_default_turn_cap_is_absent_and_native_usage_may_exceed_twenty (test_review_grok_acp.GrokACPTests.test_default_turn_cap_is_absent_and_native_usage_may_exceed_twenty) ... ok
test_denied_permission_gets_cancelled_without_execution (test_review_grok_acp.GrokACPTests.test_denied_permission_gets_cancelled_without_execution) ... ok
test_fresh_route_and_complete_usage_accept_accounting_alias (test_review_grok_acp.GrokACPTests.test_fresh_route_and_complete_usage_accept_accounting_alias) ... ok
test_post_prompt_route_change_never_completes (test_review_grok_acp.GrokACPTests.test_post_prompt_route_change_never_completes) ... ok
test_read_only_native_argv (test_review_grok_acp.GrokACPTests.test_read_only_native_argv) ... ok
test_self_review_refused_before_prompt (test_review_grok_acp.GrokACPTests.test_self_review_refused_before_prompt) ... ok
test_small_missing_capacity_and_wrong_route_refuse_before_prompt (test_review_grok_acp.GrokACPTests.test_small_missing_capacity_and_wrong_route_refuse_before_prompt) ... ok
test_stale_native_default_capacity_converges_before_prompt (test_review_grok_acp.GrokACPTests.test_stale_native_default_capacity_converges_before_prompt) ... ok
test_summary_is_session_and_cwd_bound (test_review_grok_acp.GrokACPTests.test_summary_is_session_and_cwd_bound) ... ok
test_timeout_and_provider_error_archive_diagnostics_and_cleanup (test_review_grok_acp.GrokACPTests.test_timeout_and_provider_error_archive_diagnostics_and_cleanup) ... ok
test_timeout_cleanup_kills_group_and_reaps_process (test_review_grok_acp.GrokACPTests.test_timeout_cleanup_kills_group_and_reaps_process) ... ok
test_unrelated_stream_activity_does_not_hide_stalled_reviewer (test_review_grok_acp.GrokACPTests.test_unrelated_stream_activity_does_not_hide_stalled_reviewer) ... ok

----------------------------------------------------------------------
Ran 15 tests in 0.710s

OK
test_authorized_executor_launches_independent_transport_and_reuses_green (test_review_packet.ReviewPacketTests.test_authorized_executor_launches_independent_transport_and_reuses_green) ... ok
test_automatic_review_fix_once_then_second_green_or_stop (test_review_packet.ReviewPacketTests.test_automatic_review_fix_once_then_second_green_or_stop) ... ok
test_cancelled_wrong_model_timeout_and_malformed_output_never_green (test_review_packet.ReviewPacketTests.test_cancelled_wrong_model_timeout_and_malformed_output_never_green) ... ok
test_candidate_changed_during_review_archives_incomplete_output (test_review_packet.ReviewPacketTests.test_candidate_changed_during_review_archives_incomplete_output) ... ok
test_closure_tree_must_contain_exact_reviewed_product_and_inputs (test_review_packet.ReviewPacketTests.test_closure_tree_must_contain_exact_reviewed_product_and_inputs) ... ok
test_committed_predecessor_survives_consumer_edits_but_new_close_stays_live (test_review_packet.ReviewPacketTests.test_committed_predecessor_survives_consumer_edits_but_new_close_stays_live) ... ok
test_context_requirement_verified_without_token_spend_budget_or_retry (test_review_packet.ReviewPacketTests.test_context_requirement_verified_without_token_spend_budget_or_retry) ... ok
test_design_requires_model_and_deferred_risk_requires_owner (test_review_packet.ReviewPacketTests.test_design_requires_model_and_deferred_risk_requires_owner) ... ok
test_evidence_and_new_files_are_digest_bound (test_review_packet.ReviewPacketTests.test_evidence_and_new_files_are_digest_bound) ... ok
test_executor_cannot_launch_review_transport (test_review_packet.ReviewPacketTests.test_executor_cannot_launch_review_transport) ... ok
test_foreign_dirty_and_bookkeeping_do_not_invalidate_review (test_review_packet.ReviewPacketTests.test_foreign_dirty_and_bookkeeping_do_not_invalidate_review) ... ok
test_free_reviewer_selector_context_effort_and_trailing_slash (test_review_packet.ReviewPacketTests.test_free_reviewer_selector_context_effort_and_trailing_slash) ... ok
test_freshness_binds_symlink_text_and_target_bytes (test_review_packet.ReviewPacketTests.test_freshness_binds_symlink_text_and_target_bytes) ... ok
test_freshness_refuses_changed_modes_missing_files_and_directory_inventory (test_review_packet.ReviewPacketTests.test_freshness_refuses_changed_modes_missing_files_and_directory_inventory) ... ok
test_green_verdict_is_reused_without_another_model_call (test_review_packet.ReviewPacketTests.test_green_verdict_is_reused_without_another_model_call) ... ok
test_grok_argv_closes_mcp_write_shell_and_subagent_paths (test_review_packet.ReviewPacketTests.test_grok_argv_closes_mcp_write_shell_and_subagent_paths) ... ok
test_grok_provider_envelope_must_be_complete_and_exact (test_review_packet.ReviewPacketTests.test_grok_provider_envelope_must_be_complete_and_exact) ... ok
test_headless_accounting_alias_requires_native_route_corroboration (test_review_packet.ReviewPacketTests.test_headless_accounting_alias_requires_native_route_corroboration) ... ok
test_historical_proof_uses_frozen_artifacts_after_later_receipt_mutation (test_review_packet.ReviewPacketTests.test_historical_proof_uses_frozen_artifacts_after_later_receipt_mutation) ... ok
test_incomplete_attempts_never_consume_review_round_or_block_repaired_transport (test_review_packet.ReviewPacketTests.test_incomplete_attempts_never_consume_review_round_or_block_repaired_transport) ... ok
test_incomplete_error_is_not_hidden_by_missing_context (test_review_packet.ReviewPacketTests.test_incomplete_error_is_not_hidden_by_missing_context) ... ok
test_initial_packet_has_no_previous_findings_lookup (test_review_packet.ReviewPacketTests.test_initial_packet_has_no_previous_findings_lookup) ... ok
test_journal_lint_accepts_committed_close_after_consumer_product_edits (test_review_packet.ReviewPacketTests.test_journal_lint_accepts_committed_close_after_consumer_product_edits) ... ok
test_journal_lint_invalid_committed_proof_cannot_fall_back_to_live_green (test_review_packet.ReviewPacketTests.test_journal_lint_invalid_committed_proof_cannot_fall_back_to_live_green) ... ok
test_journal_lint_uncommitted_close_still_requires_live_review (test_review_packet.ReviewPacketTests.test_journal_lint_uncommitted_close_still_requires_live_review) ... ok
test_later_commits_cannot_retroactively_supply_missing_closure_proof (test_review_packet.ReviewPacketTests.test_later_commits_cannot_retroactively_supply_missing_closure_proof) ... ok
test_launch_capture_enforces_selected_provider_and_model (test_review_packet.ReviewPacketTests.test_launch_capture_enforces_selected_provider_and_model) ... ok
test_malformed_committed_receipt_manifest_output_route_and_stream_are_refused (test_review_packet.ReviewPacketTests.test_malformed_committed_receipt_manifest_output_route_and_stream_are_refused) ... ok
test_native_capacity_refusal_has_typed_action_and_archived_witness (test_review_packet.ReviewPacketTests.test_native_capacity_refusal_has_typed_action_and_archived_witness) ... ok
test_one_owner_extra_round_is_candidate_bound_and_consumed (test_review_packet.ReviewPacketTests.test_one_owner_extra_round_is_candidate_bound_and_consumed) ... ok
test_original_snapshot_must_still_match_original_candidate_digest (test_review_packet.ReviewPacketTests.test_original_snapshot_must_still_match_original_candidate_digest) ... ok
test_oversized_code_is_referenced_and_required_context_never_clipped (test_review_packet.ReviewPacketTests.test_oversized_code_is_referenced_and_required_context_never_clipped) ... ok
test_path_escape_and_self_invalidating_candidate_are_refused (test_review_packet.ReviewPacketTests.test_path_escape_and_self_invalidating_candidate_are_refused) ... ok
test_pending_close_green_close_and_stale_product (test_review_packet.ReviewPacketTests.test_pending_close_green_close_and_stale_product) ... ok
test_record_captures_actual_route_and_rejects_an_executor (test_review_packet.ReviewPacketTests.test_record_captures_actual_route_and_rejects_an_executor) ... ok
test_review_invocation_requires_one_explicit_selection (test_review_packet.ReviewPacketTests.test_review_invocation_requires_one_explicit_selection) ... ok
test_reviewed_untracked_file_commit_keeps_original_green_and_receipt (test_review_packet.ReviewPacketTests.test_reviewed_untracked_file_commit_keeps_original_green_and_receipt) ... ok
test_same_systemic_class_in_new_file_changes_tactics_and_caps_rounds (test_review_packet.ReviewPacketTests.test_same_systemic_class_in_new_file_changes_tactics_and_caps_rounds) ... ok
test_self_review_and_wrong_model_are_refused (test_review_packet.ReviewPacketTests.test_self_review_and_wrong_model_are_refused) ... ok
test_uncommitted_close_cannot_supply_historical_predecessor (test_review_packet.ReviewPacketTests.test_uncommitted_close_cannot_supply_historical_predecessor) ... ok
test_uncommitted_terminal_run_identity_mutation_is_refused (test_review_packet.ReviewPacketTests.test_uncommitted_terminal_run_identity_mutation_is_refused) ... ok

----------------------------------------------------------------------
Ran 41 tests in 2.239s

OK
