$ php -d memory_limit=1G vendor/bin/pest tests/Regression/RegressionSpecsTest.php

  [39;41;1m FAIL [39;49;22m[39m Tests\Regression\RegressionSpecsTest[39m
  [32;1m✓[39;22m[90m [39m[90mit references scenario ids that exist in the verification matrix fo[39m[90m…[39m [90m0.04s[39m  
  [32;1m✓[39;22m[90m [39m[90mit references scenario ids that exist in the verification matrix for probe with ('P04a')[39m
  [32;1m✓[39;22m[90m [39m[90mit references scenario ids that exist in the verification matrix for probe with ('P04c')[39m
  [32;1m✓[39;22m[90m [39m[90mit references scenario ids that exist in the verification matrix for probe with ('P06b')[39m
  [32;1m✓[39;22m[90m [39m[90mit references scenario ids that exist in the verification matrix for probe with ('P11')[39m
  [32;1m✓[39;22m[90m [39m[90mit references scenario ids that exist in the verification matrix for probe with ('P03')[39m
  [32;1m✓[39;22m[90m [39m[90mit references scenario ids that exist in the verification matrix for probe with ('P05')[39m
  [32;1m✓[39;22m[90m [39m[90mit references scenario ids that exist in the verification matrix for probe with ('P09')[39m
  [32;1m✓[39;22m[90m [39m[90mit references scenario ids that exist in the verification matrix for probe with ('P01c')[39m
  [32;1m✓[39;22m[90m [39m[90mit references scenario ids that exist in the verification matrix for probe with ('P13')[39m
  [32;1m✓[39;22m[90m [39m[90mit references scenario ids that exist in the verification matrix for probe with ('P02')[39m
  [32;1m✓[39;22m[90m [39m[90mit references scenario ids that exist in the verification matrix for probe with ('P10b')[39m
  [32;1m✓[39;22m[90m [39m[90mit references scenario ids that exist in the verification matrix for probe with ('P14')[39m
  [32;1m✓[39;22m[90m [39m[90mit references scenario ids that exist in the verification matrix for probe with ('P07')[39m
  [32;1m✓[39;22m[90m [39m[90mit references scenario ids that exist in the verification matrix for probe with ('P04b')[39m
  [32;1m✓[39;22m[90m [39m[90mit references scenario ids that exist in the verification matrix for probe with ('P06')[39m
  [32;1m✓[39;22m[90m [39m[90mit references scenario ids that exist in the verification matrix for probe with ('P08')[39m
  [32;1m✓[39;22m[90m [39m[90mit references scenario ids that exist in the verification matrix for probe with ('P01a')[39m
  [32;1m✓[39;22m[90m [39m[90mit references scenario ids that exist in the verification matrix for probe with ('P10')[39m
  [32;1m✓[39;22m[90m [39m[90mit accepts only pending or an existing covering test as status for probe with ('P07')[39m
  [32;1m✓[39;22m[90m [39m[90mit accepts only pending or an existing covering test as status for probe with ('P01b')[39m
  [32;1m✓[39;22m[90m [39m[90mit accepts only pending or an existing covering test as status for probe with ('P08')[39m
  [32;1m✓[39;22m[90m [39m[90mit accepts only pending or an existing covering test as status for probe with ('P10')[39m
  [32;1m✓[39;22m[90m [39m[90mit accepts only pending or an existing covering test as status for probe with ('P13')[39m
  [32;1m✓[39;22m[90m [39m[90mit accepts only pending or an existing covering test as status for probe with ('P04b')[39m
  [32;1m✓[39;22m[90m [39m[90mit accepts only pending or an existing covering test as status for probe with ('P01c')[39m
  [32;1m✓[39;22m[90m [39m[90mit accepts only pending or an existing covering test as status for probe with ('P04c')[39m
  [32;1m✓[39;22m[90m [39m[90mit accepts only pending or an existing covering test as status for probe with ('P02')[39m
  [32;1m✓[39;22m[90m [39m[90mit accepts only pending or an existing covering test as status for probe with ('P03')[39m
  [32;1m✓[39;22m[90m [39m[90mit accepts only pending or an existing covering test as status for probe with ('P09')[39m
  [32;1m✓[39;22m[90m [39m[90mit accepts only pending or an existing covering test as status for probe with ('P06')[39m
  [32;1m✓[39;22m[90m [39m[90mit accepts only pending or an existing covering test as status for probe with ('P04a')[39m
  [32;1m✓[39;22m[90m [39m[90mit accepts only pending or an existing covering test as status for probe with ('P11')[39m
  [32;1m✓[39;22m[90m [39m[90mit accepts only pending or an existing covering test as status for probe with ('P05')[39m
  [32;1m✓[39;22m[90m [39m[90mit accepts only pending or an existing covering test as status for probe with ('P10b')[39m
  [32;1m✓[39;22m[90m [39m[90mit accepts only pending or an existing covering test as status for probe with ('P01a')[39m
  [32;1m✓[39;22m[90m [39m[90mit accepts only pending or an existing covering test as status for probe with ('P06b')[39m
  [32;1m✓[39;22m[90m [39m[90mit accepts only pending or an existing covering test as status for probe with ('P14')[39m
  [32;1m✓[39;22m[90m [39m[90mit has a spec file for exactly the 19 probes[39m
  [32;1m✓[39;22m[90m [39m[90mit points the defect description at an existing 0.3 probe test for probe with ('P01c')[39m
  [32;1m✓[39;22m[90m [39m[90mit points the defect description at an existing 0.3 probe test for probe with ('P04c')[39m
  [32;1m✓[39;22m[90m [39m[90mit points the defect description at an existing 0.3 probe test for probe with ('P10b')[39m
  [32;1m✓[39;22m[90m [39m[90mit points the defect description at an existing 0.3 probe test for probe with ('P13')[39m
  [32;1m✓[39;22m[90m [39m[90mit points the defect description at an existing 0.3 probe test for probe with ('P06b')[39m
  [32;1m✓[39;22m[90m [39m[90mit points the defect description at an existing 0.3 probe test for probe with ('P08')[39m
  [32;1m✓[39;22m[90m [39m[90mit points the defect description at an existing 0.3 probe test for probe with ('P11')[39m
  [32;1m✓[39;22m[90m [39m[90mit points the defect description at an existing 0.3 probe test for probe with ('P01a')[39m
  [32;1m✓[39;22m[90m [39m[90mit points the defect description at an existing 0.3 probe test for probe with ('P01b')[39m
  [32;1m✓[39;22m[90m [39m[90mit points the defect description at an existing 0.3 probe test for probe with ('P09')[39m
  [32;1m✓[39;22m[90m [39m[90mit points the defect description at an existing 0.3 probe test for probe with ('P05')[39m
  [32;1m✓[39;22m[90m [39m[90mit points the defect description at an existing 0.3 probe test for probe with ('P02')[39m
  [32;1m✓[39;22m[90m [39m[90mit points the defect description at an existing 0.3 probe test for probe with ('P14')[39m
  [32;1m✓[39;22m[90m [39m[90mit points the defect description at an existing 0.3 probe test for probe with ('P04b')[39m
  [32;1m✓[39;22m[90m [39m[90mit points the defect description at an existing 0.3 probe test for probe with ('P10')[39m
  [32;1m✓[39;22m[90m [39m[90mit points the defect description at an existing 0.3 probe test for probe with ('P03')[39m
  [32;1m✓[39;22m[90m [39m[90mit points the defect description at an existing 0.3 probe test for probe with ('P04a')[39m
  [32;1m✓[39;22m[90m [39m[90mit points the defect description at an existing 0.3 probe test for probe with ('P06')[39m
  [32;1m✓[39;22m[90m [39m[90mit points the defect description at an existing 0.3 probe test for probe with ('P07')[39m
  [32;1m✓[39;22m[90m [39m[90mit documents the format and the closing rule in the README[39m
  [32;1m✓[39;22m[90m [39m[90mit keeps every required field filled and consistent for probe with ('P11', 'PLAN2.P5.4')[39m
  [32;1m✓[39;22m[90m [39m[90mit keeps every required field filled and consistent for probe with ('P04a', 'PLAN2.P4.12')[39m
  [32;1m✓[39;22m[90m [39m[90mit keeps every required field filled and consistent for probe with ('P04b', 'PLAN2.P4.12')[39m
  [32;1m✓[39;22m[90m [39m[90mit keeps every required field filled and consistent for probe with ('P13', 'PLAN2.P5.2')[39m
  [32;1m✓[39;22m[90m [39m[90mit keeps every required field filled and consistent for probe with ('P10', 'PLAN2.P4.8')[39m
  [32;1m✓[39;22m[90m [39m[90mit keeps every required field filled and consistent for probe with ('P14', 'PLAN2.P1.2')[39m
  [31;1m⨯[39;22m[90m [39m[90mit keeps every required field filled and consistent for probe with ('P01a', 'PLAN2.P4.7')[39m
  [32;1m✓[39;22m[90m [39m[90mit keeps every required field filled and consistent for probe with ('P03', 'PLAN2.P4.3')[39m
  [32;1m✓[39;22m[90m [39m[90mit keeps every required field filled and consistent for probe with ('P06', 'PLAN2.P4.6')[39m
  [32;1m✓[39;22m[90m [39m[90mit keeps every required field filled and consistent for probe with ('P01b', 'PLAN2.P4.7')[39m
  [32;1m✓[39;22m[90m [39m[90mit keeps every required field filled and consistent for probe with ('P10b', 'PLAN2.P4.8')[39m
  [32;1m✓[39;22m[90m [39m[90mit keeps every required field filled and consistent for probe with ('P09', 'PLAN2.P2.2')[39m
  [32;1m✓[39;22m[90m [39m[90mit keeps every required field filled and consistent for probe with ('P02', 'PLAN2.P4.2')[39m
  [32;1m✓[39;22m[90m [39m[90mit keeps every required field filled and consistent for probe with ('P07', 'PLAN2.P1.1')[39m
  [32;1m✓[39;22m[90m [39m[90mit keeps every required field filled and consistent for probe with ('P06b', 'PLAN2.P4.6')[39m
  [32;1m✓[39;22m[90m [39m[90mit keeps every required field filled and consistent for probe with ('P08', 'PLAN2.P4.4')[39m
  [32;1m✓[39;22m[90m [39m[90mit keeps every required field filled and consistent for probe with ('P05', 'PLAN2.P2.2')[39m
  [32;1m✓[39;22m[90m [39m[90mit keeps every required field filled and consistent for probe with ('P01c', 'PLAN2.P2.2')[39m
  [32;1m✓[39;22m[90m [39m[90mit keeps every required field filled and consistent for probe with ('P04c', 'PLAN2.P4.12')[39m
  [31m────────────────────────────────────────────────────────────────────────────[39m  
  [41;1m FAILED [49;22m [1mTests\Regression\RegressionSpecsTest[22m [90m>[39m it keeps every required fi…   
[39;1m  Failed asserting that two strings are identical.
  [39;22m[31m-'PLAN2.P4.7'[39m[39;1m
  [39;22m[32m+'PLAN2.P9.9'[39m[39;1m
  [39;22m

  at [32mtests/Regression/RegressionSpecsTest.php[39m:[32m89[39m
     85▕ 
     86▕     expect($fields['Probe'])->toBe($probe)
     87▕         ->and($fields['Finding'])->toMatch('/^[NC]\d{2}(, [NC]\d{2})*$/')
     88▕         ->and($fields['Owning item'])->toMatch('/^PLAN2\.P\d+\.\d+$/')
  ➜  89▕         ->and($fields['Owning item'])->toBe($owner);
     90▕ })->with(fn (): array => array_map(
     91▕     static fn (string $probe, string $owner): array => [$probe, $owner],
     92▕     array_keys(regressionProbeOwners()),
     93▕     array_values(regressionProbeOwners()),

  [33m1   [39m[39;1mtests/Regression/RegressionSpecsTest.php[39;22m:[39;1m89[39;22m


  [90mTests:[39m    [31;1m1 failed[39;22m[90m,[39m[39m [39m[32;1m77 passed[39;22m[90m (584 assertions)[39m
  [90mDuration:[39m [39m0.29s[39m
  [90mRandom Order Seed:[39m [39m1791194121[39m

observed_exit=1
negative_control=RED (expected owning-item assertion)
spec_restored_sha256=2e48fda141ba61018c0e058be76f892d206e8df3c00f2e2ca0a737cf5d121264
$ php -d memory_limit=1G vendor/bin/pest tests/Regression

  [30;42;1m PASS [39;49;22m[39m Tests\Regression\P09Test[39m
  [32;1m✓[39;22m[90m [39m[90mit picks the panel of a full name without a current panel and throw[39m[90m…[39m [90m0.05s[39m  

  [30;42;1m PASS [39;49;22m[39m Tests\Regression\P14Test[39m
  [32;1m✓[39;22m[90m [39m[90mit rejects bare wildcards as a permission key and as a grant patter[39m[90m…[39m [90m0.01s[39m  
  [32;1m✓[39;22m[90m [39m[90mit rejects bare wildcards as a permission key and as a grant pattern with ('*')[39m

  [30;42;1m PASS [39;49;22m[39m Tests\Regression\P07Test[39m
  [32;1m✓[39;22m[90m [39m[90mit keeps an assignment scope key unambiguous and composite cache keys apart[39m

  [30;42;1m PASS [39;49;22m[39m Tests\Regression\RegressionSpecsTest[39m
  [32;1m✓[39;22m[90m [39m[90mit points the defect description at an existing 0.3 probe test for probe with ('P07')[39m
  [32;1m✓[39;22m[90m [39m[90mit points the defect description at an existing 0.3 probe test for probe with ('P10')[39m
  [32;1m✓[39;22m[90m [39m[90mit points the defect description at an existing 0.3 probe test for probe with ('P03')[39m
  [32;1m✓[39;22m[90m [39m[90mit points the defect description at an existing 0.3 probe test for probe with ('P11')[39m
  [32;1m✓[39;22m[90m [39m[90mit points the defect description at an existing 0.3 probe test for probe with ('P13')[39m
  [32;1m✓[39;22m[90m [39m[90mit points the defect description at an existing 0.3 probe test for probe with ('P01b')[39m
  [32;1m✓[39;22m[90m [39m[90mit points the defect description at an existing 0.3 probe test for probe with ('P06b')[39m
  [32;1m✓[39;22m[90m [39m[90mit points the defect description at an existing 0.3 probe test for probe with ('P04a')[39m
  [32;1m✓[39;22m[90m [39m[90mit points the defect description at an existing 0.3 probe test for probe with ('P09')[39m
  [32;1m✓[39;22m[90m [39m[90mit points the defect description at an existing 0.3 probe test for probe with ('P01c')[39m
  [32;1m✓[39;22m[90m [39m[90mit points the defect description at an existing 0.3 probe test for probe with ('P02')[39m
  [32;1m✓[39;22m[90m [39m[90mit points the defect description at an existing 0.3 probe test for probe with ('P05')[39m
  [32;1m✓[39;22m[90m [39m[90mit points the defect description at an existing 0.3 probe test for probe with ('P14')[39m
  [32;1m✓[39;22m[90m [39m[90mit points the defect description at an existing 0.3 probe test for probe with ('P06')[39m
  [32;1m✓[39;22m[90m [39m[90mit points the defect description at an existing 0.3 probe test for probe with ('P10b')[39m
  [32;1m✓[39;22m[90m [39m[90mit points the defect description at an existing 0.3 probe test for probe with ('P04b')[39m
  [32;1m✓[39;22m[90m [39m[90mit points the defect description at an existing 0.3 probe test for probe with ('P01a')[39m
  [32;1m✓[39;22m[90m [39m[90mit points the defect description at an existing 0.3 probe test for probe with ('P08')[39m
  [32;1m✓[39;22m[90m [39m[90mit points the defect description at an existing 0.3 probe test for probe with ('P04c')[39m
  [32;1m✓[39;22m[90m [39m[90mit references scenario ids that exist in the verification matrix for probe with ('P04a')[39m
  [32;1m✓[39;22m[90m [39m[90mit references scenario ids that exist in the verification matrix for probe with ('P06b')[39m
  [32;1m✓[39;22m[90m [39m[90mit references scenario ids that exist in the verification matrix for probe with ('P01a')[39m
  [32;1m✓[39;22m[90m [39m[90mit references scenario ids that exist in the verification matrix for probe with ('P10')[39m
  [32;1m✓[39;22m[90m [39m[90mit references scenario ids that exist in the verification matrix for probe with ('P08')[39m
  [32;1m✓[39;22m[90m [39m[90mit references scenario ids that exist in the verification matrix for probe with ('P02')[39m
  [32;1m✓[39;22m[90m [39m[90mit references scenario ids that exist in the verification matrix for probe with ('P11')[39m
  [32;1m✓[39;22m[90m [39m[90mit references scenario ids that exist in the verification matrix for probe with ('P03')[39m
  [32;1m✓[39;22m[90m [39m[90mit references scenario ids that exist in the verification matrix for probe with ('P07')[39m
  [32;1m✓[39;22m[90m [39m[90mit references scenario ids that exist in the verification matrix for probe with ('P05')[39m
  [32;1m✓[39;22m[90m [39m[90mit references scenario ids that exist in the verification matrix for probe with ('P04b')[39m
  [32;1m✓[39;22m[90m [39m[90mit references scenario ids that exist in the verification matrix for probe with ('P01c')[39m
  [32;1m✓[39;22m[90m [39m[90mit references scenario ids that exist in the verification matrix for probe with ('P01b')[39m
  [32;1m✓[39;22m[90m [39m[90mit references scenario ids that exist in the verification matrix for probe with ('P13')[39m
  [32;1m✓[39;22m[90m [39m[90mit references scenario ids that exist in the verification matrix for probe with ('P06')[39m
  [32;1m✓[39;22m[90m [39m[90mit references scenario ids that exist in the verification matrix for probe with ('P10b')[39m
  [32;1m✓[39;22m[90m [39m[90mit references scenario ids that exist in the verification matrix for probe with ('P09')[39m
  [32;1m✓[39;22m[90m [39m[90mit references scenario ids that exist in the verification matrix for probe with ('P04c')[39m
  [32;1m✓[39;22m[90m [39m[90mit references scenario ids that exist in the verification matrix for probe with ('P14')[39m
  [32;1m✓[39;22m[90m [39m[90mit keeps every required field filled and consistent for probe with ('P10b', 'PLAN2.P4.8')[39m
  [32;1m✓[39;22m[90m [39m[90mit keeps every required field filled and consistent for probe with ('P08', 'PLAN2.P4.4')[39m
  [32;1m✓[39;22m[90m [39m[90mit keeps every required field filled and consistent for probe with ('P09', 'PLAN2.P2.2')[39m
  [32;1m✓[39;22m[90m [39m[90mit keeps every required field filled and consistent for probe with ('P03', 'PLAN2.P4.3')[39m
  [32;1m✓[39;22m[90m [39m[90mit keeps every required field filled and consistent for probe with ('P04b', 'PLAN2.P4.12')[39m
  [32;1m✓[39;22m[90m [39m[90mit keeps every required field filled and consistent for probe with ('P01a', 'PLAN2.P4.7')[39m
  [32;1m✓[39;22m[90m [39m[90mit keeps every required field filled and consistent for probe with ('P13', 'PLAN2.P5.2')[39m
  [32;1m✓[39;22m[90m [39m[90mit keeps every required field filled and consistent for probe with ('P10', 'PLAN2.P4.8')[39m
  [32;1m✓[39;22m[90m [39m[90mit keeps every required field filled and consistent for probe with ('P05', 'PLAN2.P2.2')[39m
  [32;1m✓[39;22m[90m [39m[90mit keeps every required field filled and consistent for probe with ('P01c', 'PLAN2.P2.2')[39m
  [32;1m✓[39;22m[90m [39m[90mit keeps every required field filled and consistent for probe with ('P07', 'PLAN2.P1.1')[39m
  [32;1m✓[39;22m[90m [39m[90mit keeps every required field filled and consistent for probe with ('P04c', 'PLAN2.P4.12')[39m
  [32;1m✓[39;22m[90m [39m[90mit keeps every required field filled and consistent for probe with ('P04a', 'PLAN2.P4.12')[39m
  [32;1m✓[39;22m[90m [39m[90mit keeps every required field filled and consistent for probe with ('P01b', 'PLAN2.P4.7')[39m
  [32;1m✓[39;22m[90m [39m[90mit keeps every required field filled and consistent for probe with ('P14', 'PLAN2.P1.2')[39m
  [32;1m✓[39;22m[90m [39m[90mit keeps every required field filled and consistent for probe with ('P02', 'PLAN2.P4.2')[39m
  [32;1m✓[39;22m[90m [39m[90mit keeps every required field filled and consistent for probe with ('P06b', 'PLAN2.P4.6')[39m
  [32;1m✓[39;22m[90m [39m[90mit keeps every required field filled and consistent for probe with ('P11', 'PLAN2.P5.4')[39m
  [32;1m✓[39;22m[90m [39m[90mit keeps every required field filled and consistent for probe with ('P06', 'PLAN2.P4.6')[39m
  [32;1m✓[39;22m[90m [39m[90mit has a spec file for exactly the 19 probes[39m
  [32;1m✓[39;22m[90m [39m[90mit accepts only pending or an existing covering test as status for probe with ('P10')[39m
  [32;1m✓[39;22m[90m [39m[90mit accepts only pending or an existing covering test as status for probe with ('P08')[39m
  [32;1m✓[39;22m[90m [39m[90mit accepts only pending or an existing covering test as status for probe with ('P13')[39m
  [32;1m✓[39;22m[90m [39m[90mit accepts only pending or an existing covering test as status for probe with ('P06')[39m
  [32;1m✓[39;22m[90m [39m[90mit accepts only pending or an existing covering test as status for probe with ('P01c')[39m
  [32;1m✓[39;22m[90m [39m[90mit accepts only pending or an existing covering test as status for probe with ('P02')[39m
  [32;1m✓[39;22m[90m [39m[90mit accepts only pending or an existing covering test as status for probe with ('P11')[39m
  [32;1m✓[39;22m[90m [39m[90mit accepts only pending or an existing covering test as status for probe with ('P14')[39m
  [32;1m✓[39;22m[90m [39m[90mit accepts only pending or an existing covering test as status for probe with ('P01b')[39m
  [32;1m✓[39;22m[90m [39m[90mit accepts only pending or an existing covering test as status for probe with ('P04a')[39m
  [32;1m✓[39;22m[90m [39m[90mit accepts only pending or an existing covering test as status for probe with ('P01a')[39m
  [32;1m✓[39;22m[90m [39m[90mit accepts only pending or an existing covering test as status for probe with ('P04b')[39m
  [32;1m✓[39;22m[90m [39m[90mit accepts only pending or an existing covering test as status for probe with ('P05')[39m
  [32;1m✓[39;22m[90m [39m[90mit accepts only pending or an existing covering test as status for probe with ('P09')[39m
  [32;1m✓[39;22m[90m [39m[90mit accepts only pending or an existing covering test as status for probe with ('P06b')[39m
  [32;1m✓[39;22m[90m [39m[90mit accepts only pending or an existing covering test as status for probe with ('P03')[39m
  [32;1m✓[39;22m[90m [39m[90mit accepts only pending or an existing covering test as status for probe with ('P10b')[39m
  [32;1m✓[39;22m[90m [39m[90mit accepts only pending or an existing covering test as status for probe with ('P04c')[39m
  [32;1m✓[39;22m[90m [39m[90mit accepts only pending or an existing covering test as status for probe with ('P07')[39m
  [32;1m✓[39;22m[90m [39m[90mit documents the format and the closing rule in the README[39m

  [30;42;1m PASS [39;49;22m[39m Tests\Regression\P05Test[39m
  [32;1m✓[39;22m[90m [39m[90mit throws for an unqualified key without a panel and resolves it wi[39m[90m…[39m [90m0.01s[39m  

  [30;42;1m PASS [39;49;22m[39m Tests\Regression\P02Test[39m
  [32;1m✓[39;22m[90m [39m[90mit P02 preserves grants after a role class rename and denies remove[39m[90m…[39m [90m0.02s[39m  

  [30;42;1m PASS [39;49;22m[39m Tests\Regression\P01cTest[39m
  [32;1m✓[39;22m[90m [39m[90mit resolves a key of the admin panel to admin and never to the defa[39m[90m…[39m [90m0.01s[39m  
  [32;1m✓[39;22m[90m [39m[90mit resolves a key of the admin panel to admin and never to the default panel with ('admin:users.delete')[39m

  [30;42;1m PASS [39;49;22m[39m Tests\Regression\LegacyIsolationTest[39m
  [32;1m✓[39;22m[90m [39m[90mit keeps the frozen 0.3 tree out of every composer autoload map[39m[90m     [39m [90m0.01s[39m  

  [90mTests:[39m    [32;1m87 passed[39;22m[90m (628 assertions)[39m
  [90mDuration:[39m [39m0.35s[39m
  [90mRandom Order Seed:[39m [39m1791194121[39m

observed_exit=0
restored_control=GREEN
$ python3 /tmp/azguard-dependency-qualification/candidate-004/plans/2026.10.01-№1-AZGUARD-V1/artifacts/dependency-qualification/P0/p0-adapter.py regression-negative
