name     : axiomasoft/azguard
descrip. : Panel-based authorization for Laravel: permission sources, explicit policy authority, scoped assignments
keywords : access-control, authorization, gate, laravel, permissions, rbac, roles
versions : * 1.0.0
type     : library
license  : MIT License (MIT) (OSI approved) https://spdx.org/licenses/MIT.html#licenseText
homepage : https://github.com/axiomasoft/azguard
source   : []  
dist     : [path] packages/core 420cc10e1b35f84e06d414ff2e45ffd6b66610f3
path     : /tmp/azguard-dependency-qualification/candidate-004/packages/core
names    : axiomasoft/azguard

support
issues : https://github.com/axiomasoft/azguard/issues
source : https://github.com/axiomasoft/azguard

autoload
psr-4
AzGuard\ => src/

requires
illuminate/console ^11.0|^12.0|^13.0
illuminate/contracts ^11.0|^12.0|^13.0
illuminate/database ^11.0|^12.0|^13.0
illuminate/filesystem ^11.0|^12.0|^13.0
illuminate/http ^11.0|^12.0|^13.0
illuminate/queue ^11.0|^12.0|^13.0
illuminate/routing ^11.0|^12.0|^13.0
illuminate/support ^11.0|^12.0|^13.0
php ^8.3
$ composer show axiomasoft/azguard
