
  [30;42;1m PASS [39;49;22m[39m Tests\Feature\Sources\Folder\RoleKeyIdentityTest[39m
  [32;1m✓[39;22m[90m [39m[90mit ignores removed former and third party NotGrantable keys with ac[39m[90m…[39m [90m0.06s[39m  
  [32;1m✓[39;22m[90m [39m[90mit ignores removed former and third party NotGrantable keys with actionable notices with ('removed', 'unknown_role', null)[39m
  [32;1m✓[39;22m[90m [39m[90mit ignores removed former and third party NotGrantable keys with actionable notices with ('old-seller', 'former_role_key', 'seller')[39m

  [30;42;1m PASS [39;49;22m[39m Tests\Feature\Sources\Database\DatabaseBuilderTest[39m
  [32;1m✓[39;22m[90m [39m[90mit builds immutable independent sources and describes database capa[39m[90m…[39m [90m0.01s[39m  
  [32;1m✓[39;22m[90m [39m[90mit validates incompatible model kinds and preserves valid custom configuration[39m
  [32;1m✓[39;22m[90m [39m[90mit runs writer callbacks inside the bound authority mutation and ro[39m[90m…[39m [90m0.01s[39m  

  [30;42;1m PASS [39;49;22m[39m Tests\Feature\Sources\PanelSourcesTest[39m
  [32;1m✓[39;22m[90m [39m[90mit P12: a different source order keeps the catalog and the ids and[39m[90m… [39m [90m0.01s[39m  
  [32;1m✓[39;22m[90m [39m[90mit V77: builds ldap from the attribute with the source configuratio[39m[90m…[39m [90m0.01s[39m  
  [32;1m✓[39;22m[90m [39m[90mit V107: keeps enums out of the source list and preserves the order[39m[90m…[39m [90m0.01s[39m  
  [32;1m✓[39;22m[90m [39m[90mit V102: builds a named writer again for each panel and after the scope is forgotten[39m
  [32;1m✓[39;22m[90m [39m[90mit V77: builds ldap from extend() and passes the same configuration[39m
  [32;1m✓[39;22m[90m [39m[90mit reuses an object writer across scopes[39m
  [32;1m✓[39;22m[90m [39m[90mit V77: reports an unknown source name, two writers and a repeated id[39m

  [30;42;1m PASS [39;49;22m[39m Tests\Feature\Sources\Relation\RelationBuildTest[39m
  [32;1m✓[39;22m[90m [39m[90mit rejects unknown static roles malformed relations and non-queryab[39m[90m…[39m [90m0.01s[39m  
  [32;1m✓[39;22m[90m [39m[90mit rejects unknown static roles malformed relations and non-queryable definitions before runtime with ('missing relation')[39m
  [32;1m✓[39;22m[90m [39m[90mit rejects unknown static roles malformed relations and non-queryable definitions before runtime with ('unknown role')[39m
  [32;1m✓[39;22m[90m [39m[90mit rejects unknown static roles malformed relations and non-queryable definitions before runtime with ('malformed relation')[39m
  [32;1m✓[39;22m[90m [39m[90mit rejects unknown static roles malformed relations and non-queryable definitions before runtime with ('queryless')[39m
  [32;1m✓[39;22m[90m [39m[90mit validates a static role against a restored catalog on the cached build path[39m
  [32;1m✓[39;22m[90m [39m[90mit rejects a computed source id longer than the source label limit at build[39m
  [32;1m✓[39;22m[90m [39m[90mit uses an explicit descriptor alias and global tenant for a non-te[39m[90m…[39m [90m0.01s[39m  
  [32;1m✓[39;22m[90m [39m[90mit resolves a model shortcut through its role bound tenant aware definition[39m
  [32;1m✓[39;22m[90m [39m[90mit rejects duplicate source ids even when different relations supply the same scope type[39m
  [32;1m✓[39;22m[90m [39m[90mit rejects missing or ambiguous model shortcut definitions during build with (false)[39m
  [32;1m✓[39;22m[90m [39m[90mit rejects missing or ambiguous model shortcut definitions during build with (true)[39m
  [32;1m✓[39;22m[90m [39m[90mit describes request volatile role and selection capabilities[39m

  [30;42;1m PASS [39;49;22m[39m Tests\Feature\Sources\Database\StorageOwnTest[39m
  [32;1m✓[39;22m[90m [39m[90mit derives stable canonical ids and keeps two prefixes on the same[39m[90m… [39m [90m0.01s[39m  
  [32;1m✓[39;22m[90m [39m[90mit fails explicitly if an own hash id is occupied by a different physical pair[39m
  [32;1m✓[39;22m[90m [39m[90mit reuses a configured physical storage and checks its host key contract[39m
  [32;1m✓[39;22m[90m [39m[90mit uses an explicitly owned source storage without reading the defa[39m[90m…[39m [90m0.01s[39m  

  [30;42;1m PASS [39;49;22m[39m Tests\Feature\Authorization\AuthorityDispatchTest[39m
  [32;1m✓[39;22m[90m [39m[90mit PolicyOnly reads neither grants nor roles and uses code state[39m[90m    [39m [90m0.01s[39m  
  [32;1m✓[39;22m[90m [39m[90mit applies restrictions to policy candidates even when they exempt superadmins[39m
  [32;1m✓[39;22m[90m [39m[90mit traced decision contains only qualified covering direct grants[39m
  [32;1m✓[39;22m[90m [39m[90mit rejects explicit tenant and context in none none before hooks and sources with ('context', AzGuard\Kernel\Decision\DecisionReason Enum (AssignmentScopeNotAccepted, 'context_not_accepted'))[39m
  [32;1m✓[39;22m[90m [39m[90mit rejects explicit tenant and context in none none before hooks and sources with ('tenant', AzGuard\Kernel\Decision\DecisionReason Enum (TenantMismatch, 'tenant_mismatch'))[39m
  [32;1m✓[39;22m[90m [39m[90mit policy false vetoes a qualified superadmin[39m
  [32;1m✓[39;22m[90m [39m[90mit policy null denies PolicyOnly and passes the attached grants veto[39m
  [32;1m✓[39;22m[90m [39m[90mit RequiresGrant cannot be authorized by policy true without a grant[39m
  [32;1m✓[39;22m[90m [39m[90mit source errors after a granting source deny in both source orders[39m[90m…[39m [90m0.01s[39m  
  [32;1m✓[39;22m[90m [39m[90mit source errors after a granting source deny in both source orders with (false)[39m

  [30;42;1m PASS [39;49;22m[39m Tests\Feature\Authorization\RecursionTest[39m
  [32;1m✓[39;22m[90m [39m[90mit permits another permission from a policy[39m[90m                         [39m [90m0.01s[39m  
  [32;1m✓[39;22m[90m [39m[90mit treats omitted and explicit global scope as the same recursion frame[39m
  [32;1m✓[39;22m[90m [39m[90mit denies recursive policies with the exception class in the log and cleans the stack[39m

  [30;42;1m PASS [39;49;22m[39m Tests\Feature\Sources\Folder\FolderPanelTest[39m
  [32;1m✓[39;22m[90m [39m[90mit keeps Orders of two plugins apart and uses the cached discovery[39m[90m… [39m [90m0.03s[39m  
  [32;1m✓[39;22m[90m [39m[90mit discovers a module folder without prefixing its permission or its role[39m
  [32;1m✓[39;22m[90m [39m[90mit rejects a group with several candidates, a missing mode, both mo[39m[90m…[39m [90m0.01s[39m  
  [32;1m✓[39;22m[90m [39m[90mit reads the panel folder into the catalog and does not scan what i[39m[90m…[39m [90m0.01s[39m  

  [30;42;1m PASS [39;49;22m[39m Tests\Feature\Sources\Database\DatabaseReadsTest[39m
  [32;1m✓[39;22m[90m [39m[90mit never reads permission assignments in rolesOnly mode[39m[90m             [39m [90m0.01s[39m  
  [32;1m✓[39;22m[90m [39m[90mit reads exact tenant context pairs with no cartesian expansion or[39m[90m… [39m [90m0.01s[39m  
  [32;1m✓[39;22m[90m [39m[90mit converts malformed stored identity to SourceError and never gran[39m[90m…[39m [90m0.01s[39m  
  [32;1m✓[39;22m[90m [39m[90mit preserves origin expiry raw roles and exact permission patterns[39m[90m  [39m [90m0.01s[39m  

  [30;42;1m PASS [39;49;22m[39m Tests\Feature\Sources\Relation\RelationSelectionTest[39m
  [32;1m✓[39;22m[90m [39m[90mit rejects scope callbacks that change query structure instead of g[39m[90m…[39m [90m0.01s[39m  
  [32;1m✓[39;22m[90m [39m[90mit rejects scope callbacks that change query structure instead of grouped predicates with ('order')[39m
  [32;1m✓[39;22m[90m [39m[90mit rejects scope callbacks that change query structure instead of g[39m[90m…[39m [90m0.01s[39m  
  [32;1m✓[39;22m[90m [39m[90mit rejects scope callbacks that change query structure instead of grouped predicates with ('select')[39m
  [32;1m✓[39;22m[90m [39m[90mit rejects scope callbacks that change query structure instead of grouped predicates with ('eager load')[39m
  [32;1m✓[39;22m[90m [39m[90mit rejects scope callbacks that change query structure instead of grouped predicates with ('join')[39m
  [32;1m✓[39;22m[90m [39m[90mit lets scope callbacks narrow results and returns no refs for a subject without membership[39m
  [32;1m✓[39;22m[90m [39m[90mit groups scope callback OR clauses so they cannot broaden membersh[39m[90m…[39m [90m0.01s[39m  
  [32;1m✓[39;22m[90m [39m[90mit propagates failed narrowing callbacks without yielding a partial selection[39m
  [32;1m✓[39;22m[90m [39m[90mit enumerates with a fixed root and membership query budget without[39m[90m…[39m [90m0.01s[39m  
  [32;1m✓[39;22m[90m [39m[90mit passes exactly the published single builder argument to a scope[39m[90m… [39m [90m0.01s[39m  
  [32;1m✓[39;22m[90m [39m[90mit preserves every raw same-ref role witness and narrows enumeration by tenant and type[39m
  [32;1m✓[39;22m[90m [39m[90mit rejects terminal operations before the callback can read or mutate the root query with ('exists')[39m
  [32;1m✓[39;22m[90m [39m[90mit rejects terminal operations before the callback can read or muta[39m[90m…[39m [90m0.01s[39m  
  [32;1m✓[39;22m[90m [39m[90mit rejects terminal operations before the callback can read or muta[39m[90m…[39m [90m0.01s[39m  
  [32;1m✓[39;22m[90m [39m[90mit rejects terminal operations before the callback can read or mutate the root query with ('whereHas delete')[39m
  [32;1m✓[39;22m[90m [39m[90mit rejects terminal operations before the callback can read or mutate the root query with ('get')[39m
  [32;1m✓[39;22m[90m [39m[90mit rejects terminal operations before the callback can read or mutate the root query with ('nested delete')[39m
  [32;1m✓[39;22m[90m [39m[90mit rejects terminal operations before the callback can read or mutate the root query with ('delete')[39m
  [32;1m✓[39;22m[90m [39m[90mit rejects terminal operations before the callback can read or mutate the root query with ('create')[39m
  [32;1m✓[39;22m[90m [39m[90mit rejects terminal operations before the callback can read or mutate the root query with ('count')[39m
  [32;1m✓[39;22m[90m [39m[90mit bounds foreign-tenant and null-role roots before loading members[39m[90m…[39m [90m0.75s[39m  

  [30;42;1m PASS [39;49;22m[39m Tests\Feature\Authorization\ContributionQualificationTest[39m
  [32;1m✓[39;22m[90m [39m[90mit uses actual writer provenance rather than a forged folder source[39m[90m…[39m [90m0.01s[39m  
  [32;1m✓[39;22m[90m [39m[90mit validates malformed types and foreign scopes before allowing with ('scope')[39m
  [32;1m✓[39;22m[90m [39m[90mit validates malformed types and foreign scopes before allowing with ('panel')[39m
  [32;1m✓[39;22m[90m [39m[90mit validates malformed types and foreign scopes before allowing with ('type')[39m
  [32;1m✓[39;22m[90m [39m[90mit superadmin conditions receive the actual code role and original contribution[39m
  [32;1m✓[39;22m[90m [39m[90mit rejects a role contribution returned from a direct grant capability[39m
  [32;1m✓[39;22m[90m [39m[90mit an ordinary grant does not remove a qualified superadmin exemption[39m
  [32;1m✓[39;22m[90m [39m[90mit qualifies each role contribution before expanding its compiled patterns[39m
  [32;1m✓[39;22m[90m [39m[90mit checks superadmin expiry and conditions without exempting mandatory restrictions[39m
  [32;1m✓[39;22m[90m [39m[90mit foreign panel with the same local root key is source error[39m
  [32;1m✓[39;22m[90m [39m[90mit expires role and direct contributions exactly at now with (true)[39m
  [32;1m✓[39;22m[90m [39m[90mit expires role and direct contributions exactly at now with (false)[39m
  [32;1m✓[39;22m[90m [39m[90mit does not alias former or removed role keys to a current role[39m
  [32;1m✓[39;22m[90m [39m[90mit qualifies department AND weekday in one contribution rather than joining two rows[39m

  [30;42;1m PASS [39;49;22m[39m Tests\Feature\Sources\Database\DynamicFenceTest[39m
  [32;1m✓[39;22m[90m [39m[90mit runs before denial before assignment reads and observes only the[39m[90m…[39m [90m0.01s[39m  
  [32;1m✓[39;22m[90m [39m[90mit discards a disappeared definition and its old grant instead of a[39m[90m…[39m [90m0.01s[39m  
  [32;1m✓[39;22m[90m [39m[90mit pins dynamic metadata and grants to Default while Primary reads[39m[90m… [39m [90m0.01s[39m  
  [32;1m✓[39;22m[90m [39m[90mit returns ConsistencyError after exactly three unstable dynamic at[39m[90m…[39m [90m0.01s[39m  
  [32;1m✓[39;22m[90m [39m[90mit retries a changed before-denial fence three times without assign[39m[90m…[39m [90m0.01s[39m  
  [32;1m✓[39;22m[90m [39m[90mit keeps rolesOnly from consuming direct grants for a dynamic actio[39m[90m…[39m [90m0.01s[39m  
  [32;1m✓[39;22m[90m [39m[90mit retries Prepare metadata and both assignment capabilities togeth[39m[90m…[39m [90m0.01s[39m  
  [32;1m✓[39;22m[90m [39m[90mit holds the dynamic fence through every other source read and rese[39m[90m…[39m [90m0.01s[39m  

  [30;42;1m PASS [39;49;22m[39m Tests\Feature\Sources\Folder\GrantedToAllTest[39m
  [32;1m✓[39;22m[90m [39m[90mit gives the same declared right as an equivalent generated contrib[39m[90m…[39m [90m0.01s[39m  
  [32;1m✓[39;22m[90m [39m[90mit grants discovered and explicitly registered enums at each requested scope only to accepted existing subjects[39m
  [32;1m✓[39;22m[90m [39m[90mit rejects GrantedToAll on PolicyOnly at compilation[39m
  [32;1m✓[39;22m[90m [39m[90mit grants exactly its declared permission without making all actions public[39m

  [30;42;1m PASS [39;49;22m[39m Tests\Feature\Authorization\StepErrorsTest[39m
  [32;1m✓[39;22m[90m [39m[90mit policy exception or invalid return is PolicyError with ('return')[39m
  [32;1m✓[39;22m[90m [39m[90mit policy exception or invalid return is PolicyError with ('exception')[39m
  [32;1m✓[39;22m[90m [39m[90mit handles a lazy iterator throwing after its first grant as SourceError[39m
  [32;1m✓[39;22m[90m [39m[90mit before deny stops the sources and observes the denial afterwards[39m
  [32;1m✓[39;22m[90m [39m[90mit restrictions skip only inapplicable entries and otherwise keep registration order[39m
  [32;1m✓[39;22m[90m [39m[90mit restriction errors in applies check or key deny with ('check')[39m
  [32;1m✓[39;22m[90m [39m[90mit restriction errors in applies check or key deny with ('key')[39m
  [32;1m✓[39;22m[90m [39m[90mit restriction errors in applies check or key deny with ('applies')[39m
  [32;1m✓[39;22m[90m [39m[90mit contains DefinitionException thrown by restriction code and still observes the denial with ('factory')[39m
  [32;1m✓[39;22m[90m [39m[90mit contains DefinitionException thrown by restriction code and still observes the denial with ('key')[39m
  [32;1m✓[39;22m[90m [39m[90mit before invalid return or exception is HookError with ('exception')[39m
  [32;1m✓[39;22m[90m [39m[90mit before invalid return or exception is HookError with ('return')[39m
  [32;1m✓[39;22m[90m [39m[90mit condition exceptions deny even a superadmin[39m
  [32;1m✓[39;22m[90m [39m[90mit after errors do not change allow and later observers still run[39m

  [30;42;1m PASS [39;49;22m[39m Tests\Feature\Sources\Database\SelectionWitnessTest[39m
  [32;1m✓[39;22m[90m [39m[90mit preserves all same-scope witnesses while narrowing candidate ref[39m[90m…[39m [90m0.01s[39m  
  [32;1m✓[39;22m[90m [39m[90mit uses everywhere for tenant-wide witnesses without inventing an A[39m[90m…[39m [90m0.01s[39m  
  [32;1m✓[39;22m[90m [39m[90mit validates selection lists and preserves witnesses separately from candidate refs[39m

  [30;42;1m PASS [39;49;22m[39m Tests\Feature\Authorization\SubjectResolverTest[39m
  [32;1m✓[39;22m[90m [39m[90mit throws direct API identity errors instead of inventing definitions or subjects with ('permission')[39m
  [32;1m✓[39;22m[90m [39m[90mit throws direct API identity errors instead of inventing definitions or subjects with ('subject')[39m
  [32;1m✓[39;22m[90m [39m[90mit fails closed on a subject query failure and observes the denial[39m
  [32;1m✓[39;22m[90m [39m[90mit passes the actual target and actor models into the evaluation frame[39m
  [32;1m✓[39;22m[90m [39m[90mit resolves morph aliases to existing models and missing rows to null[39m

  [30;42;1m PASS [39;49;22m[39m Tests\Feature\Sources\Gate\GateSourceTest[39m
  [32;1m✓[39;22m[90m [39m[90mit rejects a native binding for a permission missing from the panel catalog[39m
  [32;1m✓[39;22m[90m [39m[90mit describes immutable typed gate mappings without inventing a PHP policy[39m
  [32;1m✓[39;22m[90m [39m[90mit interprets a true native ability according to RequiresGrant instead of treating it as authority[39m
  [32;1m✓[39;22m[90m [39m[90mit resolves a native model policy that Gate has does not report and retains its before method[39m
  [32;1m✓[39;22m[90m [39m[90mit does not invoke a native model method when its required resource instance is missing[39m
  [32;1m✓[39;22m[90m [39m[90mit fails closed for a native ability exception or unsupported result with (true)[39m
  [32;1m✓[39;22m[90m [39m[90mit fails closed for a native ability exception or unsupported result with (false)[39m
  [32;1m✓[39;22m[90m [39m[90mit unwraps native class at method abilities without invoking global hooks[39m
  [32;1m✓[39;22m[90m [39m[90mit fails closed if a compiled native ability disappears[39m
  [32;1m✓[39;22m[90m [39m[90mit lets a native ability veto a qualified grant and preserves native response details[39m
  [32;1m✓[39;22m[90m [39m[90mit calls the original closure with the target subject and ignores global Gate before and after hooks[39m
  [32;1m✓[39;22m[90m [39m[90mit rejects missing, ambiguous and AzGuard owned ability mappings while compiling with ('ambiguous')[39m
  [32;1m✓[39;22m[90m [39m[90mit rejects missing, ambiguous and AzGuard owned ability mappings while compiling with ('full')[39m
  [32;1m✓[39;22m[90m [39m[90mit rejects missing, ambiguous and AzGuard owned ability mappings while compiling with ('missing policy method')[39m
  [32;1m✓[39;22m[90m [39m[90mit rejects missing, ambiguous and AzGuard owned ability mappings while compiling with ('missing')[39m
  [32;1m✓[39;22m[90m [39m[90mit rejects missing, ambiguous and AzGuard owned ability mappings while compiling with ('local')[39m

  [30;42;1m PASS [39;49;22m[39m Tests\Feature\Sources\Relation\RelationRolesTest[39m
  [32;1m✓[39;22m[90m [39m[90mit supports non-pivot static roles and related model callbacks with[39m[90m…[39m [90m0.01s[39m  
  [32;1m✓[39;22m[90m [39m[90mit supports non-pivot static roles and related model callbacks with[39m[90m…[39m [90m0.01s[39m  
  [32;1m✓[39;22m[90m [39m[90mit supports non-pivot static roles and related model callbacks with ('has many')[39m
  [32;1m✓[39;22m[90m [39m[90mit reads membership from the related root and uses the exact subject id and model identity[39m
  [32;1m✓[39;22m[90m [39m[90mit supports pivot callbacks and null results without using another members pivot[39m
  [32;1m✓[39;22m[90m [39m[90mit diagnoses an unknown raw pivot role in the authority stage witho[39m[90m…[39m [90m0.01s[39m  
  [32;1m✓[39;22m[90m [39m[90mit rejects a contradictory resolved record instead of lending its tenant to another entity[39m
  [32;1m✓[39;22m[90m [39m[90mit fails closed in the authority stage for malformed roles callback errors and query failures with ('malformed')[39m
  [32;1m✓[39;22m[90m [39m[90mit fails closed in the authority stage for malformed roles callback errors and query failures with ('callback')[39m
  [32;1m✓[39;22m[90m [39m[90mit fails closed in the authority stage for malformed roles callback errors and query failures with ('query')[39m
  [32;1m✓[39;22m[90m [39m[90mit takes a scalar scope tenant from resolve rather than assuming tenantOf is the resolver[39m
  [32;1m✓[39;22m[90m [39m[90mit reads fresh membership and roles after changes with constrained[39m[90m… [39m [90m0.01s[39m  
  [32;1m✓[39;22m[90m [39m[90mit keeps polymorphic membership on the root morph type and exact member[39m
  [32;1m✓[39;22m[90m [39m[90mit uses only exact requested tenant context pairs and never enumerates a global scalar context[39m

  [30;42;1m PASS [39;49;22m[39m Tests\Feature\Authorization\HookListsTest[39m
  [32;1m✓[39;22m[90m [39m[90mit rejects duplicate restriction keys as direct API configuration e[39m[90m…[39m [90m0.01s[39m  
  [32;1m✓[39;22m[90m [39m[90mit resolves class string components on each operation rather than compilation[39m
  [32;1m✓[39;22m[90m [39m[90mit rejects duplicate restriction keys even when another stage denies with ('before')[39m
  [32;1m✓[39;22m[90m [39m[90mit rejects duplicate restriction keys even when another stage denies with ('not_granted')[39m
  [32;1m✓[39;22m[90m [39m[90mit rejects duplicate restriction keys even when another stage denies with ('boundary')[39m
  [32;1m✓[39;22m[90m [39m[90mit rejects invalid hook list elements with their origin at compilation with ('after')[39m
  [32;1m✓[39;22m[90m [39m[90mit rejects invalid hook list elements with their origin at compilation with ('before')[39m
  [32;1m✓[39;22m[90m [39m[90mit rejects invalid hook list elements with their origin at compilation with ('grantConditions')[39m
  [32;1m✓[39;22m[90m [39m[90mit rejects invalid hook list elements with their origin at compilation with ('restrictions')[39m

  [30;42;1m PASS [39;49;22m[39m Tests\Feature\Sources\Database\DecisionFieldsTest[39m
  [32;1m✓[39;22m[90m [39m[90mit rejects an undeclared decision field before reading contribution[39m[90m…[39m [90m0.01s[39m  
  [32;1m✓[39;22m[90m [39m[90mit returns only declared decision fields from the exact custom gran[39m[90m…[39m [90m0.01s[39m  

  [30;42;1m PASS [39;49;22m[39m Tests\Feature\Sources\Folder\PolicyBindingTest[39m
  [32;1m✓[39;22m[90m [39m[90mit rejects an invalid attributed method from every binding source with dataset "unrelated" / dataset "folder"[39m
  [32;1m✓[39;22m[90m [39m[90mit rejects an invalid attributed method from every binding source with dataset "ambiguous explicit" / dataset "custom"[39m
  [32;1m✓[39;22m[90m [39m[90mit rejects an invalid attributed method from every binding source with dataset "ambiguous explicit" / dataset "folder"[39m
  [32;1m✓[39;22m[90m [39m[90mit rejects an invalid attributed method from every binding source with dataset "static" / dataset "custom"[39m
  [32;1m✓[39;22m[90m [39m[90mit rejects an invalid attributed method from every binding source with dataset "nonpublic" / dataset "custom"[39m
  [32;1m✓[39;22m[90m [39m[90mit rejects an invalid attributed method from every binding source with dataset "missing" / dataset "custom"[39m
  [32;1m✓[39;22m[90m [39m[90mit rejects an invalid attributed method from every binding source with dataset "ambiguous" / dataset "folder"[39m
  [32;1m✓[39;22m[90m [39m[90mit rejects an invalid attributed method from every binding source with dataset "ambiguous" / dataset "custom"[39m
  [32;1m✓[39;22m[90m [39m[90mit rejects an invalid attributed method from every binding source with dataset "wrong permission" / dataset "custom"[39m
  [32;1m✓[39;22m[90m [39m[90mit rejects an invalid attributed method from every binding source with dataset "missing" / dataset "folder"[39m
  [32;1m✓[39;22m[90m [39m[90mit rejects an invalid attributed method from every binding source with dataset "nonexistent" / dataset "custom"[39m
  [32;1m✓[39;22m[90m [39m[90mit rejects an invalid attributed method from every binding source with dataset "static" / dataset "folder"[39m
  [32;1m✓[39;22m[90m [39m[90mit rejects an invalid attributed method from every binding source with dataset "wrong permission" / dataset "folder"[39m
  [32;1m✓[39;22m[90m [39m[90mit rejects an invalid attributed method from every binding source with dataset "unrelated" / dataset "custom"[39m
  [32;1m✓[39;22m[90m [39m[90mit rejects an invalid attributed method from every binding source with dataset "nonpublic" / dataset "folder"[39m
  [32;1m✓[39;22m[90m [39m[90mit rejects an invalid attributed method from every binding source with dataset "nonexistent" / dataset "folder"[39m
  [32;1m✓[39;22m[90m [39m[90mit R1: rejects a custom source binding without Decides[39m
  [32;1m✓[39;22m[90m [39m[90mit accepts the explicit attributed method from folder and custom sources with dataset "custom"[39m
  [32;1m✓[39;22m[90m [39m[90mit accepts the explicit attributed method from folder and custom sources with dataset "folder"[39m
  [32;1m✓[39;22m[90m [39m[90mit normalizes a custom source binding by enum case and local name with dataset "name"[39m
  [32;1m✓[39;22m[90m [39m[90mit normalizes a custom source binding by enum case and local name with dataset "case"[39m
  [32;1m✓[39;22m[90m [39m[90mit preserves normalized folder and custom methods through the real[39m[90m… [39m [90m0.01s[39m  
  [32;1m✓[39;22m[90m [39m[90mit R1: keeps the attributed method[39m
  [32;1m✓[39;22m[90m [39m[90mit R1: rejects an unrelated method[39m

  [30;42;1m PASS [39;49;22m[39m Tests\Feature\Sources\Database\FenceTest[39m
  [32;1m✓[39;22m[90m [39m[90mit does not consume a fence source with no assignment capabilities[39m[90m  [39m [90m0.01s[39m  
  [32;1m✓[39;22m[90m [39m[90mit pins Default schema state and both grants to the configured read[39m[90m…[39m [90m0.01s[39m  
  [32;1m✓[39;22m[90m [39m[90mit rejects consumed unrecognized framework and raw PDO transactions before assignment reads with (true)[39m
  [32;1m✓[39;22m[90m [39m[90mit rejects consumed unrecognized framework and raw PDO transactions before assignment reads with (false)[39m
  [32;1m✓[39;22m[90m [39m[90mit denies ConsistencyError after exactly three unstable whole-set a[39m[90m…[39m [90m0.01s[39m  
  [32;1m✓[39;22m[90m [39m[90mit keeps static PolicyOnly free of assignment state dynamic reads a[39m[90m…[39m [90m0.01s[39m  
  [32;1m✓[39;22m[90m [39m[90mit fences and retries all capabilities of an external source as a w[39m[90m…[39m [90m0.01s[39m  
  [32;1m✓[39;22m[90m [39m[90mit discards both capabilities when the fence changes and returns a[39m[90m… [39m [90m0.01s[39m  

  [30;42;1m PASS [39;49;22m[39m Tests\Feature\Sources\Folder\AutomaticRolesTest[39m
  [32;1m✓[39;22m[90m [39m[90mit fails closed when the automatic predicate throws[39m[90m                 [39m [90m0.01s[39m  
  [32;1m✓[39;22m[90m [39m[90mit creates automatic roles per operation and converts source failures into SourceError[39m
  [32;1m✓[39;22m[90m [39m[90mit assigns automatic seller by target stores and root by is_root on each operation[39m
  [32;1m✓[39;22m[90m [39m[90mit evaluates automatic roles from the compiled catalogue including other definition sources[39m
  [32;1m✓[39;22m[90m [39m[90mit emits one contribution per requested scope and no role for a missing subject model[39m
  [32;1m✓[39;22m[90m [39m[90mit adds manual and automatic contributions of one role without conflict[39m

  [30;42;1m PASS [39;49;22m[39m Tests\Feature\Sources\Database\DynamicCatalogTest[39m
  [32;1m✓[39;22m[90m [39m[90mit never queries permissions with dynamic opt-in disabled or during[39m[90m…[39m [90m0.01s[39m  
  [32;1m✓[39;22m[90m [39m[90mit rejects an unknown explicit tenant before dynamic storage lookup[39m[90m…[39m [90m0.01s[39m  
  [32;1m✓[39;22m[90m [39m[90mit allows only known dynamic actions and requires a grant rather th[39m[90m…[39m [90m0.01s[39m  
  [32;1m✓[39;22m[90m [39m[90mit rejects static shadows and prefix conflicts in the tenant overla[39m[90m…[39m [90m0.01s[39m  
  [32;1m✓[39;22m[90m [39m[90mit reads exact panel tenant definitions while sharing the static ro[39m[90m…[39m [90m0.01s[39m  

  [90mTests:[39m    [32;1m205 passed[39;22m[90m (699 assertions)[39m
  [90mDuration:[39m [39m1.80s[39m
  [90mRandom Order Seed:[39m [39m1791194066[39m

$ php -d memory_limit=1G vendor/bin/pest tests/Feature/Authorization tests/Feature/Sources
