
  [30;42;1m PASS [39;49;22m[39m Tests\Feature\Sources\Relation\RelationSelectionTest[39m
  [32;1m✓[39;22m[90m [39m[90mit enumerates with a fixed root and membership query budget without[39m[90m…[39m [90m0.06s[39m  
  [32;1m✓[39;22m[90m [39m[90mit groups scope callback OR clauses so they cannot broaden membersh[39m[90m…[39m [90m0.01s[39m  
  [32;1m✓[39;22m[90m [39m[90mit passes exactly the published single builder argument to a scope callback[39m
  [32;1m✓[39;22m[90m [39m[90mit rejects scope callbacks that change query structure instead of grouped predicates with ('join')[39m
  [32;1m✓[39;22m[90m [39m[90mit rejects scope callbacks that change query structure instead of grouped predicates with ('limit')[39m
  [32;1m✓[39;22m[90m [39m[90mit rejects scope callbacks that change query structure instead of grouped predicates with ('from')[39m
  [32;1m✓[39;22m[90m [39m[90mit rejects scope callbacks that change query structure instead of grouped predicates with ('order')[39m
  [32;1m✓[39;22m[90m [39m[90mit rejects scope callbacks that change query structure instead of grouped predicates with ('eager load')[39m
  [32;1m✓[39;22m[90m [39m[90mit rejects scope callbacks that change query structure instead of grouped predicates with ('select')[39m
  [32;1m✓[39;22m[90m [39m[90mit bounds foreign-tenant and null-role roots before loading members[39m[90m…[39m [90m0.75s[39m  
  [32;1m✓[39;22m[90m [39m[90mit lets scope callbacks narrow results and returns no refs for a su[39m[90m…[39m [90m0.01s[39m  
  [32;1m✓[39;22m[90m [39m[90mit propagates failed narrowing callbacks without yielding a partial selection[39m
  [32;1m✓[39;22m[90m [39m[90mit rejects terminal operations before the callback can read or mutate the root query with ('whereExists delete')[39m
  [32;1m✓[39;22m[90m [39m[90mit rejects terminal operations before the callback can read or mutate the root query with ('whereHas delete')[39m
  [32;1m✓[39;22m[90m [39m[90mit rejects terminal operations before the callback can read or mutate the root query with ('create')[39m
  [32;1m✓[39;22m[90m [39m[90mit rejects terminal operations before the callback can read or mutate the root query with ('exists')[39m
  [32;1m✓[39;22m[90m [39m[90mit rejects terminal operations before the callback can read or mutate the root query with ('nested delete')[39m
  [32;1m✓[39;22m[90m [39m[90mit rejects terminal operations before the callback can read or mutate the root query with ('count')[39m
  [32;1m✓[39;22m[90m [39m[90mit rejects terminal operations before the callback can read or mutate the root query with ('delete')[39m
  [32;1m✓[39;22m[90m [39m[90mit rejects terminal operations before the callback can read or mutate the root query with ('get')[39m
  [32;1m✓[39;22m[90m [39m[90mit rejects terminal operations before the callback can read or mutate the root query with ('update')[39m
  [32;1m✓[39;22m[90m [39m[90mit preserves every raw same-ref role witness and narrows enumeratio[39m[90m…[39m [90m0.01s[39m  

  [30;42;1m PASS [39;49;22m[39m Tests\Feature\Sources\Relation\RelationRolesTest[39m
  [32;1m✓[39;22m[90m [39m[90mit reads membership from the related root and uses the exact subjec[39m[90m…[39m [90m0.02s[39m  
  [32;1m✓[39;22m[90m [39m[90mit keeps polymorphic membership on the root morph type and exact me[39m[90m…[39m [90m0.01s[39m  
  [32;1m✓[39;22m[90m [39m[90mit reads fresh membership and roles after changes with constrained[39m[90m… [39m [90m0.01s[39m  
  [32;1m✓[39;22m[90m [39m[90mit diagnoses an unknown raw pivot role in the authority stage witho[39m[90m…[39m [90m0.01s[39m  
  [32;1m✓[39;22m[90m [39m[90mit takes a scalar scope tenant from resolve rather than assuming tenantOf is the resolver[39m
  [32;1m✓[39;22m[90m [39m[90mit uses only exact requested tenant context pairs and never enumera[39m[90m…[39m [90m0.01s[39m  
  [32;1m✓[39;22m[90m [39m[90mit supports non-pivot static roles and related model callbacks with[39m[90m…[39m [90m0.01s[39m  
  [32;1m✓[39;22m[90m [39m[90mit supports non-pivot static roles and related model callbacks with[39m[90m…[39m [90m0.01s[39m  
  [32;1m✓[39;22m[90m [39m[90mit supports non-pivot static roles and related model callbacks with[39m[90m…[39m [90m0.01s[39m  
  [32;1m✓[39;22m[90m [39m[90mit rejects a contradictory resolved record instead of lending its tenant to another entity[39m
  [32;1m✓[39;22m[90m [39m[90mit fails closed in the authority stage for malformed roles callback errors and query failures with ('malformed')[39m
  [32;1m✓[39;22m[90m [39m[90mit fails closed in the authority stage for malformed roles callback errors and query failures with ('callback')[39m
  [32;1m✓[39;22m[90m [39m[90mit fails closed in the authority stage for malformed roles callback errors and query failures with ('query')[39m
  [32;1m✓[39;22m[90m [39m[90mit supports pivot callbacks and null results without using another[39m[90m… [39m [90m0.01s[39m  

  [30;42;1m PASS [39;49;22m[39m Tests\Feature\Sources\Relation\RelationBuildTest[39m
  [32;1m✓[39;22m[90m [39m[90mit uses an explicit descriptor alias and global tenant for a non-te[39m[90m…[39m [90m0.02s[39m  
  [32;1m✓[39;22m[90m [39m[90mit resolves a model shortcut through its role bound tenant aware definition[39m
  [32;1m✓[39;22m[90m [39m[90mit validates a static role against a restored catalog on the cached build path[39m
  [32;1m✓[39;22m[90m [39m[90mit describes request volatile role and selection capabilities[39m
  [32;1m✓[39;22m[90m [39m[90mit rejects missing or ambiguous model shortcut definitions during build with (false)[39m
  [32;1m✓[39;22m[90m [39m[90mit rejects missing or ambiguous model shortcut definitions during build with (true)[39m
  [32;1m✓[39;22m[90m [39m[90mit rejects a computed source id longer than the source label limit at build[39m
  [32;1m✓[39;22m[90m [39m[90mit rejects unknown static roles malformed relations and non-queryable definitions before runtime with ('missing relation')[39m
  [32;1m✓[39;22m[90m [39m[90mit rejects unknown static roles malformed relations and non-queryable definitions before runtime with ('unknown role')[39m
  [32;1m✓[39;22m[90m [39m[90mit rejects unknown static roles malformed relations and non-queryable definitions before runtime with ('queryless')[39m
  [32;1m✓[39;22m[90m [39m[90mit rejects unknown static roles malformed relations and non-queryable definitions before runtime with ('malformed relation')[39m
  [32;1m✓[39;22m[90m [39m[90mit rejects unknown static roles malformed relations and non-queryable definitions before runtime with ('model null')[39m
  [32;1m✓[39;22m[90m [39m[90mit rejects duplicate source ids even when different relations supply the same scope type[39m

  [90mTests:[39m    [32;1m49 passed[39;22m[90m (180 assertions)[39m
  [90mDuration:[39m [39m1.10s[39m
  [90mRandom Order Seed:[39m [39m1791194065[39m

$ php -d memory_limit=1G vendor/bin/pest tests/Feature/Sources/Relation
