
   FAIL  Tests\Arch\ZonesArchTest
  ✓ it rejects a directory file that imports storage, changes or authorization
  ✓ production code does not import test helpers (AzGuard\Authorization… 0.05s  
  ✓ panels, catalog, scopes, policies and schema stay off storage and c… 0.05s  
  ✓ sources other than the database source and plugins stay off storage… 0.07s  
  ✓ production code does not import test helpers (AzGuard\Attributes)
  ✓ panels, catalog, scopes, policies and schema stay off storage and c… 0.02s  
  ✓ production code does not import test helpers (AzGuard\Laravel)       0.01s  
  ✓ production code does not import test helpers (AzGuard\Contracts)     0.02s  
  ✓ it resolves model calls through imports aliases inheritance and class-relative names
  ✓ it finds framework helper calls but not methods with the same name
  ✓ panels, catalog, scopes, policies and schema stay off storage and c… 0.05s  
  ✓ production code does not import test helpers (AzGuard\Policies)      0.01s  
  ✓ exceptions depend only on the kernel                                 1.50s  
  ✓ production code does not import test helpers (AzGuard\Concerns)
  ✓ grants are stored only through the change pipeline, the database so… 0.28s  
  ✓ production code does not import test helpers (AzGuard\Schema)
  ✓ production code does not import test helpers (AzGuard\Internal)
  ✓ it rejects a StoresGrants transaction() call copied into the panel…  0.02s  
  ✓ production code does not import test helpers (AzGuard\Events)
  ✓ plugins do not reach into internals
  ✓ panels, catalog, scopes, policies and schema stay off storage and changes (AzGuard\Policies)
  ✓ directories do not decide access or touch storage and changes (AzGuard\Directories)
  ✓ production code does not import test helpers (AzGuard\Plugins)
  ✓ production code does not import test helpers (AzGuard\Exceptions)
  ✓ kernel depends on nothing but PHP                                    0.45s  
  ✓ production code does not import test helpers (AzGuard\Catalog)
  ✓ production code does not import test helpers (AzGuard\Permissions)
  ✓ production code does not import test helpers (AzGuard\Changes)
  ✓ production code does not import test helpers (AzGuard\Scopes)
  ✓ production code does not import test helpers (AzGuard\Roles)
  ✓ sources do not use changes or authorization
  ✓ authorization and schema never change access (AzGuard\Schema)
  ✓ contracts do not import implementations
  ✓ production code does not import test helpers (AzGuard\Facades)
  ✓ production code does not import test helpers (AzGuard\Storage)       0.04s  
  ✓ production code does not import test helpers (AzGuard\Panels)
  ✓ it only storage database sources change pipeline and testing use st… 0.09s  
  ✓ code roles do not use storage, changes or authorization
  ⨯ it keeps the kernel free of framework helper calls
  ✓ sources other than the database source and plugins stay off storage (AzGuard\Plugins)
  ✓ it rejects a policy file that imports storage or changes
  ✓ storage does not use authorization or changes
  ✓ authorization and schema never change access (AzGuard\Authorization)
  ✓ it only storage uses storage concerns and the guarded builder        0.10s  
  ✓ production code does not import test helpers (AzGuard\Kernel)
  ✓ production code does not import test helpers (AzGuard\Diagnostics)
  ✓ the catalog neither decides access nor reaches the framework adapters (AzGuard\Catalog)
  ✓ only storage and the database source touch the database layer        0.06s  
  ✓ it resolves grouped mutation imports and fully qualified internal dependencies
  ✓ it only storage and database sources call storage models statically  0.05s  
  ✓ production code does not import test helpers (AzGuard\Directories)
  ✓ production code does not import test helpers (AzGuard\Configuration… 0.01s  
  ✓ configuration depends only on the kernel, exceptions and the framew… 0.01s  
  ✓ panels, catalog, scopes, policies and schema stay off storage and changes (AzGuard\Scopes)
  ✓ production code does not import test helpers (AzGuard\Filament)
  ✓ production code does not import test helpers (AzGuard\AzGuardServiceProvider)
  ✓ production code does not import test helpers (AzGuard\Sources)

   PASS  Tests\Arch\BaselineArchTest
  ✓ it keeps package sources free of debug calls                         0.05s  
  ✓ it finds debug calls but not methods, static calls or declarations with the same name
  ✓ package sources declare strict types                                 0.28s  

   PASS  Tests\Arch\ApiManifestTest
  ✓ it keeps both api manifests current                                  0.05s  
  ✓ it lets the filament package use only core classes from the manifest

   PASS  Tests\Arch\AuthorizationArchTest
  ✓ authorization coordinator never reaches ambient auth or framework g… 0.01s  
  ✓ it proves the authorization source boundary RED against a scratch c… 0.03s  
  ✓ sources use contracts and values without importing authorization implementations
  ✓ it keeps the coordinator provenance exception read only

   PASS  Tests\Arch\SourceConventionsTest
  ✓ it finds panel selection calls and the request panel class but not declarations, strings or comments
  ✓ it reads package configuration only in the configuration zone
  ✓ it finds task codes only in comments
  ✓ it tags every contract as api or spi
  ✓ it keeps internal task codes out of source comments                  0.01s  
  ✓ it picks a panel only in the panel resolver                          0.01s  
  ────────────────────────────────────────────────────────────────────────────  
   FAILED  Tests\Arch\ZonesArchTest > it keeps the kernel free of framework…    
  Failed asserting that two arrays are identical.
  -Array &0 []
  +Array &0 [
  +    0 => 'packages/core/src/Kernel/Identity/SubjectRef.php: now()',
  +]
  

  at tests/Arch/ZonesArchTest.php:69
     65▕     expect(SourceScan::functionCalls($code, AZGUARD_FRAMEWORK_HELPERS))->toBe(['now', 'config']);
     66▕ });
     67▕ 
     68▕ it('keeps the kernel free of framework helper calls', function (): void {
  ➜  69▕     expect(SourceScan::callsIn(SourceScan::files('packages/core/src/Kernel'), AZGUARD_FRAMEWORK_HELPERS))->toBe([]);
     70▕ });
     71▕ 
     72▕ arch('exceptions depend only on the kernel')
     73▕     ->expect('AzGuard\Exceptions')

  1   tests/Arch/ZonesArchTest.php:69


  Tests:    1 failed, 71 passed (314 assertions)
  Duration: 3.43s
  Random Order Seed: 1791194460

