Composer could not detect the root package (t/illuminate-only-11) version, defaulting to '1.0.0'. See https://getcomposer.org/root-version
Loading composer repositories with package information
Updating dependencies
Lock file operations: 70 installs, 0 updates, 0 removals
  - Locking axiomasoft/azguard (dev-main)
  - Locking brick/math (0.14.8)
  - Locking carbonphp/carbon-doctrine-types (3.2.1)
  - Locking doctrine/inflector (2.1.0)
  - Locking fruitcake/php-cors (v1.4.0)
  - Locking guzzlehttp/guzzle (7.15.5)
  - Locking guzzlehttp/promises (2.5.3)
  - Locking guzzlehttp/psr7 (2.13.1)
  - Locking guzzlehttp/uri-template (v1.0.11)
  - Locking illuminate/auth (v11.51.0)
  - Locking illuminate/bus (v11.51.0)
  - Locking illuminate/collections (v11.51.0)
  - Locking illuminate/conditionable (v11.51.0)
  - Locking illuminate/console (v11.51.0)
  - Locking illuminate/container (v11.51.0)
  - Locking illuminate/contracts (v11.51.0)
  - Locking illuminate/database (v11.51.0)
  - Locking illuminate/events (v11.51.0)
  - Locking illuminate/filesystem (v11.51.0)
  - Locking illuminate/http (v11.51.0)
  - Locking illuminate/log (v11.51.0)
  - Locking illuminate/macroable (v11.51.0)
  - Locking illuminate/pipeline (v11.51.0)
  - Locking illuminate/queue (v11.51.0)
  - Locking illuminate/routing (v11.51.0)
  - Locking illuminate/session (v11.51.0)
  - Locking illuminate/support (v11.51.0)
  - Locking illuminate/view (v11.51.0)
  - Locking laravel/prompts (v0.3.25)
  - Locking laravel/serializable-closure (v2.1.0)
  - Locking monolog/monolog (3.12.1)
  - Locking nesbot/carbon (3.14.2)
  - Locking nunomaduro/termwind (v2.4.0)
  - Locking psr/clock (1.0.0)
  - Locking psr/container (2.0.2)
  - Locking psr/event-dispatcher (1.0.0)
  - Locking psr/http-client (1.0.3)
  - Locking psr/http-factory (1.1.0)
  - Locking psr/http-message (2.0)
  - Locking psr/log (3.0.2)
  - Locking psr/simple-cache (3.0.0)
  - Locking ralouphie/getallheaders (3.0.3)
  - Locking ramsey/collection (2.1.1)
  - Locking ramsey/uuid (4.9.4)
  - Locking symfony/clock (v7.4.8)
  - Locking symfony/console (v7.4.20)
  - Locking symfony/deprecation-contracts (v3.7.1)
  - Locking symfony/error-handler (v7.4.20)
  - Locking symfony/event-dispatcher (v7.4.17)
  - Locking symfony/event-dispatcher-contracts (v3.7.1)
  - Locking symfony/finder (v7.4.20)
  - Locking symfony/http-foundation (v7.4.20)
  - Locking symfony/http-kernel (v7.4.20)
  - Locking symfony/mime (v7.4.19)
  - Locking symfony/polyfill-ctype (v1.37.0)
  - Locking symfony/polyfill-intl-grapheme (v1.43.0)
  - Locking symfony/polyfill-intl-idn (v1.43.0)
  - Locking symfony/polyfill-intl-normalizer (v1.43.0)
  - Locking symfony/polyfill-mbstring (v1.43.0)
  - Locking symfony/polyfill-php80 (v1.43.0)
  - Locking symfony/polyfill-php83 (v1.43.0)
  - Locking symfony/polyfill-php85 (v1.43.0)
  - Locking symfony/process (v7.4.19)
  - Locking symfony/routing (v7.4.20)
  - Locking symfony/service-contracts (v3.7.3)
  - Locking symfony/string (v7.4.19)
  - Locking symfony/translation (v7.4.17)
  - Locking symfony/translation-contracts (v3.7.1)
  - Locking symfony/var-dumper (v7.4.18)
  - Locking voku/portable-ascii (2.1.1)
Writing lock file
Installing dependencies from lock file (including require-dev)
Package operations: 70 installs, 0 updates, 0 removals
  - Downloading illuminate/macroable (v11.51.0)
  - Downloading illuminate/contracts (v11.51.0)
  - Downloading illuminate/conditionable (v11.51.0)
  - Downloading illuminate/collections (v11.51.0)
  - Downloading illuminate/support (v11.51.0)
  - Downloading illuminate/filesystem (v11.51.0)
  - Downloading illuminate/session (v11.51.0)
  - Downloading illuminate/pipeline (v11.51.0)
  - Downloading illuminate/http (v11.51.0)
  - Downloading illuminate/container (v11.51.0)
  - Downloading illuminate/routing (v11.51.0)
  - Downloading illuminate/database (v11.51.0)
  - Downloading illuminate/bus (v11.51.0)
  - Downloading illuminate/events (v11.51.0)
  - Downloading illuminate/view (v11.51.0)
  - Downloading illuminate/console (v11.51.0)
  - Downloading illuminate/queue (v11.51.0)
  - Downloading illuminate/log (v11.51.0)
  - Downloading illuminate/auth (v11.51.0)
  - Installing voku/portable-ascii (2.1.1): Extracting archive
  - Installing symfony/translation-contracts (v3.7.1): Extracting archive
  - Installing symfony/polyfill-mbstring (v1.43.0): Extracting archive
  - Installing symfony/deprecation-contracts (v3.7.1): Extracting archive
  - Installing symfony/translation (v7.4.17): Extracting archive
  - Installing symfony/polyfill-php83 (v1.43.0): Extracting archive
  - Installing psr/clock (1.0.0): Extracting archive
  - Installing symfony/clock (v7.4.8): Extracting archive
  - Installing carbonphp/carbon-doctrine-types (3.2.1): Extracting archive
  - Installing nesbot/carbon (3.14.2): Extracting archive
  - Installing illuminate/macroable (v11.51.0): Extracting archive
  - Installing psr/simple-cache (3.0.0): Extracting archive
  - Installing psr/container (2.0.2): Extracting archive
  - Installing illuminate/contracts (v11.51.0): Extracting archive
  - Installing illuminate/conditionable (v11.51.0): Extracting archive
  - Installing illuminate/collections (v11.51.0): Extracting archive
  - Installing symfony/polyfill-ctype (v1.37.0): Extracting archive
  - Installing doctrine/inflector (2.1.0): Extracting archive
  - Installing illuminate/support (v11.51.0): Extracting archive
  - Installing symfony/routing (v7.4.20): Extracting archive
  - Installing symfony/http-foundation (v7.4.20): Extracting archive
  - Installing psr/event-dispatcher (1.0.0): Extracting archive
  - Installing symfony/event-dispatcher-contracts (v3.7.1): Extracting archive
  - Installing symfony/event-dispatcher (v7.4.17): Extracting archive
  - Installing symfony/var-dumper (v7.4.18): Extracting archive
  - Installing symfony/polyfill-php85 (v1.43.0): Extracting archive
  - Installing psr/log (3.0.2): Extracting archive
  - Installing symfony/error-handler (v7.4.20): Extracting archive
  - Installing symfony/http-kernel (v7.4.20): Extracting archive
  - Installing symfony/finder (v7.4.20): Extracting archive
  - Installing illuminate/filesystem (v11.51.0): Extracting archive
  - Installing illuminate/session (v11.51.0): Extracting archive
  - Installing illuminate/pipeline (v11.51.0): Extracting archive
  - Installing symfony/polyfill-intl-normalizer (v1.43.0): Extracting archive
  - Installing symfony/polyfill-intl-idn (v1.43.0): Extracting archive
  - Installing symfony/mime (v7.4.19): Extracting archive
  - Installing symfony/polyfill-php80 (v1.43.0): Extracting archive
  - Installing guzzlehttp/uri-template (v1.0.11): Extracting archive
  - Installing psr/http-message (2.0): Extracting archive
  - Installing psr/http-client (1.0.3): Extracting archive
  - Installing ralouphie/getallheaders (3.0.3): Extracting archive
  - Installing psr/http-factory (1.1.0): Extracting archive
  - Installing guzzlehttp/psr7 (2.13.1): Extracting archive
  - Installing guzzlehttp/promises (2.5.3): Extracting archive
  - Installing guzzlehttp/guzzle (7.15.5): Extracting archive
  - Installing fruitcake/php-cors (v1.4.0): Extracting archive
  - Installing illuminate/http (v11.51.0): Extracting archive
  - Installing illuminate/container (v11.51.0): Extracting archive
  - Installing illuminate/routing (v11.51.0): Extracting archive
  - Installing symfony/process (v7.4.19): Extracting archive
  - Installing ramsey/collection (2.1.1): Extracting archive
  - Installing brick/math (0.14.8): Extracting archive
  - Installing ramsey/uuid (4.9.4): Extracting archive
  - Installing laravel/serializable-closure (v2.1.0): Extracting archive
  - Installing illuminate/database (v11.51.0): Extracting archive
  - Installing symfony/polyfill-intl-grapheme (v1.43.0): Extracting archive
  - Installing symfony/string (v7.4.19): Extracting archive
  - Installing symfony/service-contracts (v3.7.3): Extracting archive
  - Installing symfony/console (v7.4.20): Extracting archive
  - Installing nunomaduro/termwind (v2.4.0): Extracting archive
  - Installing laravel/prompts (v0.3.25): Extracting archive
  - Installing illuminate/bus (v11.51.0): Extracting archive
  - Installing illuminate/events (v11.51.0): Extracting archive
  - Installing illuminate/view (v11.51.0): Extracting archive
  - Installing illuminate/console (v11.51.0): Extracting archive
  - Installing illuminate/queue (v11.51.0): Extracting archive
  - Installing monolog/monolog (3.12.1): Extracting archive
  - Installing illuminate/log (v11.51.0): Extracting archive
  - Installing illuminate/auth (v11.51.0): Extracting archive
  - Installing axiomasoft/azguard (dev-main): Mirroring from /home/vostrikov/projects/packages/azguard/packages/core
32 package suggestions were added by new dependencies, use `composer suggest` to see details.
Generating autoload files
37 packages you are using are looking for funding.
Use the `composer fund` command to find out more!
No security vulnerability advisories found.
solve=0
