test_bookkeeping_edits_and_head_movement_keep_product_tree_stable (tests.test_task_contract.CurrentValidationContextTests.test_bookkeeping_edits_and_head_movement_keep_product_tree_stable) ... ok
test_declaration_order_and_overlap_do_not_change_product_digest (tests.test_task_contract.CurrentValidationContextTests.test_declaration_order_and_overlap_do_not_change_product_digest) ... FAIL
test_deleted_glob_member_changes_product_tree_even_when_staged (tests.test_task_contract.CurrentValidationContextTests.test_deleted_glob_member_changes_product_tree_even_when_staged) ... FAIL
test_each_brace_member_edit_changes_product_tree (tests.test_task_contract.CurrentValidationContextTests.test_each_brace_member_edit_changes_product_tree) ... 
  test_each_brace_member_edit_changes_product_tree (tests.test_task_contract.CurrentValidationContextTests.test_each_brace_member_edit_changes_product_tree) (path='src/source.py') ... FAIL
  test_each_brace_member_edit_changes_product_tree (tests.test_task_contract.CurrentValidationContextTests.test_each_brace_member_edit_changes_product_tree) (path='src/binding.py') ... FAIL
test_missing_explicit_member_creation_and_deletion_change_tree (tests.test_task_contract.CurrentValidationContextTests.test_missing_explicit_member_creation_and_deletion_change_tree) ... ok
test_nested_glob_member_edit_changes_product_tree (tests.test_task_contract.CurrentValidationContextTests.test_nested_glob_member_edit_changes_product_tree) ... FAIL
test_new_untracked_glob_member_changes_product_tree (tests.test_task_contract.CurrentValidationContextTests.test_new_untracked_glob_member_changes_product_tree) ... FAIL
test_symlink_target_is_hashed_without_following_its_bytes (tests.test_task_contract.CurrentValidationContextTests.test_symlink_target_is_hashed_without_following_its_bytes) ... FAIL

======================================================================
FAIL: test_declaration_order_and_overlap_do_not_change_product_digest (tests.test_task_contract.CurrentValidationContextTests.test_declaration_order_and_overlap_do_not_change_product_digest)
----------------------------------------------------------------------
Traceback (most recent call last):
  File "/home/vostrikov/projects/packages/swissknifeman/packages/task/tests/test_task_contract.py", line 830, in test_declaration_order_and_overlap_do_not_change_product_digest
    self.assertEqual(before["tree"], after["tree"])
AssertionError: '4cc4a12eadc704ef35be5bd35e3206de7f4b87179adc082a039822cbf7c0f1dc' != 'e3532512b2a8bced540f979a7323426e7c93ba5f7166c25c101c030b27673431'
- 4cc4a12eadc704ef35be5bd35e3206de7f4b87179adc082a039822cbf7c0f1dc
+ e3532512b2a8bced540f979a7323426e7c93ba5f7166c25c101c030b27673431


======================================================================
FAIL: test_deleted_glob_member_changes_product_tree_even_when_staged (tests.test_task_contract.CurrentValidationContextTests.test_deleted_glob_member_changes_product_tree_even_when_staged)
----------------------------------------------------------------------
Traceback (most recent call last):
  File "/home/vostrikov/projects/packages/swissknifeman/packages/task/tests/test_task_contract.py", line 786, in test_deleted_glob_member_changes_product_tree_even_when_staged
    self.assertNotEqual(before["tree"], deleted["tree"])
AssertionError: '4cc4a12eadc704ef35be5bd35e3206de7f4b87179adc082a039822cbf7c0f1dc' == '4cc4a12eadc704ef35be5bd35e3206de7f4b87179adc082a039822cbf7c0f1dc'

======================================================================
FAIL: test_each_brace_member_edit_changes_product_tree (tests.test_task_contract.CurrentValidationContextTests.test_each_brace_member_edit_changes_product_tree) (path='src/source.py')
----------------------------------------------------------------------
Traceback (most recent call last):
  File "/home/vostrikov/projects/packages/swissknifeman/packages/task/tests/test_task_contract.py", line 766, in test_each_brace_member_edit_changes_product_tree
    self.assertNotEqual(before["tree"], self.context()["tree"])
AssertionError: '4cc4a12eadc704ef35be5bd35e3206de7f4b87179adc082a039822cbf7c0f1dc' == '4cc4a12eadc704ef35be5bd35e3206de7f4b87179adc082a039822cbf7c0f1dc'

======================================================================
FAIL: test_each_brace_member_edit_changes_product_tree (tests.test_task_contract.CurrentValidationContextTests.test_each_brace_member_edit_changes_product_tree) (path='src/binding.py')
----------------------------------------------------------------------
Traceback (most recent call last):
  File "/home/vostrikov/projects/packages/swissknifeman/packages/task/tests/test_task_contract.py", line 766, in test_each_brace_member_edit_changes_product_tree
    self.assertNotEqual(before["tree"], self.context()["tree"])
AssertionError: '4cc4a12eadc704ef35be5bd35e3206de7f4b87179adc082a039822cbf7c0f1dc' == '4cc4a12eadc704ef35be5bd35e3206de7f4b87179adc082a039822cbf7c0f1dc'

======================================================================
FAIL: test_nested_glob_member_edit_changes_product_tree (tests.test_task_contract.CurrentValidationContextTests.test_nested_glob_member_edit_changes_product_tree)
----------------------------------------------------------------------
Traceback (most recent call last):
  File "/home/vostrikov/projects/packages/swissknifeman/packages/task/tests/test_task_contract.py", line 773, in test_nested_glob_member_edit_changes_product_tree
    self.assertNotEqual(before["tree"], self.context()["tree"])
AssertionError: '4cc4a12eadc704ef35be5bd35e3206de7f4b87179adc082a039822cbf7c0f1dc' == '4cc4a12eadc704ef35be5bd35e3206de7f4b87179adc082a039822cbf7c0f1dc'

======================================================================
FAIL: test_new_untracked_glob_member_changes_product_tree (tests.test_task_contract.CurrentValidationContextTests.test_new_untracked_glob_member_changes_product_tree)
----------------------------------------------------------------------
Traceback (most recent call last):
  File "/home/vostrikov/projects/packages/swissknifeman/packages/task/tests/test_task_contract.py", line 778, in test_new_untracked_glob_member_changes_product_tree
    self.assertNotEqual(before["tree"], self.context()["tree"])
AssertionError: '4cc4a12eadc704ef35be5bd35e3206de7f4b87179adc082a039822cbf7c0f1dc' == '4cc4a12eadc704ef35be5bd35e3206de7f4b87179adc082a039822cbf7c0f1dc'

======================================================================
FAIL: test_symlink_target_is_hashed_without_following_its_bytes (tests.test_task_contract.CurrentValidationContextTests.test_symlink_target_is_hashed_without_following_its_bytes)
----------------------------------------------------------------------
Traceback (most recent call last):
  File "/home/vostrikov/projects/packages/swissknifeman/packages/task/tests/test_task_contract.py", line 807, in test_symlink_target_is_hashed_without_following_its_bytes
    self.assertNotEqual(before["tree"], self.context()["tree"])
AssertionError: '4cc4a12eadc704ef35be5bd35e3206de7f4b87179adc082a039822cbf7c0f1dc' == '4cc4a12eadc704ef35be5bd35e3206de7f4b87179adc082a039822cbf7c0f1dc'

----------------------------------------------------------------------
Ran 8 tests in 0.093s

FAILED (failures=7)
