
  [39;41;1m FAIL [39;49;22m[39m Tests\Feature\Visibility\MembershipReproTest[39m
  [31;1m⨯[39;22m[90m [39m[90mit denies ordinary granted visibility when fixed tenant membership[39m[90m… [39m [90m0.07s[39m  
  [31m────────────────────────────────────────────────────────────────────────────[39m  
  [41;1m FAILED [49;22m [1mTests\Feature\Visibility\MembershipReproTest[22m [90m>[39m it denies ordinary…   
[39;1m  Failed asserting that two arrays are identical.
  [39;22m[31m-Array &0 [][39m[39;1m
  [39;22m[32m+Array &0 [[39m[39;1m
  [39;22m[32m+    0 => 1,[39m[39;1m
  [39;22m[32m+][39m[39;1m
  [39;22m

  at [32mtests/Feature/Visibility/MembershipReproTest.php[39m:[32m18[39m
     14▕  [$visibility,$panel,$authorizer]=W::compile($source,fn(PanelBuilder $panel)=>$panel->tenants(TenantPolicy::required(Organization::class)->requireMembership(new Membership(members:[]))),tenant:true);
     15▕  $source->direct=[W::grant(1)];
     16▕  $request=AccessRequest::for(W::subject(),PermissionKey::of('admin','orders.view'))->on(null,VisibilityProject::query()->find(1))->inTenant(W::tenant());
     17▕  expect($authorizer->decide($panel,$request)->allowed())->toBeFalse();
  ➜  18▕  expect($visibility->visibleTo($panel,VisibilityProject::query(),W::subject(),'orders.view',W::scope())->pluck('id')->all())->toBe([]);
     19▕  W::reset();
     20▕ });
     21▕

  [33m1   [39m[39;1mtests/Feature/Visibility/MembershipReproTest.php[39;22m:[39;1m18[39;22m


  [90mTests:[39m    [31;1m1 failed[39;22m[90m (2 assertions)[39m
  [90mDuration:[39m [39m0.10s[39m
  [90mRandom Order Seed:[39m [39m1791315272[39m

