
  [30;42;1m PASS [39;49;22m[39m Tests\Feature\Authorization\SuperAdminTest[39m
  [32;1m✓[39;22m[90m [39m[90mit does not request global roles from a required tenant without an[39m[90m… [39m [90m0.06s[39m  
  [32;1m✓[39;22m[90m [39m[90mit structural scope rejection also rejects isSuperAdmin before contribution reads[39m
  [32;1m✓[39;22m[90m [39m[90mit qualifies isSuperAdmin without before policies or restrictions and still enforces their access veto with ('policy')[39m
  [32;1m✓[39;22m[90m [39m[90mit qualifies isSuperAdmin without before policies or restrictions and still enforces their access veto with ('restriction')[39m
  [32;1m✓[39;22m[90m [39m[90mit qualifies isSuperAdmin without before policies or restrictions and still enforces their access veto with ('before')[39m
  [32;1m✓[39;22m[90m [39m[90mit global superadmin cannot cross resource owner tenant or context with (false)[39m
  [32;1m✓[39;22m[90m [39m[90mit global superadmin cannot cross resource owner tenant or context with (true)[39m
  [32;1m✓[39;22m[90m [39m[90mit implements the tenant and contextual superadmin assignment table with ('inherit', null, 'B', …)[39m
  [32;1m✓[39;22m[90m [39m[90mit implements the tenant and contextual superadmin assignment table with ('inherit', 1, 'A', …) #3[39m
  [32;1m✓[39;22m[90m [39m[90mit implements the tenant and contextual superadmin assignment table with ('inherit', 1, 'A', …) #2[39m
  [32;1m✓[39;22m[90m [39m[90mit implements the tenant and contextual superadmin assignment table with ('inherit', null, 'A', …) #2[39m
  [32;1m✓[39;22m[90m [39m[90mit implements the tenant and contextual superadmin assignment table with ('inherit', 1, 'A', …) #1[39m
  [32;1m✓[39;22m[90m [39m[90mit implements the tenant and contextual superadmin assignment table with ('isolated', null, 'A', …)[39m
  [32;1m✓[39;22m[90m [39m[90mit implements the tenant and contextual superadmin assignment table with ('inherit', null, 'A', …) #1[39m
  [32;1m✓[39;22m[90m [39m[90mit implements the tenant and contextual superadmin assignment table with ('inherit', 1, 'B', …)[39m
  [32;1m✓[39;22m[90m [39m[90mit keeps restriction exemption monotonic with ordinary grants in either source order with (true) / (false) / (true)[39m
  [32;1m✓[39;22m[90m [39m[90mit keeps restriction exemption monotonic with ordinary grants in either source order with (false) / (false) / (false)[39m
  [32;1m✓[39;22m[90m [39m[90mit keeps restriction exemption monotonic with ordinary grants in either source order with (false) / (true) / (false)[39m
  [32;1m✓[39;22m[90m [39m[90mit keeps restriction exemption monotonic with ordinary grants in either source order with (false) / (true) / (true)[39m
  [32;1m✓[39;22m[90m [39m[90mit keeps restriction exemption monotonic with ordinary grants in either source order with (false) / (false) / (true)[39m
  [32;1m✓[39;22m[90m [39m[90mit keeps restriction exemption monotonic with ordinary grants in either source order with (true) / (false) / (false)[39m
  [32;1m✓[39;22m[90m [39m[90mit keeps restriction exemption monotonic with ordinary grants in either source order with (true) / (true) / (false)[39m
  [32;1m✓[39;22m[90m [39m[90mit keeps restriction exemption monotonic with ordinary grants in either source order with (true) / (true) / (true)[39m
  [32;1m✓[39;22m[90m [39m[90mit does not retain admin qualification after a later source error i[39m[90m…[39m [90m0.01s[39m  
  [32;1m✓[39;22m[90m [39m[90mit does not retain admin qualification after a later source error in either source order with (false)[39m
  [32;1m✓[39;22m[90m [39m[90mit preserves qualification parity for a generic reference without a backing model[39m
  [32;1m✓[39;22m[90m [39m[90mit global superadmin enters required tenants only through its exact allow listed class with (true)[39m
  [32;1m✓[39;22m[90m [39m[90mit global superadmin enters required tenants only through its exact allow listed class with (false)[39m
  [32;1m✓[39;22m[90m [39m[90mit never exempts PolicyOnly because the subject also holds an admin role[39m
  [32;1m✓[39;22m[90m [39m[90mit empty permissions superadmin covers its non tenant panel and reports a qualified empty witness[39m
  [32;1m✓[39;22m[90m [39m[90mit subject resolution errors refuse superadmin qualification[39m
  [32;1m✓[39;22m[90m [39m[90mit ordinary contribution condition failure keeps admin while a condition error fails closed with (true)[39m
  [32;1m✓[39;22m[90m [39m[90mit ordinary contribution condition failure keeps admin while a condition error fails closed with (false)[39m
  [32;1m✓[39;22m[90m [39m[90mit an allow listed role never turns ordinary global direct grants into tenant authority[39m
  [32;1m✓[39;22m[90m [39m[90mit checks the same expiry and contribution conditions for admin qualification and access with ('valid', true)[39m
  [32;1m✓[39;22m[90m [39m[90mit checks the same expiry and contribution conditions for admin qualification and access with ('condition', false)[39m
  [32;1m✓[39;22m[90m [39m[90mit checks the same expiry and contribution conditions for admin qualification and access with ('expired', false)[39m

  [30;42;1m PASS [39;49;22m[39m Tests\Feature\Authorization\Batch\DecideManyGroupingTest[39m
  [32;1m✓[39;22m[90m [39m[90mit keeps failures isolated by subject and panel and preserves origi[39m[90m…[39m [90m0.02s[39m  
  [32;1m✓[39;22m[90m [39m[90mit resolves external refs once and uses allowsMany with each origin[39m[90m…[39m [90m0.01s[39m  
  [32;1m✓[39;22m[90m [39m[90mit keeps tenant partitions of the same subject independent after a source failure[39m

  [30;42;1m PASS [39;49;22m[39m Tests\Regression\P06Test[39m
  [32;1m✓[39;22m[90m [39m[90mit P06 keeps a none panel independent of another panels isolated am[39m[90m…[39m [90m0.01s[39m  

  [30;42;1m PASS [39;49;22m[39m Tests\Feature\Policies\DecidesBindingTest[39m
  [32;1m✓[39;22m[90m [39m[90mit rejects a method after Decides is removed rather than guessing i[39m[90m…[39m [90m0.01s[39m  
  [32;1m✓[39;22m[90m [39m[90mit keeps exact enum and string identities after renaming the attributed method with (false)[39m
  [32;1m✓[39;22m[90m [39m[90mit keeps exact enum and string identities after renaming the attributed method with (true)[39m

  [30;42;1m PASS [39;49;22m[39m Tests\Feature\Authorization\Cache\ExpiryTest[39m
  [32;1m✓[39;22m[90m [39m[90mit expires warmed ordinary and administrative authority at the exac[39m[90m…[39m [90m0.01s[39m  
  [32;1m✓[39;22m[90m [39m[90mit expires warmed ordinary and administrative authority at the exact absolute boundary with (false)[39m
  [32;1m✓[39;22m[90m [39m[90mit bounds cache validity by the nearest active expiry and rejects equality at now[39m
  [32;1m✓[39;22m[90m [39m[90mit enforces the configured absolute ttl even for nonexpiring raw authority[39m

  [30;42;1m PASS [39;49;22m[39m Tests\Feature\Authorization\Batch\DecideManyDynamicTest[39m
  [32;1m✓[39;22m[90m [39m[90mit fails three changing dynamic grant attempts while an unrelated p[39m[90m…[39m [90m0.02s[39m  
  [32;1m✓[39;22m[90m [39m[90mit retries stale request state before reading the dynamic catalog a[39m[90m…[39m [90m0.01s[39m  
  [32;1m✓[39;22m[90m [39m[90mit throws for an originally missing dynamic permission instead of i[39m[90m…[39m [90m0.01s[39m  

  [30;42;1m PASS [39;49;22m[39m Tests\Feature\Authorization\SubjectResolverTest[39m
  [32;1m✓[39;22m[90m [39m[90mit passes the actual target and actor models into the evaluation fr[39m[90m…[39m [90m0.01s[39m  
  [32;1m✓[39;22m[90m [39m[90mit fails closed on a subject query failure and observes the denial[39m
  [32;1m✓[39;22m[90m [39m[90mit throws direct API identity errors instead of inventing definitions or subjects with ('subject')[39m
  [32;1m✓[39;22m[90m [39m[90mit throws direct API identity errors instead of inventing definitions or subjects with ('permission')[39m
  [32;1m✓[39;22m[90m [39m[90mit resolves morph aliases to existing models and missing rows to null[39m

  [30;42;1m PASS [39;49;22m[39m Tests\Feature\Authorization\Cache\IsolationTest[39m
  [32;1m✓[39;22m[90m [39m[90mit persists only Stable fenced sets and resets request-only sets wi[39m[90m…[39m [90m0.01s[39m  
  [32;1m✓[39;22m[90m [39m[90mit persists only Stable fenced sets and resets request-only sets with the scope with (AzGuard\Contracts\Sources\Volatility Enum (Request, 'request'), false, false)[39m
  [32;1m✓[39;22m[90m [39m[90mit persists only Stable fenced sets and resets request-only sets with the scope with (AzGuard\Contracts\Sources\Volatility Enum (Stable, 'stable'), false, false)[39m
  [32;1m✓[39;22m[90m [39m[90mit persists only Stable fenced sets and resets request-only sets with the scope with (AzGuard\Contracts\Sources\Volatility Enum (Volatile, 'volatile'), false, false)[39m
  [32;1m✓[39;22m[90m [39m[90mit persists only Stable fenced sets and resets request-only sets with the scope with (AzGuard\Contracts\Sources\Volatility Enum (Volatile, 'volatile'), true, false)[39m
  [32;1m✓[39;22m[90m [39m[90mit persists only Stable fenced sets and resets request-only sets with the scope with (AzGuard\Contracts\Sources\Volatility Enum (Request, 'request'), true, false)[39m
  [32;1m✓[39;22m[90m [39m[90mit reuses Request and revisioned Stable raw contributions and always rereads Volatile with (AzGuard\Contracts\Sources\Volatility Enum (Stable, 'stable'), true, 1, …)[39m
  [32;1m✓[39;22m[90m [39m[90mit reuses Request and revisioned Stable raw contributions and always rereads Volatile with (AzGuard\Contracts\Sources\Volatility Enum (Volatile, 'volatile'), false, 2, …)[39m
  [32;1m✓[39;22m[90m [39m[90mit reuses Request and revisioned Stable raw contributions and always rereads Volatile with (AzGuard\Contracts\Sources\Volatility Enum (Request, 'request'), true, 1, …)[39m
  [32;1m✓[39;22m[90m [39m[90mit reuses Request and revisioned Stable raw contributions and always rereads Volatile with (AzGuard\Contracts\Sources\Volatility Enum (Volatile, 'volatile'), true, 2, …)[39m
  [32;1m✓[39;22m[90m [39m[90mit reuses Request and revisioned Stable raw contributions and always rereads Volatile with (AzGuard\Contracts\Sources\Volatility Enum (Stable, 'stable'), false, 1, …)[39m
  [32;1m✓[39;22m[90m [39m[90mit reuses Request and revisioned Stable raw contributions and always rereads Volatile with (AzGuard\Contracts\Sources\Volatility Enum (Request, 'request'), false, 1, …)[39m
  [32;1m✓[39;22m[90m [39m[90mit does not publish an earlier successful source when a later source fails[39m
  [32;1m✓[39;22m[90m [39m[90mit keeps two physical authority storages and subjects from sharing[39m[90m… [39m [90m0.01s[39m  
  [32;1m✓[39;22m[90m [39m[90mit does not publish a partial set after a late malformed contribution[39m
  [32;1m✓[39;22m[90m [39m[90mit stores a serializable raw shape containing only kernel contributions and declared scalar fields[39m

  [30;42;1m PASS [39;49;22m[39m Tests\Regression\P09Test[39m
  [32;1m✓[39;22m[90m [39m[90mit picks the panel of a full name without a current panel and throw[39m[90m…[39m [90m0.01s[39m  
  [32;1m✓[39;22m[90m [39m[90mit P09 Gate uses the explicit panel without a route hint and the lo[39m[90m…[39m [90m0.01s[39m  

  [30;42;1m PASS [39;49;22m[39m Tests\Feature\Policies\PolicyArgumentsTest[39m
  [32;1m✓[39;22m[90m [39m[90mit passes native before subject and local ability with separate ser[39m[90m…[39m [90m0.01s[39m  
  [32;1m✓[39;22m[90m [39m[90mit honors defaults nullable and empty variadic without inventing inputs[39m
  [32;1m✓[39;22m[90m [39m[90mit preserves both identities when user and resource have the same class[39m
  [32;1m✓[39;22m[90m [39m[90mit provides the original resource and service DI to the policy[39m
  [32;1m✓[39;22m[90m [39m[90mit passes only a subject to user-only collection policies with (AzGuard\Tests\Fixtures\Guards\Orders\Permissions\OrderPermission Enum (UserOnly, 'orders.user_only'))[39m
  [32;1m✓[39;22m[90m [39m[90mit passes only a subject to user-only collection policies with (AzGuard\Tests\Fixtures\Guards\Orders\Permissions\OrderPermission Enum (Create, 'orders.create'))[39m
  [32;1m✓[39;22m[90m [39m[90mit passes only a subject to user-only collection policies with (AzGuard\Tests\Fixtures\Guards\Orders\Permissions\OrderPermission Enum (ViewAny, 'orders.view_any'))[39m
  [32;1m✓[39;22m[90m [39m[90mit does not invent a required model through the container[39m
  [32;1m✓[39;22m[90m [39m[90mit supplies a resource class only to a declared compatible parameter with (AzGuard\Tests\Fixtures\Guards\Orders\Permissions\OrderPermission Enum (ResourceClass, 'orders.resource_class'))[39m
  [32;1m✓[39;22m[90m [39m[90mit supplies a resource class only to a declared compatible parameter with (AzGuard\Tests\Fixtures\Guards\Orders\Permissions\OrderPermission Enum (StringClass, 'orders.string_class'))[39m

  [30;42;1m PASS [39;49;22m[39m Tests\Feature\Authorization\Batch\DecideManyRegressionTest[39m
  [32;1m✓[39;22m[90m [39m[90mit fails conflicting stable subject groups after three batch attemp[39m[90m…[39m [90m0.01s[39m  
  [32;1m✓[39;22m[90m [39m[90mit rejects cross scalar batch recursion and releases the guard in f[39m[90m…[39m [90m0.01s[39m  
  [32;1m✓[39;22m[90m [39m[90mit rejects cross scalar batch recursion and releases the guard in finally with ('batch to scalar')[39m
  [32;1m✓[39;22m[90m [39m[90mit permits a policy to check another permission scheduled later in the same batch[39m
  [32;1m✓[39;22m[90m [39m[90mit rejects warmed direct and administrative authority exactly at batch expiry with dataset "direct grant"[39m
  [32;1m✓[39;22m[90m [39m[90mit rejects warmed direct and administrative authority exactly at batch expiry with dataset "administrative role"[39m

  [30;42;1m PASS [39;49;22m[39m Tests\Feature\Sources\Folder\RoleKeyIdentityTest[39m
  [32;1m✓[39;22m[90m [39m[90mit ignores removed former and third party NotGrantable keys with ac[39m[90m…[39m [90m0.01s[39m  
  [32;1m✓[39;22m[90m [39m[90mit ignores removed former and third party NotGrantable keys with actionable notices with ('old-seller', 'former_role_key', 'seller')[39m
  [32;1m✓[39;22m[90m [39m[90mit ignores removed former and third party NotGrantable keys with actionable notices with ('root', 'not_grantable_role', 'root')[39m

  [30;42;1m PASS [39;49;22m[39m Tests\Feature\Authorization\Cache\TransactionGuardTest[39m
  [32;1m✓[39;22m[90m [39m[90mit qualifies real relation-only authority without inspecting the as[39m[90m…[39m [90m0.02s[39m  
  [32;1m✓[39;22m[90m [39m[90mit does not inspect assignment transactions for static PolicyOnly[39m[90m   [39m [90m0.01s[39m  
  [32;1m✓[39;22m[90m [39m[90mit rejects a consumed DB authority in an unknown transaction even w[39m[90m…[39m [90m0.01s[39m  
  [32;1m✓[39;22m[90m [39m[90mit rejects a consumed DB authority in an unknown transaction even w[39m[90m…[39m [90m0.01s[39m  
  [32;1m✓[39;22m[90m [39m[90mit does not inspect unrelated assignment transactions for code auth[39m[90m…[39m [90m0.01s[39m  

  [30;42;1m PASS [39;49;22m[39m Tests\Regression\P02Test[39m
  [32;1m✓[39;22m[90m [39m[90mit P02 preserves grants after a role class rename and denies remove[39m[90m…[39m [90m0.01s[39m  

  [30;42;1m PASS [39;49;22m[39m Tests\Feature\Catalog\CatalogCacheTest[39m
  [32;1m✓[39;22m[90m [39m[90mit preserves the first owner of equal permission and role contribut[39m[90m…[39m [90m0.04s[39m  
  [32;1m✓[39;22m[90m [39m[90mit ignores the entry of a panel whose recipe changed[39m[90m                [39m [90m0.01s[39m  
  [32;1m✓[39;22m[90m [39m[90mit writes the static catalogs as a PHP array of scalars and boots f[39m[90m…[39m [90m0.01s[39m  
  [32;1m✓[39;22m[90m [39m[90mit builds from the sources when the file holds no catalog with dataset "not an array"[39m
  [32;1m✓[39;22m[90m [39m[90mit builds from the sources when the file holds no catalog with dataset "a broken entry"[39m
  [32;1m✓[39;22m[90m [39m[90mit builds from the sources when the file holds no catalog with dataset "another version"[39m
  [32;1m✓[39;22m[90m [39m[90mit ignores the file written by another build[39m[90m                        [39m [90m0.01s[39m  
  [32;1m✓[39;22m[90m [39m[90mit removes the file with azguard:catalog:clear and builds from the[39m[90m… [39m [90m0.01s[39m  

  [30;42;1m PASS [39;49;22m[39m Tests\Regression\P01aTest[39m
  [32;1m✓[39;22m[90m [39m[90mit P01a never promotes a role from another panel to superadmin auth[39m[90m…[39m [90m0.01s[39m  

  [30;42;1m PASS [39;49;22m[39m Tests\Feature\Gate\GateParityTest[39m
  [32;1m✓[39;22m[90m [39m[90mit P9 preserves decide batch explain and Gate parity over 200 mixed[39m[90m…[39m [90m0.31s[39m  

  [30;42;1m PASS [39;49;22m[39m Tests\Feature\Scopes\ExternalEligibilityTest[39m
  [32;1m✓[39;22m[90m [39m[90mit runs external scalar eligibility after structural resolution wit[39m[90m…[39m [90m0.01s[39m  
  [32;1m✓[39;22m[90m [39m[90mit runs external scalar eligibility after structural resolution without a query model with (true)[39m
  [32;1m✓[39;22m[90m [39m[90mit does not call external eligibility for unknown foreign owner or foreign identity with ('missing')[39m
  [32;1m✓[39;22m[90m [39m[90mit does not call external eligibility for unknown foreign owner or foreign identity with ('foreign')[39m
  [32;1m✓[39;22m[90m [39m[90mit does not call external eligibility for unknown foreign owner or foreign identity with ('owner')[39m
  [32;1m✓[39;22m[90m [39m[90mit resolves the external adapter class at each operation with live inputs[39m
  [32;1m✓[39;22m[90m [39m[90mit fails closed on external exceptions without broad query fallback[39m

  [30;42;1m PASS [39;49;22m[39m Tests\Feature\Authorization\RecursionTest[39m
  [32;1m✓[39;22m[90m [39m[90mit permits another permission from a policy[39m[90m                         [39m [90m0.01s[39m  
  [32;1m✓[39;22m[90m [39m[90mit denies recursive policies with the exception class in the log and cleans the stack[39m
  [32;1m✓[39;22m[90m [39m[90mit treats omitted and explicit global scope as the same recursion frame[39m

  [30;42;1m PASS [39;49;22m[39m Tests\Feature\Authorization\Cache\IncarnationTest[39m
  [32;1m✓[39;22m[90m [39m[90mit does not resurrect request or durable authority after a restore[39m[90m… [39m [90m0.01s[39m  
  [32;1m✓[39;22m[90m [39m[90mit does not resurrect request or durable authority after a restore[39m[90m… [39m [90m0.01s[39m  

  [30;42;1m PASS [39;49;22m[39m Tests\Feature\Authorization\AuthorityDispatchTest[39m
  [32;1m✓[39;22m[90m [39m[90mit PolicyOnly reads neither grants nor roles and uses code state[39m[90m    [39m [90m0.01s[39m  
  [32;1m✓[39;22m[90m [39m[90mit source errors after a granting source deny in both source orders with (true)[39m
  [32;1m✓[39;22m[90m [39m[90mit source errors after a granting source deny in both source orders with (false)[39m
  [32;1m✓[39;22m[90m [39m[90mit RequiresGrant cannot be authorized by policy true without a grant[39m
  [32;1m✓[39;22m[90m [39m[90mit applies restrictions to policy candidates even when they exempt superadmins[39m
  [32;1m✓[39;22m[90m [39m[90mit rejects explicit tenant and context in none none before hooks and sources with ('context', AzGuard\Kernel\Decision\DecisionReason Enum (AssignmentScopeNotAccepted, 'context_not_accepted'))[39m
  [32;1m✓[39;22m[90m [39m[90mit rejects explicit tenant and context in none none before hooks and sources with ('tenant', AzGuard\Kernel\Decision\DecisionReason Enum (TenantMismatch, 'tenant_mismatch'))[39m
  [32;1m✓[39;22m[90m [39m[90mit policy null denies PolicyOnly and passes the attached grants veto[39m
  [32;1m✓[39;22m[90m [39m[90mit traced decision contains only qualified covering direct grants[39m
  [32;1m✓[39;22m[90m [39m[90mit policy false vetoes a qualified superadmin[39m

  [30;42;1m PASS [39;49;22m[39m Tests\Feature\Authorization\ExplainTest[39m
  [32;1m✓[39;22m[90m [39m[90mit reports contribution origins expiry and the condition class that[39m[90m…[39m [90m0.01s[39m  
  [32;1m✓[39;22m[90m [39m[90mit explains the identical decision on 200 seeded scenarios without[39m[90m… [39m [90m0.23s[39m  
  [32;1m✓[39;22m[90m [39m[90mit does not publish cold explain reads into the permission cache bu[39m[90m…[39m [90m0.01s[39m  
  [32;1m✓[39;22m[90m [39m[90mit names a denied common context filter instead of reporting it skipped[39m
  [32;1m✓[39;22m[90m [39m[90mit reports common and contribution filter exceptions as filter errors without a skipped backfill with (true)[39m
  [32;1m✓[39;22m[90m [39m[90mit reports common and contribution filter exceptions as filter errors without a skipped backfill with (false)[39m
  [32;1m✓[39;22m[90m [39m[90mit marks assignments and superadmin skipped for PolicyOnly and preserves Response details[39m
  [32;1m✓[39;22m[90m [39m[90mit shows exempt restrictions and retains a source error after an al[39m[90m…[39m [90m0.01s[39m  
  [32;1m✓[39;22m[90m [39m[90mit marks undeclared condition and filter stages skipped and ignored role qualification denied[39m
  [32;1m✓[39;22m[90m [39m[90mit redacts a restriction reason containing a declared secret value[39m
  [32;1m✓[39;22m[90m [39m[90mit reports membership pass only when membership was evaluated with ('policy', 'pass')[39m
  [32;1m✓[39;22m[90m [39m[90mit reports membership pass only when membership was evaluated with ('granted', 'pass')[39m
  [32;1m✓[39;22m[90m [39m[90mit reports membership pass only when membership was evaluated with ('unqualified', 'skipped')[39m
  [32;1m✓[39;22m[90m [39m[90mit redacts secrets observed before a lazy direct or role contribution iterator fails with (true)[39m
  [32;1m✓[39;22m[90m [39m[90mit redacts secrets observed before a lazy direct or role contribution iterator fails with (false)[39m
  [32;1m✓[39;22m[90m [39m[90mit observes hooks once and marks later stages skipped after before denial[39m
  [32;1m✓[39;22m[90m [39m[90mit redacts nested secret fields and their occurrences in exception messages without serializing the subject model[39m

  [30;42;1m PASS [39;49;22m[39m Tests\Feature\Authorization\Cache\LiveInputsTest[39m
  [32;1m✓[39;22m[90m [39m[90mit reevaluates policy subject and resource on a raw cache hit with[39m[90m… [39m [90m0.01s[39m  
  [32;1m✓[39;22m[90m [39m[90mit reevaluates policy subject and resource on a raw cache hit with[39m[90m… [39m [90m0.01s[39m  
  [32;1m✓[39;22m[90m [39m[90mit reevaluates policy subject and resource on a raw cache hit with[39m[90m… [39m [90m0.01s[39m  
  [32;1m✓[39;22m[90m [39m[90mit reevaluates active membership while preserving the cached raw te[39m[90m…[39m [90m0.01s[39m  
  [32;1m✓[39;22m[90m [39m[90mit reevaluates grant conditions and restrictions after raw authorit[39m[90m…[39m [90m0.01s[39m  
  [32;1m✓[39;22m[90m [39m[90mit reevaluates grant conditions and restrictions after raw authorit[39m[90m…[39m [90m0.01s[39m  

  [30;42;1m PASS [39;49;22m[39m Tests\Feature\Sources\Relation\RelationBuildTest[39m
  [32;1m✓[39;22m[90m [39m[90mit rejects missing or ambiguous model shortcut definitions during b[39m[90m…[39m [90m0.01s[39m  
  [32;1m✓[39;22m[90m [39m[90mit rejects missing or ambiguous model shortcut definitions during build with (true)[39m
  [32;1m✓[39;22m[90m [39m[90mit rejects unknown static roles malformed relations and non-queryable definitions before runtime with ('missing relation')[39m
  [32;1m✓[39;22m[90m [39m[90mit rejects unknown static roles malformed relations and non-queryable definitions before runtime with ('malformed relation')[39m
  [32;1m✓[39;22m[90m [39m[90mit rejects unknown static roles malformed relations and non-queryable definitions before runtime with ('queryless')[39m
  [32;1m✓[39;22m[90m [39m[90mit rejects unknown static roles malformed relations and non-queryable definitions before runtime with ('model null')[39m
  [32;1m✓[39;22m[90m [39m[90mit rejects unknown static roles malformed relations and non-queryable definitions before runtime with ('unknown role')[39m
  [32;1m✓[39;22m[90m [39m[90mit validates a static role against a restored catalog on the cached[39m[90m…[39m [90m0.01s[39m  
  [32;1m✓[39;22m[90m [39m[90mit describes request volatile role and selection capabilities[39m[90m       [39m [90m0.01s[39m  
  [32;1m✓[39;22m[90m [39m[90mit uses an explicit descriptor alias and global tenant for a non-te[39m[90m…[39m [90m0.01s[39m  
  [32;1m✓[39;22m[90m [39m[90mit rejects duplicate source ids even when different relations suppl[39m[90m…[39m [90m0.01s[39m  
  [32;1m✓[39;22m[90m [39m[90mit rejects a computed source id longer than the source label limit at build[39m
  [32;1m✓[39;22m[90m [39m[90mit resolves a model shortcut through its role bound tenant aware de[39m[90m…[39m [90m0.01s[39m  

  [30;42;1m PASS [39;49;22m[39m Tests\Feature\Scopes\ScopeTableTest[39m
  [32;1m✓[39;22m[90m [39m[90mit does not broaden an isolated contextual check with tenant-wide a[39m[90m…[39m [90m0.01s[39m  
  [32;1m✓[39;22m[90m [39m[90mit does not broaden an isolated contextual check with tenant-wide authority with (false)[39m
  [32;1m✓[39;22m[90m [39m[90mit rejects a malicious global or foreign contribution even after a valid witness with ('B') / (false)[39m
  [32;1m✓[39;22m[90m [39m[90mit rejects a malicious global or foreign contribution even after a valid witness with ('global') / (true)[39m
  [32;1m✓[39;22m[90m [39m[90mit rejects a malicious global or foreign contribution even after a valid witness with ('B') / (true)[39m
  [32;1m✓[39;22m[90m [39m[90mit rejects a malicious global or foreign contribution even after a valid witness with ('global') / (false)[39m
  [32;1m✓[39;22m[90m [39m[90mit gives every source the same complete tenant and context selection[39m
  [32;1m✓[39;22m[90m [39m[90mit requires one complete scoped contribution instead of combining conditions across scopes[39m
  [32;1m✓[39;22m[90m [39m[90mit passes the same accepted scopes to coherent and fallback authority reads with (false) / (true)[39m
  [32;1m✓[39;22m[90m [39m[90mit passes the same accepted scopes to coherent and fallback authority reads with (false) / (false)[39m
  [32;1m✓[39;22m[90m [39m[90mit passes the same accepted scopes to coherent and fallback authority reads with (true) / (true)[39m
  [32;1m✓[39;22m[90m [39m[90mit passes the same accepted scopes to coherent and fallback authority reads with (true) / (false)[39m
  [32;1m✓[39;22m[90m [39m[90mit implements every scope table cell for direct and role authority with ('none', true, AzGuard\Kernel\Decision\DecisionReason Enum (AssignmentScopeNotAccepted, 'context_not_accepted')) / (false)[39m
  [32;1m✓[39;22m[90m [39m[90mit implements every scope table cell for direct and role authority with ('inherit', false, null) / (false)[39m
  [32;1m✓[39;22m[90m [39m[90mit implements every scope table cell for direct and role authority with ('isolated', false, null) / (false)[39m
  [32;1m✓[39;22m[90m [39m[90mit implements every scope table cell for direct and role authority with ('isolated', true, null) / (false)[39m
  [32;1m✓[39;22m[90m [39m[90mit implements every scope table cell for direct and role authority with ('isolated', false, null) / (true)[39m
  [32;1m✓[39;22m[90m [39m[90mit implements every scope table cell for direct and role authority with ('required', false, AzGuard\Kernel\Decision\DecisionReason Enum (AssignmentScopeRequired, 'context_required')) / (false)[39m
  [32;1m✓[39;22m[90m [39m[90mit implements every scope table cell for direct and role authority with ('none', false, null) / (true)[39m
  [32;1m✓[39;22m[90m [39m[90mit implements every scope table cell for direct and role authority with ('inherit', false, null) / (true)[39m
  [32;1m✓[39;22m[90m [39m[90mit implements every scope table cell for direct and role authority with ('inherit', true, null) / (true)[39m
  [32;1m✓[39;22m[90m [39m[90mit implements every scope table cell for direct and role authority with ('isolated', true, null) / (true)[39m
  [32;1m✓[39;22m[90m [39m[90mit implements every scope table cell for direct and role authority with ('required', false, AzGuard\Kernel\Decision\DecisionReason Enum (AssignmentScopeRequired, 'context_required')) / (true)[39m
  [32;1m✓[39;22m[90m [39m[90mit implements every scope table cell for direct and role authority with ('none', true, AzGuard\Kernel\Decision\DecisionReason Enum (AssignmentScopeNotAccepted, 'context_not_accepted')) / (true)[39m
  [32;1m✓[39;22m[90m [39m[90mit implements every scope table cell for direct and role authority with ('required', true, null) / (false)[39m
  [32;1m✓[39;22m[90m [39m[90mit implements every scope table cell for direct and role authority with ('inherit', true, null) / (false)[39m
  [32;1m✓[39;22m[90m [39m[90mit implements every scope table cell for direct and role authority with ('required', true, null) / (true)[39m
  [32;1m✓[39;22m[90m [39m[90mit implements every scope table cell for direct and role authority with ('none', false, null) / (false)[39m
  [32;1m✓[39;22m[90m [39m[90mit resolves the selected tenant before reading dynamic permission definitions[39m

  [30;42;1m PASS [39;49;22m[39m Tests\Feature\Sources\Database\DynamicFenceTest[39m
  [32;1m✓[39;22m[90m [39m[90mit returns ConsistencyError after exactly three unstable dynamic at[39m[90m…[39m [90m0.01s[39m  
  [32;1m✓[39;22m[90m [39m[90mit retries Prepare metadata and both assignment capabilities togeth[39m[90m…[39m [90m0.01s[39m  
  [32;1m✓[39;22m[90m [39m[90mit runs before denial before assignment reads and observes only the[39m[90m…[39m [90m0.01s[39m  
  [32;1m✓[39;22m[90m [39m[90mit retries a changed before-denial fence three times without assign[39m[90m…[39m [90m0.01s[39m  
  [32;1m✓[39;22m[90m [39m[90mit keeps rolesOnly from consuming direct grants for a dynamic actio[39m[90m…[39m [90m0.01s[39m  
  [32;1m✓[39;22m[90m [39m[90mit holds the dynamic fence through every other source read and rese[39m[90m…[39m [90m0.01s[39m  
  [32;1m✓[39;22m[90m [39m[90mit pins dynamic metadata and grants to Default while Primary reads[39m[90m… [39m [90m0.01s[39m  
  [32;1m✓[39;22m[90m [39m[90mit discards a disappeared definition and its old grant instead of a[39m[90m…[39m [90m0.01s[39m  

  [30;42;1m PASS [39;49;22m[39m Tests\Feature\Authorization\Batch\DecideManyResolverTest[39m
  [32;1m✓[39;22m[90m [39m[90mit uses PanelResolver for enum full name prefix and explicit panel[39m[90m  [39m [90m0.01s[39m  
  [32;1m✓[39;22m[90m [39m[90mit returns an empty ordered set without states for an empty batch[39m
  [32;1m✓[39;22m[90m [39m[90mit rejects a scalar panel argument conflicting with the request before hooks or sources[39m

  [30;42;1m PASS [39;49;22m[39m Tests\Feature\Sources\Database\FenceTest[39m
  [32;1m✓[39;22m[90m [39m[90mit denies ConsistencyError after exactly three unstable whole-set a[39m[90m…[39m [90m0.01s[39m  
  [32;1m✓[39;22m[90m [39m[90mit discards both capabilities when the fence changes and returns a[39m[90m… [39m [90m0.01s[39m  
  [32;1m✓[39;22m[90m [39m[90mit pins Default schema state and both grants to the configured read[39m[90m…[39m [90m0.01s[39m  
  [32;1m✓[39;22m[90m [39m[90mit does not consume a fence source with no assignment capabilities[39m[90m  [39m [90m0.01s[39m  
  [32;1m✓[39;22m[90m [39m[90mit fences and retries all capabilities of an external source as a w[39m[90m…[39m [90m0.01s[39m  
  [32;1m✓[39;22m[90m [39m[90mit rejects consumed unrecognized framework and raw PDO transactions[39m[90m…[39m [90m0.01s[39m  
  [32;1m✓[39;22m[90m [39m[90mit rejects consumed unrecognized framework and raw PDO transactions[39m[90m…[39m [90m0.01s[39m  
  [32;1m✓[39;22m[90m [39m[90mit keeps static PolicyOnly free of assignment state dynamic reads a[39m[90m…[39m [90m0.01s[39m  

  [30;42;1m PASS [39;49;22m[39m Tests\Feature\Gate\GateResponseTest[39m
  [32;1m✓[39;22m[90m [39m[90mit uses the decision reason as the default deny code[39m[90m                [39m [90m0.01s[39m  
  [32;1m✓[39;22m[90m [39m[90mit preserves allow and deny Response code message and status through Gate inspect with (false)[39m
  [32;1m✓[39;22m[90m [39m[90mit preserves allow and deny Response code message and status through Gate inspect with (true)[39m

  [30;42;1m PASS [39;49;22m[39m Tests\Feature\Sources\Folder\FolderPanelTest[39m
  [32;1m✓[39;22m[90m [39m[90mit rejects a group with several candidates, a missing mode, both mo[39m[90m…[39m [90m0.02s[39m  
  [32;1m✓[39;22m[90m [39m[90mit keeps Orders of two plugins apart and uses the cached discovery[39m[90m… [39m [90m0.01s[39m  
  [32;1m✓[39;22m[90m [39m[90mit reads the panel folder into the catalog and does not scan what i[39m[90m…[39m [90m0.01s[39m  
  [32;1m✓[39;22m[90m [39m[90mit discovers a module folder without prefixing its permission or it[39m[90m…[39m [90m0.01s[39m  

  [30;42;1m PASS [39;49;22m[39m Tests\Feature\Catalog\PrefixCatalogTest[39m
  [32;1m✓[39;22m[90m [39m[90mit V81: rejects a prefix that a name contributed by a plugin starts with, on the same panel too[39m
  [32;1m✓[39;22m[90m [39m[90mit V81: rejects a panel prefix that is the first segment of a permission name of another panel[39m
  [32;1m✓[39;22m[90m [39m[90mit V81: accepts names whose first segment is no prefix[39m
  [32;1m✓[39;22m[90m [39m[90mit D44: gives an unqualified ability to the candidate panel only when its catalog has it, without queries[39m

  [30;42;1m PASS [39;49;22m[39m Tests\Feature\Sources\Database\StorageOwnTest[39m
  [32;1m✓[39;22m[90m [39m[90mit reuses a configured physical storage and checks its host key contract[39m
  [32;1m✓[39;22m[90m [39m[90mit derives stable canonical ids and keeps two prefixes on the same connection distinct[39m
  [32;1m✓[39;22m[90m [39m[90mit uses an explicitly owned source storage without reading the defa[39m[90m…[39m [90m0.01s[39m  
  [32;1m✓[39;22m[90m [39m[90mit fails explicitly if an own hash id is occupied by a different physical pair[39m

  [30;42;1m PASS [39;49;22m[39m Tests\Regression\P01cTest[39m
  [32;1m✓[39;22m[90m [39m[90mit resolves a key of the admin panel to admin and never to the default panel with ('admin:users.delete')[39m
  [32;1m✓[39;22m[90m [39m[90mit resolves a key of the admin panel to admin and never to the default panel with ('admin.users.delete')[39m

  [30;42;1m PASS [39;49;22m[39m Tests\Regression\P10Test[39m
  [32;1m✓[39;22m[90m [39m[90mit P10: ten warm request checks read one state and no DB grants[39m[90m     [39m [90m0.01s[39m  

  [30;42;1m PASS [39;49;22m[39m Tests\Feature\Authorization\StepErrorsTest[39m
  [32;1m✓[39;22m[90m [39m[90mit restrictions skip only inapplicable entries and otherwise keep registration order[39m
  [32;1m✓[39;22m[90m [39m[90mit contains DefinitionException thrown by restriction code and still observes the denial with ('factory')[39m
  [32;1m✓[39;22m[90m [39m[90mit contains DefinitionException thrown by restriction code and still observes the denial with ('key')[39m
  [32;1m✓[39;22m[90m [39m[90mit after errors do not change allow and later observers still run[39m
  [32;1m✓[39;22m[90m [39m[90mit condition exceptions deny even a superadmin[39m
  [32;1m✓[39;22m[90m [39m[90mit restriction errors in applies check or key deny with ('check')[39m
  [32;1m✓[39;22m[90m [39m[90mit restriction errors in applies check or key deny with ('key')[39m
  [32;1m✓[39;22m[90m [39m[90mit restriction errors in applies check or key deny with ('applies')[39m
  [32;1m✓[39;22m[90m [39m[90mit before deny stops the sources and observes the denial afterwards[39m
  [32;1m✓[39;22m[90m [39m[90mit handles a lazy iterator throwing after its first grant as SourceError[39m
  [32;1m✓[39;22m[90m [39m[90mit before invalid return or exception is HookError with ('exception')[39m
  [32;1m✓[39;22m[90m [39m[90mit before invalid return or exception is HookError with ('return')[39m
  [32;1m✓[39;22m[90m [39m[90mit policy exception or invalid return is PolicyError with ('return')[39m
  [32;1m✓[39;22m[90m [39m[90mit policy exception or invalid return is PolicyError with ('exception')[39m

  [30;42;1m PASS [39;49;22m[39m Tests\Regression\P10bTest[39m
  [32;1m✓[39;22m[90m [39m[90mit P10b supported root sees its own changes and committed revoke su[39m[90m…[39m [90m0.01s[39m  

  [30;42;1m PASS [39;49;22m[39m Tests\Feature\Sources\Database\DatabaseBuilderTest[39m
  [32;1m✓[39;22m[90m [39m[90mit runs writer callbacks inside the bound authority mutation and ro[39m[90m…[39m [90m0.01s[39m  
  [32;1m✓[39;22m[90m [39m[90mit validates incompatible model kinds and preserves valid custom co[39m[90m…[39m [90m0.01s[39m  
  [32;1m✓[39;22m[90m [39m[90mit builds immutable independent sources and describes database capa[39m[90m…[39m [90m0.01s[39m  

  [30;42;1m PASS [39;49;22m[39m Tests\Feature\Authorization\Cache\RedisStoreTest[39m
  [32;1m✓[39;22m[90m [39m[90mit real Redis rejects absolute expiry in request memo and a new inc[39m[90m…[39m [90m0.02s[39m  
  [32;1m✓[39;22m[90m [39m[90mit real Redis serializes raw sets across requests, obeys D44, and i[39m[90m…[39m [90m0.03s[39m  

  [30;42;1m PASS [39;49;22m[39m Tests\Feature\Sources\Database\SelectionWitnessTest[39m
  [32;1m✓[39;22m[90m [39m[90mit uses everywhere for tenant-wide witnesses without inventing an A[39m[90m…[39m [90m0.01s[39m  
  [32;1m✓[39;22m[90m [39m[90mit validates selection lists and preserves witnesses separately fro[39m[90m…[39m [90m0.01s[39m  
  [32;1m✓[39;22m[90m [39m[90mit preserves all same-scope witnesses while narrowing candidate ref[39m[90m…[39m [90m0.01s[39m  

  [30;42;1m PASS [39;49;22m[39m Tests\Feature\Authorization\Cache\OwnMutationTest[39m
  [32;1m✓[39;22m[90m [39m[90mit does not publish rolled back savepoint touches or callbacks into[39m[90m…[39m [90m0.01s[39m  
  [32;1m✓[39;22m[90m [39m[90mit pins tentative Default reads to the root write PDO and fences th[39m[90m…[39m [90m0.01s[39m  
  [32;1m✓[39;22m[90m [39m[90mit publishes one root revision for nested mutations and only invoke[39m[90m…[39m [90m0.01s[39m  
  [32;1m✓[39;22m[90m [39m[90mit does not publish a tentative allow under an unchanged token into[39m[90m…[39m [90m0.01s[39m  
  [32;1m✓[39;22m[90m [39m[90mit sees tentative revoke before touch without publishing it on roll[39m[90m…[39m [90m0.01s[39m  
  [32;1m✓[39;22m[90m [39m[90mit sees tentative revoke before touch without publishing it on roll[39m[90m…[39m [90m0.01s[39m  

  [30;42;1m PASS [39;49;22m[39m Tests\Regression\P07Test[39m
  [32;1m✓[39;22m[90m [39m[90mit keeps an assignment scope key unambiguous and composite cache ke[39m[90m…[39m [90m0.01s[39m  

  [30;42;1m PASS [39;49;22m[39m Tests\Feature\Authorization\Cache\RefreshModesTest[39m
  [32;1m✓[39;22m[90m [39m[90mit promotes a panel-wide DB revision discovered by a cold tenant mi[39m[90m…[39m [90m0.01s[39m  
  [32;1m✓[39;22m[90m [39m[90mit a cold read encloses both capabilities in one coherent fence[39m[90m     [39m [90m0.01s[39m  
  [32;1m✓[39;22m[90m [39m[90mit promotes a newer revision discovered by a request-mode cold miss[39m[90m…[39m [90m0.01s[39m  
  [32;1m✓[39;22m[90m [39m[90mit keeps generic fenced source revisions partitioned by tenant desp[39m[90m…[39m [90m0.01s[39m  
  [32;1m✓[39;22m[90m [39m[90mit refreshes a warm revision once per request or once per check wit[39m[90m…[39m [90m0.01s[39m  
  [32;1m✓[39;22m[90m [39m[90mit refreshes a warm revision once per request or once per check wit[39m[90m…[39m [90m0.01s[39m  
  [32;1m✓[39;22m[90m [39m[90mit V18 observes a committed revoke in a new Primary request or the[39m[90m… [39m [90m0.01s[39m  
  [32;1m✓[39;22m[90m [39m[90mit V18 observes a committed revoke in a new Primary request or the[39m[90m… [39m [90m0.01s[39m  

  [30;42;1m PASS [39;49;22m[39m Tests\Feature\Scopes\WithinContextTest[39m
  [32;1m✓[39;22m[90m [39m[90mit restores nested per-panel scopes on success and callback excepti[39m[90m…[39m [90m0.01s[39m  
  [32;1m✓[39;22m[90m [39m[90mit restores nested per-panel scopes on success and callback exception without selecting a panel with (false)[39m
  [32;1m✓[39;22m[90m [39m[90mit restores the explicit panels scope when entry resolution throws or rejects and preserves the current panel with (false)[39m
  [32;1m✓[39;22m[90m [39m[90mit restores the explicit panels scope when entry resolution throws or rejects and preserves the current panel with (true)[39m
  [32;1m✓[39;22m[90m [39m[90mit rejects forged structural entry identity and restores the prior scope with ('ref')[39m
  [32;1m✓[39;22m[90m [39m[90mit rejects forged structural entry identity and restores the prior scope with ('tenant')[39m
  [32;1m✓[39;22m[90m [39m[90mit rejects forged structural entry identity and restores the prior scope with ('record')[39m

  [30;42;1m PASS [39;49;22m[39m Tests\Feature\Catalog\AbilityIndexTest[39m
  [32;1m✓[39;22m[90m [39m[90mit retains successful, absent and ambiguous ability lookup after a real cache file round trip[39m
  [32;1m✓[39;22m[90m [39m[90mit indexes model and the last permission segment with snake case normalization and explicit ambiguity[39m

  [30;42;1m PASS [39;49;22m[39m Tests\Feature\Authorization\Batch\DecideManyBudgetTest[39m
  [32;1m✓[39;22m[90m [39m[90mit fences all 250 contexts and reuses raw sets with the configured[39m[90m… [39m [90m0.20s[39m  
  [32;1m✓[39;22m[90m [39m[90mit fences all 250 contexts and reuses raw sets with the configured[39m[90m… [39m [90m0.20s[39m  

  [30;42;1m PASS [39;49;22m[39m Tests\Feature\Gate\EarlyGateBeforeTest[39m
  [32;1m✓[39;22m[90m [39m[90mit documents that a permissive host callback registered before the[39m[90m… [39m [90m0.01s[39m  

  [30;42;1m PASS [39;49;22m[39m Tests\Feature\Scopes\BaseAssignmentScopeResolveTest[39m
  [32;1m✓[39;22m[90m [39m[90mit loads a project once and refuses a reference of another type[39m

  [30;42;1m PASS [39;49;22m[39m Tests\Feature\Authorization\HookListsTest[39m
  [32;1m✓[39;22m[90m [39m[90mit resolves class string components on each operation rather than compilation[39m
  [32;1m✓[39;22m[90m [39m[90mit rejects duplicate restriction keys as direct API configuration errors[39m
  [32;1m✓[39;22m[90m [39m[90mit rejects duplicate restriction keys even when another stage denies with ('boundary')[39m
  [32;1m✓[39;22m[90m [39m[90mit rejects duplicate restriction keys even when another stage denies with ('before')[39m
  [32;1m✓[39;22m[90m [39m[90mit rejects duplicate restriction keys even when another stage denies with ('not_granted')[39m
  [32;1m✓[39;22m[90m [39m[90mit rejects invalid hook list elements with their origin at compilation with ('restrictions')[39m
  [32;1m✓[39;22m[90m [39m[90mit rejects invalid hook list elements with their origin at compilation with ('grantConditions')[39m
  [32;1m✓[39;22m[90m [39m[90mit rejects invalid hook list elements with their origin at compilation with ('before')[39m
  [32;1m✓[39;22m[90m [39m[90mit rejects invalid hook list elements with their origin at compilation with ('after')[39m

  [30;42;1m PASS [39;49;22m[39m Tests\Regression\P06bTest[39m
  [32;1m✓[39;22m[90m [39m[90mit P06b consistently rejects an unsupported explicit context instea[39m[90m…[39m [90m0.01s[39m  

  [30;42;1m PASS [39;49;22m[39m Tests\Feature\Gate\GatePanelSelectionTest[39m
  [32;1m✓[39;22m[90m [39m[90mit carries resource tenant and context through the common boundary[39m[90m… [39m [90m0.01s[39m  
  [32;1m✓[39;22m[90m [39m[90mit honors explicit panel and prefix while local names use the current panel[39m

  [30;42;1m PASS [39;49;22m[39m Tests\Feature\Sources\PanelSourcesTest[39m
  [32;1m✓[39;22m[90m [39m[90mit V77: builds ldap from the attribute with the source configuratio[39m[90m…[39m [90m0.01s[39m  
  [32;1m✓[39;22m[90m [39m[90mit V77: reports an unknown source name, two writers and a repeated id[39m
  [32;1m✓[39;22m[90m [39m[90mit reuses an object writer across scopes[39m
  [32;1m✓[39;22m[90m [39m[90mit P12: a different source order keeps the catalog and the ids and changes the fingerprint[39m
  [32;1m✓[39;22m[90m [39m[90mit V102: builds a named writer again for each panel and after the s[39m[90m…[39m [90m0.01s[39m  
  [32;1m✓[39;22m[90m [39m[90mit V107: keeps enums out of the source list and preserves the order of the rest[39m
  [32;1m✓[39;22m[90m [39m[90mit V77: builds ldap from extend() and passes the same configuration[39m[90m [39m [90m0.01s[39m  

  [30;42;1m PASS [39;49;22m[39m Tests\Regression\LegacyIsolationTest[39m
  [32;1m✓[39;22m[90m [39m[90mit keeps the frozen 0.3 tree out of every composer autoload map[39m[90m     [39m [90m0.01s[39m  

  [30;42;1m PASS [39;49;22m[39m Tests\Feature\Catalog\CatalogResolverTest[39m
  [32;1m✓[39;22m[90m [39m[90mit R2: resolves a catalog enum from a custom source[39m
  [32;1m✓[39;22m[90m [39m[90mit indexes custom catalog cases with sole, shared and conflicting panel signals on live and cached boots with dataset "sole live"[39m
  [32;1m✓[39;22m[90m [39m[90mit indexes custom catalog cases with sole, shared and conflicting panel signals on live and cached boots with dataset "shared live"[39m
  [32;1m✓[39;22m[90m [39m[90mit indexes custom catalog cases with sole, shared and conflicting p[39m[90m…[39m [90m0.01s[39m  
  [32;1m✓[39;22m[90m [39m[90mit indexes custom catalog cases with sole, shared and conflicting p[39m[90m…[39m [90m0.01s[39m  

  [30;42;1m PASS [39;49;22m[39m Tests\Regression\P14Test[39m
  [32;1m✓[39;22m[90m [39m[90mit rejects bare wildcards as a permission key and as a grant pattern with ('*')[39m
  [32;1m✓[39;22m[90m [39m[90mit rejects bare wildcards as a permission key and as a grant pattern with ('**')[39m

  [30;42;1m PASS [39;49;22m[39m Tests\Feature\Scopes\MembershipTest[39m
  [32;1m✓[39;22m[90m [39m[90mit makes context membership optional and enforces it only when requested with (false) / (false) / (false)[39m
  [32;1m✓[39;22m[90m [39m[90mit makes context membership optional and enforces it only when requested with (true) / (false) / (true)[39m
  [32;1m✓[39;22m[90m [39m[90mit makes context membership optional and enforces it only when requested with (true) / (false) / (false)[39m
  [32;1m✓[39;22m[90m [39m[90mit makes context membership optional and enforces it only when requested with (false) / (true) / (true)[39m
  [32;1m✓[39;22m[90m [39m[90mit makes context membership optional and enforces it only when requested with (true) / (true) / (false)[39m
  [32;1m✓[39;22m[90m [39m[90mit makes context membership optional and enforces it only when requested with (false) / (true) / (false)[39m
  [32;1m✓[39;22m[90m [39m[90mit makes context membership optional and enforces it only when requested with (true) / (true) / (true)[39m
  [32;1m✓[39;22m[90m [39m[90mit makes context membership optional and enforces it only when requested with (false) / (false) / (true)[39m
  [32;1m✓[39;22m[90m [39m[90mit checks active tenant membership independently of grants for A B outsider and error with ('A', '1', true, …) / ('policy')[39m
  [32;1m✓[39;22m[90m [39m[90mit checks active tenant membership independently of grants for A B outsider and error with ('B', '1', false, …) / ('grant')[39m
  [32;1m✓[39;22m[90m [39m[90mit checks active tenant membership independently of grants for A B outsider and error with ('A', '99', false, …) / ('grant')[39m
  [32;1m✓[39;22m[90m [39m[90mit checks active tenant membership independently of grants for A B outsider and error with ('A', '1', false, …) / ('policy')[39m
  [32;1m✓[39;22m[90m [39m[90mit checks active tenant membership independently of grants for A B outsider and error with ('A', '1', false, …) / ('admin')[39m
  [32;1m✓[39;22m[90m [39m[90mit checks active tenant membership independently of grants for A B outsider and error with ('B', '1', false, …) / ('policy')[39m
  [32;1m✓[39;22m[90m [39m[90mit checks active tenant membership independently of grants for A B outsider and error with ('A', '1', true, …) / ('admin')[39m
  [32;1m✓[39;22m[90m [39m[90mit checks active tenant membership independently of grants for A B outsider and error with ('A', '99', false, …) / ('policy')[39m
  [32;1m✓[39;22m[90m [39m[90mit checks active tenant membership independently of grants for A B outsider and error with ('A', '1', false, …) / ('grant')[39m
  [32;1m✓[39;22m[90m [39m[90mit checks active tenant membership independently of grants for A B outsider and error with ('B', '1', false, …) / ('admin')[39m
  [32;1m✓[39;22m[90m [39m[90mit checks active tenant membership independently of grants for A B outsider and error with ('A', '99', false, …) / ('admin')[39m
  [32;1m✓[39;22m[90m [39m[90mit checks active tenant membership independently of grants for A B outsider and error with ('A', '1', true, …) / ('grant')[39m

  [30;42;1m PASS [39;49;22m[39m Tests\Feature\Scopes\ResourceScopeTest[39m
  [32;1m✓[39;22m[90m [39m[90mit passes selected scope to an authoritative resource resolver[39m[90m      [39m [90m0.01s[39m  
  [32;1m✓[39;22m[90m [39m[90mit accepts an external model-null structural definition without invoking query[39m
  [32;1m✓[39;22m[90m [39m[90mit rejects a resource resolver returning a foreign tenant or context before policy true with (true)[39m
  [32;1m✓[39;22m[90m [39m[90mit rejects a resource resolver returning a foreign tenant or context before policy true with (false)[39m
  [32;1m✓[39;22m[90m [39m[90mit requires tenant and authoritative resource owner before policy true or admin authority with ('admin') / ('mismatch', AzGuard\Kernel\Decision\DecisionReason Enum (TenantMismatch, 'tenant_mismatch'))[39m
  [32;1m✓[39;22m[90m [39m[90mit requires tenant and authoritative resource owner before policy true or admin authority with ('admin') / ('tenant', AzGuard\Kernel\Decision\DecisionReason Enum (TenantRequired, 'tenant_required'))[39m
  [32;1m✓[39;22m[90m [39m[90mit requires tenant and authoritative resource owner before policy true or admin authority with ('policy') / ('tenant', AzGuard\Kernel\Decision\DecisionReason Enum (TenantRequired, 'tenant_required'))[39m
  [32;1m✓[39;22m[90m [39m[90mit requires tenant and authoritative resource owner before policy true or admin authority with ('policy') / ('owner', AzGuard\Kernel\Decision\DecisionReason Enum (ResourceScopeMissing, 'resource_scope_missing'))[39m
  [32;1m✓[39;22m[90m [39m[90mit requires tenant and authoritative resource owner before policy true or admin authority with ('policy') / ('context', AzGuard\Kernel\Decision\DecisionReason Enum (AssignmentScopeMismatch, 'context_mismatch'))[39m
  [32;1m✓[39;22m[90m [39m[90mit requires tenant and authoritative resource owner before policy true or admin authority with ('policy') / ('mismatch', AzGuard\Kernel\Decision\DecisionReason Enum (TenantMismatch, 'tenant_mismatch'))[39m
  [32;1m✓[39;22m[90m [39m[90mit requires tenant and authoritative resource owner before policy true or admin authority with ('admin') / ('context', AzGuard\Kernel\Decision\DecisionReason Enum (AssignmentScopeMismatch, 'context_mismatch'))[39m
  [32;1m✓[39;22m[90m [39m[90mit requires tenant and authoritative resource owner before policy true or admin authority with ('admin') / ('owner', AzGuard\Kernel\Decision\DecisionReason Enum (ResourceScopeMissing, 'resource_scope_missing'))[39m
  [32;1m✓[39;22m[90m [39m[90mit denies missing exceptional or forged structural resolver snapshots with ('missing', AzGuard\Kernel\Decision\DecisionReason Enum (AssignmentScopeNotAccepted, 'context_not_accepted'))[39m
  [32;1m✓[39;22m[90m [39m[90mit denies missing exceptional or forged structural resolver snapshots with ('tenant', AzGuard\Kernel\Decision\DecisionReason Enum (AssignmentScopeMismatch, 'context_mismatch'))[39m
  [32;1m✓[39;22m[90m [39m[90mit denies missing exceptional or forged structural resolver snapshots with ('ref', AzGuard\Kernel\Decision\DecisionReason Enum (AssignmentScopeMismatch, 'context_mismatch'))[39m
  [32;1m✓[39;22m[90m [39m[90mit denies missing exceptional or forged structural resolver snapshots with ('throw', AzGuard\Kernel\Decision\DecisionReason Enum (AssignmentScopeFilterError, 'context_filter_error'))[39m
  [32;1m✓[39;22m[90m [39m[90mit denies missing exceptional or forged structural resolver snapshots with ('record', AzGuard\Kernel\Decision\DecisionReason Enum (AssignmentScopeMismatch, 'context_mismatch'))[39m
  [32;1m✓[39;22m[90m [39m[90mit selects explicit then resource then current scope without leaking another panel[39m

  [30;42;1m PASS [39;49;22m[39m Tests\Feature\Authorization\Batch\DecideManyNativeTest[39m
  [32;1m✓[39;22m[90m [39m[90mit keeps native contribution fields and a failing sibling subject w[39m[90m…[39m [90m0.01s[39m  

  [30;42;1m PASS [39;49;22m[39m Tests\Feature\Scopes\ScopePolicyBuildTest[39m
  [32;1m✓[39;22m[90m [39m[90mit accepts model shortcuts only with a structural owner in tenant panels[39m
  [32;1m✓[39;22m[90m [39m[90mit requires a tenant membership adapter at panel compilation[39m
  [32;1m✓[39;22m[90m [39m[90mit accepts configured common filters at compilation[39m
  [32;1m✓[39;22m[90m [39m[90mit rejects a role binding that changes registered scope identity[39m
  [32;1m✓[39;22m[90m [39m[90mit accepts configured role filters at compilation[39m

  [30;42;1m PASS [39;49;22m[39m Tests\Feature\Authorization\Batch\DecideManyBeforeDenyTest[39m
  [32;1m✓[39;22m[90m [39m[90mit keeps a static before denial outside neighbouring DB authority a[39m[90m…[39m [90m0.01s[39m  
  [32;1m✓[39;22m[90m [39m[90mit keeps a static before denial outside neighbouring DB authority a[39m[90m…[39m [90m0.01s[39m  

  [30;42;1m PASS [39;49;22m[39m Tests\Feature\Authorization\Properties\ScopePropertiesTest[39m
  [32;1m✓[39;22m[90m [39m[90mit P2 allows only after tenant resource membership mandatory restri[39m[90m…[39m [90m0.38s[39m  
  [32;1m✓[39;22m[90m [39m[90mit P13 foreign tenant roles and global ordinary grants never author[39m[90m…[39m [90m0.75s[39m  
  [32;1m✓[39;22m[90m [39m[90mit P4 implements the scope table and isolated C does not depend on[39m[90m… [39m [90m3.72s[39m  
  [32;1m✓[39;22m[90m [39m[90mit P6 typed subjects tenants and contexts with overlapping ids rema[39m[90m…[39m [90m0.34s[39m  

  [30;42;1m PASS [39;49;22m[39m Tests\Feature\Sources\Database\DynamicCatalogTest[39m
  [32;1m✓[39;22m[90m [39m[90mit never queries permissions with dynamic opt-in disabled or during[39m[90m…[39m [90m0.01s[39m  
  [32;1m✓[39;22m[90m [39m[90mit reads exact panel tenant definitions while sharing the static ro[39m[90m…[39m [90m0.01s[39m  
  [32;1m✓[39;22m[90m [39m[90mit rejects static shadows and prefix conflicts in the tenant overla[39m[90m…[39m [90m0.01s[39m  
  [32;1m✓[39;22m[90m [39m[90mit allows only known dynamic actions and requires a grant rather th[39m[90m…[39m [90m0.01s[39m  
  [32;1m✓[39;22m[90m [39m[90mit rejects an unknown explicit tenant before dynamic storage lookup[39m[90m…[39m [90m0.01s[39m  

  [30;42;1m PASS [39;49;22m[39m Tests\Regression\P01bTest[39m
  [32;1m✓[39;22m[90m [39m[90mit P01b uses the same compiled superadmin flag for code and databas[39m[90m…[39m [90m0.01s[39m  
  [32;1m✓[39;22m[90m [39m[90mit P01b uses the same compiled superadmin flag for code and databas[39m[90m…[39m [90m0.01s[39m  
  [32;1m✓[39;22m[90m [39m[90mit P01b rejects bare wildcard contributions rather than manufacturing superadmin with ('*')[39m
  [32;1m✓[39;22m[90m [39m[90mit P01b rejects bare wildcard contributions rather than manufacturing superadmin with ('**')[39m
  [32;1m✓[39;22m[90m [39m[90mit P01b fails closed on a bare wildcard DB row written through muta[39m[90m…[39m [90m0.01s[39m  
  [32;1m✓[39;22m[90m [39m[90mit P01b fails closed on a bare wildcard DB row written through muta[39m[90m…[39m [90m0.01s[39m  

  [30;42;1m PASS [39;49;22m[39m Tests\Feature\Scopes\RuntimeInputsTest[39m
  [32;1m✓[39;22m[90m [39m[90mit provides nullable role and grant for common direct and policy-on[39m[90m…[39m [90m0.01s[39m  
  [32;1m✓[39;22m[90m [39m[90mit provides nullable role and grant for common direct and policy-only filters without global DI bindings with ('direct')[39m
  [32;1m✓[39;22m[90m [39m[90mit isolates interleaved fiber panel and scope stacks and restores after success or exception with (true)[39m
  [32;1m✓[39;22m[90m [39m[90mit isolates interleaved fiber panel and scope stacks and restores after success or exception with (false)[39m
  [32;1m✓[39;22m[90m [39m[90mit passes the actual role contribution target and separate actor to[39m[90m…[39m [90m0.01s[39m  
  [32;1m✓[39;22m[90m [39m[90mit rejects a required missing runtime user instead of inventing an empty model[39m

  [30;42;1m PASS [39;49;22m[39m Tests\Feature\Authorization\Properties\TransactionPropertiesTest[39m
  [32;1m✓[39;22m[90m [39m[90mit P16 successful no-op retry and rollback mutations publish only t[39m[90m…[39m [90m1.08s[39m  

  [30;42;1m PASS [39;49;22m[39m Tests\Feature\Authorization\Cache\CacheKeyTest[39m
  [32;1m✓[39;22m[90m [39m[90mit isolates every authority identity component while canonicalizing scope order[39m
  [32;1m✓[39;22m[90m [39m[90mit V04 preserves 100000 seeded distinct framed cache tuple digests[39m[90m  [39m [90m0.78s[39m  

  [30;42;1m PASS [39;49;22m[39m Tests\Feature\Sources\Folder\AutomaticRolesTest[39m
  [32;1m✓[39;22m[90m [39m[90mit creates automatic roles per operation and converts source failur[39m[90m…[39m [90m0.01s[39m  
  [32;1m✓[39;22m[90m [39m[90mit assigns automatic seller by target stores and root by is_root on[39m[90m…[39m [90m0.01s[39m  
  [32;1m✓[39;22m[90m [39m[90mit fails closed when the automatic predicate throws[39m
  [32;1m✓[39;22m[90m [39m[90mit adds manual and automatic contributions of one role without conflict[39m
  [32;1m✓[39;22m[90m [39m[90mit emits one contribution per requested scope and no role for a missing subject model[39m
  [32;1m✓[39;22m[90m [39m[90mit evaluates automatic roles from the compiled catalogue including other definition sources[39m

  [30;42;1m PASS [39;49;22m[39m Tests\Regression\P03Test[39m
  [32;1m✓[39;22m[90m [39m[90mit P03 honors denied hooks and sources across decide batch explain[39m[90m… [39m [90m0.01s[39m  
  [32;1m✓[39;22m[90m [39m[90mit P03 honors denied hooks and sources across decide batch explain[39m[90m… [39m [90m0.01s[39m  

  [30;42;1m PASS [39;49;22m[39m Tests\Feature\Sources\Relation\RelationSelectionTest[39m
  [32;1m✓[39;22m[90m [39m[90mit passes exactly the published single builder argument to a scope[39m[90m… [39m [90m0.01s[39m  
  [32;1m✓[39;22m[90m [39m[90mit preserves every raw same-ref role witness and narrows enumeratio[39m[90m…[39m [90m0.01s[39m  
  [32;1m✓[39;22m[90m [39m[90mit bounds foreign-tenant and null-role roots before loading members[39m[90m…[39m [90m0.76s[39m  
  [32;1m✓[39;22m[90m [39m[90mit enumerates with a fixed root and membership query budget without[39m[90m…[39m [90m0.01s[39m  
  [32;1m✓[39;22m[90m [39m[90mit propagates failed narrowing callbacks without yielding a partial selection[39m
  [32;1m✓[39;22m[90m [39m[90mit rejects scope callbacks that change query structure instead of grouped predicates with ('limit')[39m
  [32;1m✓[39;22m[90m [39m[90mit rejects scope callbacks that change query structure instead of grouped predicates with ('eager load')[39m
  [32;1m✓[39;22m[90m [39m[90mit rejects scope callbacks that change query structure instead of grouped predicates with ('select')[39m
  [32;1m✓[39;22m[90m [39m[90mit rejects scope callbacks that change query structure instead of grouped predicates with ('order')[39m
  [32;1m✓[39;22m[90m [39m[90mit rejects scope callbacks that change query structure instead of grouped predicates with ('join')[39m
  [32;1m✓[39;22m[90m [39m[90mit rejects scope callbacks that change query structure instead of grouped predicates with ('from')[39m
  [32;1m✓[39;22m[90m [39m[90mit rejects terminal operations before the callback can read or mutate the root query with ('exists')[39m
  [32;1m✓[39;22m[90m [39m[90mit rejects terminal operations before the callback can read or mutate the root query with ('get')[39m
  [32;1m✓[39;22m[90m [39m[90mit rejects terminal operations before the callback can read or mutate the root query with ('delete')[39m
  [32;1m✓[39;22m[90m [39m[90mit rejects terminal operations before the callback can read or mutate the root query with ('whereExists delete')[39m
  [32;1m✓[39;22m[90m [39m[90mit rejects terminal operations before the callback can read or mutate the root query with ('count')[39m
  [32;1m✓[39;22m[90m [39m[90mit rejects terminal operations before the callback can read or mutate the root query with ('whereHas delete')[39m
  [32;1m✓[39;22m[90m [39m[90mit rejects terminal operations before the callback can read or mutate the root query with ('update')[39m
  [32;1m✓[39;22m[90m [39m[90mit rejects terminal operations before the callback can read or mutate the root query with ('create')[39m
  [32;1m✓[39;22m[90m [39m[90mit rejects terminal operations before the callback can read or mutate the root query with ('nested delete')[39m
  [32;1m✓[39;22m[90m [39m[90mit lets scope callbacks narrow results and returns no refs for a su[39m[90m…[39m [90m0.01s[39m  
  [32;1m✓[39;22m[90m [39m[90mit groups scope callback OR clauses so they cannot broaden membersh[39m[90m…[39m [90m0.01s[39m  

  [30;42;1m PASS [39;49;22m[39m Tests\Feature\Sources\Folder\PolicyBindingTest[39m
  [32;1m✓[39;22m[90m [39m[90mit rejects an invalid attributed method from every binding source w[39m[90m…[39m [90m0.01s[39m  
  [32;1m✓[39;22m[90m [39m[90mit rejects an invalid attributed method from every binding source with dataset "wrong permission" / dataset "folder"[39m
  [32;1m✓[39;22m[90m [39m[90mit rejects an invalid attributed method from every binding source with dataset "unrelated" / dataset "folder"[39m
  [32;1m✓[39;22m[90m [39m[90mit rejects an invalid attributed method from every binding source with dataset "ambiguous" / dataset "custom"[39m
  [32;1m✓[39;22m[90m [39m[90mit rejects an invalid attributed method from every binding source with dataset "ambiguous explicit" / dataset "custom"[39m
  [32;1m✓[39;22m[90m [39m[90mit rejects an invalid attributed method from every binding source with dataset "static" / dataset "folder"[39m
  [32;1m✓[39;22m[90m [39m[90mit rejects an invalid attributed method from every binding source with dataset "static" / dataset "custom"[39m
  [32;1m✓[39;22m[90m [39m[90mit rejects an invalid attributed method from every binding source with dataset "nonpublic" / dataset "custom"[39m
  [32;1m✓[39;22m[90m [39m[90mit rejects an invalid attributed method from every binding source with dataset "ambiguous" / dataset "folder"[39m
  [32;1m✓[39;22m[90m [39m[90mit rejects an invalid attributed method from every binding source w[39m[90m…[39m [90m0.01s[39m  
  [32;1m✓[39;22m[90m [39m[90mit rejects an invalid attributed method from every binding source with dataset "missing" / dataset "folder"[39m
  [32;1m✓[39;22m[90m [39m[90mit rejects an invalid attributed method from every binding source with dataset "nonexistent" / dataset "folder"[39m
  [32;1m✓[39;22m[90m [39m[90mit rejects an invalid attributed method from every binding source with dataset "nonexistent" / dataset "custom"[39m
  [32;1m✓[39;22m[90m [39m[90mit rejects an invalid attributed method from every binding source with dataset "wrong permission" / dataset "custom"[39m
  [32;1m✓[39;22m[90m [39m[90mit rejects an invalid attributed method from every binding source with dataset "unrelated" / dataset "custom"[39m
  [32;1m✓[39;22m[90m [39m[90mit rejects an invalid attributed method from every binding source with dataset "nonpublic" / dataset "folder"[39m
  [32;1m✓[39;22m[90m [39m[90mit R1: keeps the attributed method[39m
  [32;1m✓[39;22m[90m [39m[90mit normalizes a custom source binding by enum case and local name with dataset "name"[39m
  [32;1m✓[39;22m[90m [39m[90mit normalizes a custom source binding by enum case and local name with dataset "case"[39m
  [32;1m✓[39;22m[90m [39m[90mit preserves normalized folder and custom methods through the real[39m[90m… [39m [90m0.01s[39m  
  [32;1m✓[39;22m[90m [39m[90mit R1: rejects a custom source binding without Decides[39m
  [32;1m✓[39;22m[90m [39m[90mit accepts the explicit attributed method from folder and custom sources with dataset "custom"[39m
  [32;1m✓[39;22m[90m [39m[90mit accepts the explicit attributed method from folder and custom sources with dataset "folder"[39m
  [32;1m✓[39;22m[90m [39m[90mit R1: rejects an unrelated method[39m

  [30;42;1m PASS [39;49;22m[39m Tests\Feature\Authorization\Batch\DecideManyParityTest[39m
  [32;1m✓[39;22m[90m [39m[90mit maps a per-resource condition exception without suppressing adja[39m[90m…[39m [90m0.01s[39m  
  [32;1m✓[39;22m[90m [39m[90mit runs hooks policy and restrictions for every resource instance and captures one now[39m
  [32;1m✓[39;22m[90m [39m[90mit qualifies the grant condition separately for each prospective resource state[39m
  [32;1m✓[39;22m[90m [39m[90mit matches scalar decisions for 200 seeded ordered batches at froze[39m[90m…[39m [90m0.45s[39m  

  [30;42;1m PASS [39;49;22m[39m Tests\Feature\Gate\GateOwnershipTest[39m
  [32;1m✓[39;22m[90m [39m[90mit denies unknown qualified and registered prefix names and leaves[39m[90m… [39m [90m0.01s[39m  
  [32;1m✓[39;22m[90m [39m[90mit makes owned NotGranted and Policy denies final despite a matching permissive native definition with ('orders.view')[39m
  [32;1m✓[39;22m[90m [39m[90mit makes owned NotGranted and Policy denies final despite a matching permissive native definition with ('admin:orders.policy')[39m
  [32;1m✓[39;22m[90m [39m[90mit makes owned NotGranted and Policy denies final despite a matching permissive native definition with ('admin:orders.view')[39m
  [32;1m✓[39;22m[90m [39m[90mit uses mapped external gate policies without reentering the bridge or generating Grants authority[39m
  [32;1m✓[39;22m[90m [39m[90mit uses the model ability index including class arguments and denies ambiguous pairs[39m
  [32;1m✓[39;22m[90m [39m[90mit leaves an unbound model ability to the native Laravel policy[39m[90m     [39m [90m0.01s[39m  
  [32;1m✓[39;22m[90m [39m[90mit rejects an explicit permission supplied with a conflicting resource class[39m
  [32;1m✓[39;22m[90m [39m[90mit denies explicit owned names for guests and unacceptable subject types while foreign abilities abstain[39m
  [32;1m✓[39;22m[90m [39m[90mit resolves local dynamic ownership once and abstains for a missing dynamic name[39m

  [30;42;1m PASS [39;49;22m[39m Tests\Feature\Authorization\Cache\TouchTest[39m
  [32;1m✓[39;22m[90m [39m[90mit keeps code-derived Request memo unchanged on no-op and rolled ba[39m[90m…[39m [90m0.01s[39m  
  [32;1m✓[39;22m[90m [39m[90mit keeps code-derived Request memo unchanged on no-op and rolled back touch with (true)[39m
  [32;1m✓[39;22m[90m [39m[90mit invalidates code-derived Request contributions on touch only aft[39m[90m…[39m [90m0.01s[39m  

  [30;42;1m PASS [39;49;22m[39m Tests\Feature\Scopes\FilterConfigurationTest[39m
  [32;1m✓[39;22m[90m [39m[90mit rejects a changed owner despite identical model class and scope type[39m
  [32;1m✓[39;22m[90m [39m[90mit requires a binding for access adapter interfaces and known scope types[39m
  [32;1m✓[39;22m[90m [39m[90mit rejects invalid access adapter type aliases and removed classes[39m
  [32;1m✓[39;22m[90m [39m[90mit registers typed access adapters on an immutable policy[39m
  [32;1m✓[39;22m[90m [39m[90mit rejects filter constructor dependencies that cannot be resolved without a binding[39m
  [32;1m✓[39;22m[90m [39m[90mit merges common filters across configure plugin and provider with identity intact[39m
  [32;1m✓[39;22m[90m [39m[90mit rejects native filters for generic definitions and reports removed filter classes[39m
  [32;1m✓[39;22m[90m [39m[90mit rejects an unbound filter interface at build and accepts its bound deployment[39m
  [32;1m✓[39;22m[90m [39m[90mit fingerprints scalar closure configuration and rejects live runti[39m[90m…[39m [90m0.01s[39m  
  [32;1m✓[39;22m[90m [39m[90mit accepts class object and closure filters without resolving typed classes at build[39m

  [30;42;1m PASS [39;49;22m[39m Tests\Feature\Policies\PolicyModesTest[39m
  [32;1m✓[39;22m[90m [39m[90mit does not turn a native before allow into a grant[39m[90m                 [39m [90m0.01s[39m  
  [32;1m✓[39;22m[90m [39m[90mit treats absent optional grants policy as pass[39m
  [32;1m✓[39;22m[90m [39m[90mit interprets each policy outcome against grants authority with dataset "grant and true"[39m
  [32;1m✓[39;22m[90m [39m[90mit interprets each policy outcome against grants authority with dataset "veto without grant"[39m
  [32;1m✓[39;22m[90m [39m[90mit interprets each policy outcome against grants authority with dataset "grant and veto"[39m
  [32;1m✓[39;22m[90m [39m[90mit interprets each policy outcome against grants authority with dataset "abstain without grant"[39m
  [32;1m✓[39;22m[90m [39m[90mit interprets each policy outcome against grants authority with dataset "grant and abstain"[39m
  [32;1m✓[39;22m[90m [39m[90mit interprets each policy outcome against grants authority with dataset "true without grant"[39m
  [32;1m✓[39;22m[90m [39m[90mit uses a policy-only owner without reading any assignment source[39m
  [32;1m✓[39;22m[90m [39m[90mit denies policy-only false and abstain and allows true with (null, false)[39m
  [32;1m✓[39;22m[90m [39m[90mit denies policy-only false and abstain and allows true with (false, false)[39m
  [32;1m✓[39;22m[90m [39m[90mit denies policy-only false and abstain and allows true with (true, true)[39m
  [32;1m✓[39;22m[90m [39m[90mit uses native before as the policy outcome while retaining grants authority with (true, true)[39m
  [32;1m✓[39;22m[90m [39m[90mit uses native before as the policy outcome while retaining grants authority with (false, false)[39m
  [32;1m✓[39;22m[90m [39m[90mit applies a policy veto even to qualified superadmin[39m

  [30;42;1m PASS [39;49;22m[39m Tests\Feature\Sources\Relation\RelationRolesTest[39m
  [32;1m✓[39;22m[90m [39m[90mit supports non-pivot static roles and related model callbacks with[39m[90m…[39m [90m0.01s[39m  
  [32;1m✓[39;22m[90m [39m[90mit supports non-pivot static roles and related model callbacks with[39m[90m…[39m [90m0.01s[39m  
  [32;1m✓[39;22m[90m [39m[90mit supports non-pivot static roles and related model callbacks with[39m[90m…[39m [90m0.01s[39m  
  [32;1m✓[39;22m[90m [39m[90mit supports pivot callbacks and null results without using another[39m[90m… [39m [90m0.01s[39m  
  [32;1m✓[39;22m[90m [39m[90mit fails closed in the authority stage for malformed roles callback errors and query failures with ('callback')[39m
  [32;1m✓[39;22m[90m [39m[90mit fails closed in the authority stage for malformed roles callback errors and query failures with ('malformed')[39m
  [32;1m✓[39;22m[90m [39m[90mit fails closed in the authority stage for malformed roles callback errors and query failures with ('query')[39m
  [32;1m✓[39;22m[90m [39m[90mit reads fresh membership and roles after changes with constrained[39m[90m… [39m [90m0.01s[39m  
  [32;1m✓[39;22m[90m [39m[90mit diagnoses an unknown raw pivot role in the authority stage witho[39m[90m…[39m [90m0.01s[39m  
  [32;1m✓[39;22m[90m [39m[90mit uses only exact requested tenant context pairs and never enumera[39m[90m…[39m [90m0.01s[39m  
  [32;1m✓[39;22m[90m [39m[90mit takes a scalar scope tenant from resolve rather than assuming tenantOf is the resolver[39m
  [32;1m✓[39;22m[90m [39m[90mit rejects a contradictory resolved record instead of lending its tenant to another entity[39m
  [32;1m✓[39;22m[90m [39m[90mit reads membership from the related root and uses the exact subjec[39m[90m…[39m [90m0.01s[39m  
  [32;1m✓[39;22m[90m [39m[90mit keeps polymorphic membership on the root morph type and exact me[39m[90m…[39m [90m0.01s[39m  

  [30;42;1m PASS [39;49;22m[39m Tests\Feature\Sources\ScopedIntegrationTest[39m
  [32;1m✓[39;22m[90m [39m[90mit authorizes actual scoped sources through the complete scalar pip[39m[90m…[39m [90m0.02s[39m  
  [32;1m✓[39;22m[90m [39m[90mit authorizes actual scoped sources through the complete scalar pip[39m[90m…[39m [90m0.01s[39m  
  [32;1m✓[39;22m[90m [39m[90mit authorizes actual scoped sources through the complete scalar pip[39m[90m…[39m [90m0.02s[39m  
  [32;1m✓[39;22m[90m [39m[90mit authorizes actual scoped sources through the complete scalar pip[39m[90m…[39m [90m0.01s[39m  
  [32;1m✓[39;22m[90m [39m[90mit authorizes actual scoped sources through the complete scalar pip[39m[90m…[39m [90m0.01s[39m  
  [32;1m✓[39;22m[90m [39m[90mit authorizes actual scoped sources through the complete scalar pip[39m[90m…[39m [90m0.02s[39m  
  [32;1m✓[39;22m[90m [39m[90mit authorizes actual scoped sources through the complete scalar pip[39m[90m…[39m [90m0.01s[39m  
  [32;1m✓[39;22m[90m [39m[90mit authorizes actual scoped sources through the complete scalar pip[39m[90m…[39m [90m0.01s[39m  
  [32;1m✓[39;22m[90m [39m[90mit authorizes actual scoped sources through the complete scalar pip[39m[90m…[39m [90m0.01s[39m  

  [30;42;1m PASS [39;49;22m[39m Tests\Regression\P05Test[39m
  [32;1m✓[39;22m[90m [39m[90mit throws for an unqualified key without a panel and resolves it wi[39m[90m…[39m [90m0.01s[39m  

  [30;42;1m PASS [39;49;22m[39m Tests\Feature\Sources\Database\DecisionFieldsTest[39m
  [32;1m✓[39;22m[90m [39m[90mit rejects an undeclared decision field before reading contribution[39m[90m…[39m [90m0.01s[39m  
  [32;1m✓[39;22m[90m [39m[90mit returns only declared decision fields from the exact custom gran[39m[90m…[39m [90m0.01s[39m  

  [30;42;1m PASS [39;49;22m[39m Tests\Feature\Policies\TokenAuthorityTest[39m
  [32;1m✓[39;22m[90m [39m[90mit caps a policy-only authority without consulting grants[39m
  [32;1m✓[39;22m[90m [39m[90mit requires a separate explicit subject trust mapping for a service[39m[90m…[39m [90m0.01s[39m  
  [32;1m✓[39;22m[90m [39m[90mit uses token abilities as an AND cap and never as authority with (true, true, AzGuard\Kernel\Decision\DecisionReason Enum (Granted, 'granted'))[39m
  [32;1m✓[39;22m[90m [39m[90mit uses token abilities as an AND cap and never as authority with (false, true, AzGuard\Kernel\Decision\DecisionReason Enum (NotGranted, 'not_granted'))[39m
  [32;1m✓[39;22m[90m [39m[90mit uses token abilities as an AND cap and never as authority with (true, false, AzGuard\Kernel\Decision\DecisionReason Enum (Restricted, 'restricted'))[39m

  [30;42;1m PASS [39;49;22m[39m Tests\Regression\P08Test[39m
  [32;1m✓[39;22m[90m [39m[90mit P08: a DB role grants literal and pattern permissions globally a[39m[90m…[39m [90m0.02s[39m  

  [30;42;1m PASS [39;49;22m[39m Tests\Feature\Scopes\ScopeFiltersTest[39m
  [32;1m✓[39;22m[90m [39m[90mit requires one whole contribution for filters and its own fields[39m[90m   [39m [90m0.01s[39m  
  [32;1m✓[39;22m[90m [39m[90mit maps a common native filter exception to a fail closed reason[39m
  [32;1m✓[39;22m[90m [39m[90mit keeps common filters before grants policy hook and scoped superadmin with ('root')[39m
  [32;1m✓[39;22m[90m [39m[90mit keeps common filters before grants policy hook and scoped superadmin with ('direct')[39m
  [32;1m✓[39;22m[90m [39m[90mit keeps common filters before grants policy hook and scoped superadmin with ('policy')[39m
  [32;1m✓[39;22m[90m [39m[90mit keeps common filters before grants policy hook and scoped superadmin with ('hook')[39m
  [32;1m✓[39;22m[90m [39m[90mit keeps a rejected seller independent from an analyst and direct contribution with ('analyst')[39m
  [32;1m✓[39;22m[90m [39m[90mit keeps a rejected seller independent from an analyst and direct contribution with ('none')[39m
  [32;1m✓[39;22m[90m [39m[90mit keeps a rejected seller independent from an analyst and direct contribution with ('direct')[39m
  [32;1m✓[39;22m[90m [39m[90mit applies the same role binding to scoped superadmin qualification[39m[90m [39m [90m0.01s[39m  
  [32;1m✓[39;22m[90m [39m[90mit rereads active and city and current grant fields with an unchang[39m[90m…[39m [90m0.01s[39m  
  [32;1m✓[39;22m[90m [39m[90mit does not promote scope-required or empty-binding roles into selected context contributions with ('required')[39m
  [32;1m✓[39;22m[90m [39m[90mit does not promote scope-required or empty-binding roles into selected context contributions with ('empty')[39m

  [30;42;1m PASS [39;49;22m[39m Tests\Feature\Sources\Gate\GateSourceTest[39m
  [32;1m✓[39;22m[90m [39m[90mit fails closed if a compiled native ability disappears[39m[90m             [39m [90m0.01s[39m  
  [32;1m✓[39;22m[90m [39m[90mit fails closed for a native ability exception or unsupported result with (false)[39m
  [32;1m✓[39;22m[90m [39m[90mit fails closed for a native ability exception or unsupported result with (true)[39m
  [32;1m✓[39;22m[90m [39m[90mit calls the original closure with the target subject and ignores global Gate before and after hooks[39m
  [32;1m✓[39;22m[90m [39m[90mit lets a native ability veto a qualified grant and preserves native response details[39m
  [32;1m✓[39;22m[90m [39m[90mit interprets a true native ability according to RequiresGrant instead of treating it as authority[39m
  [32;1m✓[39;22m[90m [39m[90mit describes immutable typed gate mappings without inventing a PHP policy[39m
  [32;1m✓[39;22m[90m [39m[90mit resolves a native model policy that Gate has does not report and retains its before method[39m
  [32;1m✓[39;22m[90m [39m[90mit rejects a native binding for a permission missing from the panel catalog[39m
  [32;1m✓[39;22m[90m [39m[90mit unwraps native class at method abilities without invoking global hooks[39m
  [32;1m✓[39;22m[90m [39m[90mit does not invoke a native model method when its required resource instance is missing[39m
  [32;1m✓[39;22m[90m [39m[90mit rejects missing, ambiguous and AzGuard owned ability mappings while compiling with ('missing policy method')[39m
  [32;1m✓[39;22m[90m [39m[90mit rejects missing, ambiguous and AzGuard owned ability mappings while compiling with ('full')[39m
  [32;1m✓[39;22m[90m [39m[90mit rejects missing, ambiguous and AzGuard owned ability mappings while compiling with ('local')[39m
  [32;1m✓[39;22m[90m [39m[90mit rejects missing, ambiguous and AzGuard owned ability mappings while compiling with ('ambiguous')[39m
  [32;1m✓[39;22m[90m [39m[90mit rejects missing, ambiguous and AzGuard owned ability mappings while compiling with ('missing')[39m

  [30;42;1m PASS [39;49;22m[39m Tests\Feature\Authorization\Properties\EnginePropertiesTest[39m
  [32;1m✓[39;22m[90m [39m[90mit P12 all source permutations preserve denial errors and admin exe[39m[90m…[39m [90m0.99s[39m  
  [32;1m✓[39;22m[90m [39m[90mit P3 isolates panels and rejects a foreign RoleKey before local ro[39m[90m…[39m [90m0.25s[39m  
  [32;1m✓[39;22m[90m [39m[90mit P8 errors at every evaluated step fail closed despite valid dire[39m[90m…[39m [90m1.02s[39m  
  [32;1m✓[39;22m[90m [39m[90mit P1 adding unconditional authority never reduces an unchanged dec[39m[90m…[39m [90m0.18s[39m  
  [32;1m✓[39;22m[90m [39m[90mit P7 expiry at now denies direct and role contributions including[39m[90m… [39m [90m0.24s[39m  
  [32;1m✓[39;22m[90m [39m[90mit P10 moving raw grants and roles between sources preserves qualif[39m[90m…[39m [90m0.30s[39m  
  [32;1m✓[39;22m[90m [39m[90mit P5 identical inputs state now and source responses produce the s[39m[90m…[39m [90m0.18s[39m  
  [32;1m✓[39;22m[90m [39m[90mit P15 two partial grants cannot combine their condition fields int[39m[90m…[39m [90m0.19s[39m  
  [32;1m✓[39;22m[90m [39m[90mit P11 presentation prefixes do not change enum or full name decisi[39m[90m…[39m [90m0.51s[39m  

  [30;42;1m PASS [39;49;22m[39m Tests\Feature\Policies\PolicyResponseTest[39m
  [32;1m✓[39;22m[90m [39m[90mit fails closed on a thrown policy exception[39m[90m                        [39m [90m0.01s[39m  
  [32;1m✓[39;22m[90m [39m[90mit fails closed on nonscalar Response codes and invalid policy returns with (Closure Object ()) #4[39m
  [32;1m✓[39;22m[90m [39m[90mit fails closed on nonscalar Response codes and invalid policy returns with (Closure Object ()) #1[39m
  [32;1m✓[39;22m[90m [39m[90mit fails closed on nonscalar Response codes and invalid policy returns with (Closure Object ()) #2[39m
  [32;1m✓[39;22m[90m [39m[90mit fails closed on nonscalar Response codes and invalid policy returns with (Closure Object ()) #3[39m
  [32;1m✓[39;22m[90m [39m[90mit does not let an allow response create grants authority[39m
  [32;1m✓[39;22m[90m [39m[90mit preserves scalar denial details from both policy modes with (AzGuard\Tests\Fixtures\Guards\Orders\Permissions\OrderPermission Enum (Refund, 'orders.refund'))[39m
  [32;1m✓[39;22m[90m [39m[90mit preserves scalar denial details from both policy modes with (AzGuard\Tests\Fixtures\Guards\Orders\Permissions\OrderPermission Enum (UserOnly, 'orders.user_only'))[39m
  [32;1m✓[39;22m[90m [39m[90mit preserves policy-only allow details without altering authority[39m

  [30;42;1m PASS [39;49;22m[39m Tests\Feature\Catalog\CatalogCollisionTest[39m
  [32;1m✓[39;22m[90m [39m[90mit keeps a repeated enum FQCN idempotent across manual plugin registrations[39m
  [32;1m✓[39;22m[90m [39m[90mit R3: rejects equal names contributed by two plugins with both plugin and source ids[39m
  [32;1m✓[39;22m[90m [39m[90mit V119: one name has one authority mode across sources[39m
  [32;1m✓[39;22m[90m [39m[90mit V08: names the plugin when a plugin source repeats a name of the provider[39m
  [32;1m✓[39;22m[90m [39m[90mit keeps equal definitions within one plugin origin owned by its first source[39m
  [32;1m✓[39;22m[90m [39m[90mit V08: keeps one permission when two sources define it equally, owned by the first one[39m
  [32;1m✓[39;22m[90m [39m[90mit V08: keeps the names of a plugin as declared, next to the names of the provider[39m
  [32;1m✓[39;22m[90m [39m[90mit V119: a dynamic permission is always decided by grants[39m
  [32;1m✓[39;22m[90m [39m[90mit V119: a policy-only permission needs a binding and is never list[39m[90m…[39m [90m0.01s[39m  
  [32;1m✓[39;22m[90m [39m[90mit rejects a source named by a name no factory registers[39m
  [32;1m✓[39;22m[90m [39m[90mit rejects one enum case that names two permissions[39m
  [32;1m✓[39;22m[90m [39m[90mit V08: rejects two sources that define one name differently and names both[39m
  [32;1m✓[39;22m[90m [39m[90mit rejects equal provider and plugin definitions and names the plugin[39m

  [30;42;1m PASS [39;49;22m[39m Tests\Feature\Authorization\Cache\HostTransactionTest[39m
  [32;1m✓[39;22m[90m [39m[90mit cannot reuse a capability after root rollback and replacement at[39m[90m…[39m [90m0.01s[39m  
  [32;1m✓[39;22m[90m [39m[90mit retains an early before veto without inspecting DB authority in[39m[90m… [39m [90m0.01s[39m  
  [32;1m✓[39;22m[90m [39m[90mit rejects a marker in another Fiber or for an unlocked panel witho[39m[90m…[39m [90m0.01s[39m  
  [32;1m✓[39;22m[90m [39m[90mit refuses joint helper entry inside an unknown or recognized open transaction with (true)[39m
  [32;1m✓[39;22m[90m [39m[90mit refuses joint helper entry inside an unknown or recognized open transaction with (false)[39m
  [32;1m✓[39;22m[90m [39m[90mit locks panel state before host work and refreshes live subject po[39m[90m…[39m [90m0.02s[39m  

  [30;42;1m PASS [39;49;22m[39m Tests\Feature\Scopes\NativeBuilderTest[39m
  [32;1m✓[39;22m[90m [39m[90mit injects query-first reserved runtime slots and refuses a missing[39m[90m…[39m [90m0.01s[39m  
  [32;1m✓[39;22m[90m [39m[90mit keeps OR inside its own predicate and preserves identity and other filters[39m
  [32;1m✓[39;22m[90m [39m[90mit reads fresh fields and rechecks authoritative owner instead of a stale resolved model[39m
  [32;1m✓[39;22m[90m [39m[90mit blocks terminal operations before SQL including the public base query with dataset "base delete"[39m
  [32;1m✓[39;22m[90m [39m[90mit blocks terminal operations before SQL including the public base query with dataset "base exists"[39m
  [32;1m✓[39;22m[90m [39m[90mit blocks terminal operations before SQL including the public base query with dataset "get"[39m
  [32;1m✓[39;22m[90m [39m[90mit blocks terminal operations before SQL including the public base query with dataset "base get"[39m
  [32;1m✓[39;22m[90m [39m[90mit blocks terminal operations before SQL including the public base query with dataset "base cursor"[39m
  [32;1m✓[39;22m[90m [39m[90mit blocks terminal operations before SQL including the public base query with dataset "exists"[39m
  [32;1m✓[39;22m[90m [39m[90mit blocks terminal operations before SQL including the public base query with dataset "nested get"[39m
  [32;1m✓[39;22m[90m [39m[90mit blocks terminal operations before SQL including the public base query with dataset "create"[39m
  [32;1m✓[39;22m[90m [39m[90mit blocks terminal operations before SQL including the public base query with dataset "count"[39m
  [32;1m✓[39;22m[90m [39m[90mit blocks terminal operations before SQL including the public base query with dataset "cursor"[39m
  [32;1m✓[39;22m[90m [39m[90mit blocks terminal operations before SQL including the public base query with dataset "base update"[39m
  [32;1m✓[39;22m[90m [39m[90mit blocks terminal operations before SQL including the public base query with dataset "relation get"[39m
  [32;1m✓[39;22m[90m [39m[90mit blocks terminal operations before SQL including the public base query with dataset "caught get"[39m
  [32;1m✓[39;22m[90m [39m[90mit supports native grouped predicates, local scopes, relationships and bound subqueries[39m
  [32;1m✓[39;22m[90m [39m[90mit rejects altered root structure and replacement queries with dataset "pending global scope"[39m
  [32;1m✓[39;22m[90m [39m[90mit rejects altered root structure and replacement queries with dataset "offset"[39m
  [32;1m✓[39;22m[90m [39m[90mit rejects altered root structure and replacement queries with dataset "select"[39m
  [32;1m✓[39;22m[90m [39m[90mit rejects altered root structure and replacement queries with dataset "replace"[39m
  [32;1m✓[39;22m[90m [39m[90mit rejects altered root structure and replacement queries with dataset "join"[39m
  [32;1m✓[39;22m[90m [39m[90mit rejects altered root structure and replacement queries with dataset "order"[39m
  [32;1m✓[39;22m[90m [39m[90mit rejects altered root structure and replacement queries with dataset "connection"[39m
  [32;1m✓[39;22m[90m [39m[90mit rejects altered root structure and replacement queries with dataset "from"[39m
  [32;1m✓[39;22m[90m [39m[90mit rejects altered root structure and replacement queries with dataset "union"[39m
  [32;1m✓[39;22m[90m [39m[90mit rejects altered root structure and replacement queries with dataset "setQuery"[39m
  [32;1m✓[39;22m[90m [39m[90mit rejects altered root structure and replacement queries with dataset "after query callback"[39m
  [32;1m✓[39;22m[90m [39m[90mit rejects altered root structure and replacement queries with dataset "limit"[39m
  [32;1m✓[39;22m[90m [39m[90mit rejects altered root structure and replacement queries with dataset "nested from"[39m
  [32;1m✓[39;22m[90m [39m[90mit rejects altered root structure and replacement queries with dataset "group"[39m

  [30;42;1m PASS [39;49;22m[39m Tests\Feature\Sources\Database\DatabaseReadsTest[39m
  [32;1m✓[39;22m[90m [39m[90mit reads exact tenant context pairs with no cartesian expansion or[39m[90m… [39m [90m0.01s[39m  
  [32;1m✓[39;22m[90m [39m[90mit converts malformed stored identity to SourceError and never gran[39m[90m…[39m [90m0.01s[39m  
  [32;1m✓[39;22m[90m [39m[90mit preserves origin expiry raw roles and exact permission patterns[39m[90m  [39m [90m0.01s[39m  
  [32;1m✓[39;22m[90m [39m[90mit never reads permission assignments in rolesOnly mode[39m[90m             [39m [90m0.01s[39m  

  [30;42;1m PASS [39;49;22m[39m Tests\Feature\Catalog\PolicyBindingsCompatibilityTest[39m
  [32;1m✓[39;22m[90m [39m[90mit restores typed php and native model bindings and evaluates the n[39m[90m…[39m [90m0.01s[39m  
  [32;1m✓[39;22m[90m [39m[90mit detects collisions through the typed map for php gate, gate php and gate gate bindings with dataset "gate gate"[39m
  [32;1m✓[39;22m[90m [39m[90mit detects collisions through the typed map for php gate, gate php and gate gate bindings with dataset "gate php"[39m
  [32;1m✓[39;22m[90m [39m[90mit detects collisions through the typed map for php gate, gate php and gate gate bindings with dataset "php gate"[39m
  [32;1m✓[39;22m[90m [39m[90mit keeps one typed binding map with a PHP only legacy projection and no fake policy for gate[39m
  [32;1m✓[39;22m[90m [39m[90mit requires a binding for a policy only permission while accepting a nullable gate policy class[39m
  [32;1m✓[39;22m[90m [39m[90mit rejects the previous catalog schema rather than restoring untyped policy bindings[39m

  [30;42;1m PASS [39;49;22m[39m Tests\Feature\Authorization\ContributionQualificationTest[39m
  [32;1m✓[39;22m[90m [39m[90mit does not alias former or removed role keys to a current role[39m
  [32;1m✓[39;22m[90m [39m[90mit rejects a role contribution returned from a direct grant capability[39m
  [32;1m✓[39;22m[90m [39m[90mit validates malformed types and foreign scopes before allowing with ('type')[39m
  [32;1m✓[39;22m[90m [39m[90mit validates malformed types and foreign scopes before allowing with ('scope')[39m
  [32;1m✓[39;22m[90m [39m[90mit validates malformed types and foreign scopes before allowing with ('panel')[39m
  [32;1m✓[39;22m[90m [39m[90mit uses actual writer provenance rather than a forged folder source[39m[90m…[39m [90m0.01s[39m  
  [32;1m✓[39;22m[90m [39m[90mit expires role and direct contributions exactly at now with (false[39m[90m…[39m [90m0.01s[39m  
  [32;1m✓[39;22m[90m [39m[90mit expires role and direct contributions exactly at now with (true)[39m
  [32;1m✓[39;22m[90m [39m[90mit qualifies department AND weekday in one contribution rather than joining two rows[39m
  [32;1m✓[39;22m[90m [39m[90mit qualifies each role contribution before expanding its compiled patterns[39m
  [32;1m✓[39;22m[90m [39m[90mit foreign panel with the same local root key is source error[39m
  [32;1m✓[39;22m[90m [39m[90mit superadmin conditions receive the actual code role and original contribution[39m
  [32;1m✓[39;22m[90m [39m[90mit checks superadmin expiry and conditions without exempting mandatory restrictions[39m
  [32;1m✓[39;22m[90m [39m[90mit an ordinary grant does not remove a qualified superadmin exemption[39m

  [30;42;1m PASS [39;49;22m[39m Tests\Feature\Sources\Folder\GrantedToAllTest[39m
  [32;1m✓[39;22m[90m [39m[90mit gives the same declared right as an equivalent generated contrib[39m[90m…[39m [90m0.01s[39m  
  [32;1m✓[39;22m[90m [39m[90mit grants discovered and explicitly registered enums at each requested scope only to accepted existing subjects[39m
  [32;1m✓[39;22m[90m [39m[90mit grants exactly its declared permission without making all actions public[39m
  [32;1m✓[39;22m[90m [39m[90mit rejects GrantedToAll on PolicyOnly at compilation[39m

  [90mTests:[39m    [32;1m635 passed[39;22m[90m (137152 assertions)[39m
  [90mDuration:[39m [39m16.56s[39m
  [90mRandom Order Seed:[39m [39m1791314656[39m

