
  packages/core/src/Authorization/EvaluationFrame.php [90m...................[39m [32m100%[39m  
  packages/core/src/Authorization/Pipeline/Trace.php [90m....................[39m [32m100%[39m  
  packages/core/src/Authorization/Pipeline/Stages/RestrictionStage.ph… [90m..[39m [32m100%[39m  
  packages/core/src/Authorization/Pipeline/Stages/BeforeStage.php [90m.......[39m [32m100%[39m  
  packages/core/src/Authorization/Pipeline/Stages/AfterStage.php [90m........[39m [32m100%[39m  
  packages/core/src/Authorization/Pipeline/Stages/PrepareStage.php [90m......[39m [32m100%[39m  
  packages/core/src/Authorization/Pipeline/Stages/BoundaryStage.php [90m.....[39m [32m100%[39m  
  packages/core/src/Authorization/Pipeline/Stages/AuthorityStage.php [90m....[39m [32m100%[39m  
  packages/core/src/Authorization/Pipeline/AccessPipeline.php [90m......[39m [33mpa108 75%[39m  
  packages/core/src/Authorization/ReadAttempt.php [90m..................[39m [33mpa122 75%[39m  
  packages/core/src/Authorization/Visibility.php [90m........................[39m [32m100%[39m  
  packages/core/src/Authorization/Authorizer.php [90m........................[39m [32m100%[39m  
  packages/core/src/Authorization/BatchInputs.php [90m.......................[39m [32m100%[39m  
  packages/core/src/Authorization/ModelSubjectResolver.php [90m..............[39m [32m100%[39m  
  packages/core/src/Authorization/ReadAttemptChanged.php [90m................[39m [32m100%[39m  
  packages/core/src/Authorization/Cache/PermissionSetCache.php [90m..........[39m [32m100%[39m  
  packages/core/src/Authorization/Query/VisibilityScope.php [90m........[39m [33mpa105 75%[39m  
  packages/core/src/Authorization/Query/QueryGuard.php [90m..................[39m [32m100%[39m  
  packages/core/src/Authorization/Query/PredicateCompiler.php [90m...........[39m [32m100%[39m  
  packages/core/src/Authorization/Query/PredicateQuery.php [90m..............[39m [32m100%[39m  
  packages/core/src/Authorization/Query/EligibilityBuilder.php [90m..........[39m [32m100%[39m  
  packages/core/src/Authorization/Query/PredicateBuilder.php [90m............[39m [32m100%[39m  
  packages/core/src/Authorization/ScopeEligibility.php [90m.............[39m [33mpa114 75%[39m  
  packages/core/src/Authorization/BatchEvaluation.php [90m...................[39m [32m100%[39m  
  packages/core/src/Configuration/AzGuardConfig.php [90m.....................[39m [32m100%[39m  
  packages/core/src/Laravel/Gate/GateBridge.php [90m.........................[39m [32m100%[39m  
  packages/core/src/Laravel/Console/Commands/CatalogCacheCommand.php [90m....[39m [32m100%[39m  
  packages/core/src/Laravel/Console/Commands/CatalogClearCommand.php [90m....[39m [32m100%[39m  
  packages/core/src/Laravel/Console/Commands/ExplainCommand.php [90m.........[39m [32m100%[39m  
  packages/core/src/Laravel/Console/Commands/StorageMigrationCommand.… [90m..[39m [32m100%[39m  
  packages/core/src/Plugins/PluginContext.php [90m...........................[39m [32m100%[39m  
  packages/core/src/Plugins/BasePlugin.php [90m..............................[39m [32m100%[39m  
  packages/core/src/Permissions/PolicyOnly.php [90m..........................[39m [32m100%[39m  
  packages/core/src/Permissions/GrantedToAll.php [90m........................[39m [32m100%[39m  
  packages/core/src/Permissions/RequiresGrant.php [90m.......................[39m [32m100%[39m  
  packages/core/src/Permissions/Resource.php [90m............................[39m [32m100%[39m  
  packages/core/src/Permissions/Describe.php [90m............................[39m [32m100%[39m  
  packages/core/src/Attributes/AsSource.php [90m.............................[39m [32m100%[39m  
  packages/core/src/Storage/Storage.php [90m.................................[39m [32m100%[39m  
  packages/core/src/Storage/StorageReadSession.php [90m......................[39m [32m100%[39m  
  packages/core/src/Storage/WriteGuardedBuilder.php [90m.....................[39m [32m100%[39m  
  packages/core/src/Storage/PanelState.php [90m..............................[39m [32m100%[39m  
  packages/core/src/Storage/StorageTouched.php [90m..........................[39m [32m100%[39m  
  packages/core/src/Storage/StorageMutation.php [90m.........................[39m [32m100%[39m  
  packages/core/src/Storage/Models/RoleGrant.php [90m........................[39m [32m100%[39m  
  packages/core/src/Storage/Models/PermissionGrant.php [90m..................[39m [32m100%[39m  
  packages/core/src/Storage/Models/Permission.php [90m.......................[39m [32m100%[39m  
  packages/core/src/Storage/Schema/StorageSchema.php [90m....................[39m [32m100%[39m  
  packages/core/src/Storage/Schema/HostKeyColumns.php [90m...................[39m [32m100%[39m  
  packages/core/src/Storage/AuthorityTransaction.php [90m....................[39m [32m100%[39m  
  packages/core/src/Storage/GrantFields.php [90m.............................[39m [32m100%[39m  
  packages/core/src/Storage/StorageRegistry.php [90m.........................[39m [32m100%[39m  
  packages/core/src/Catalog/PermissionDefinition.php [90m....................[39m [32m100%[39m  
  packages/core/src/Catalog/RoleCompiler.php [90m............................[39m [32m100%[39m  
  packages/core/src/Catalog/PanelCatalog.php [90m............................[39m [32m100%[39m  
  packages/core/src/Catalog/CatalogCache.php [90m............................[39m [32m100%[39m  
  packages/core/src/Sources/Gate/GateSource.php [90m.........................[39m [32m100%[39m  
  packages/core/src/Sources/Folder/FolderSource.php [90m.....................[39m [32m100%[39m  
  packages/core/src/Sources/Folder/AttributeReader.php [90m..................[39m [32m100%[39m  
  packages/core/src/Sources/Folder/PanelDiscovery.php [90m...................[39m [32m100%[39m  
  packages/core/src/Sources/Folder/DiscoverySnapshot.php [90m................[39m [32m100%[39m  
  packages/core/src/Sources/Relation/RelationPredicateQuery.php [90m.........[39m [32m100%[39m  
  packages/core/src/Sources/Relation/RelationScopeQuery.php [90m.............[39m [32m100%[39m  
  packages/core/src/Sources/Relation/RelationBinding.php [90m................[39m [32m100%[39m  
  packages/core/src/Sources/Relation/RelationSource.php [90m.................[39m [32m100%[39m  
  packages/core/src/Sources/Database/DatabaseSource.php [90m............[39m [33mpa495 75%[39m  
  packages/core/src/Sources/SourceManager.php [90m.......................[39m [33mrt40 75%[39m  
  packages/core/src/Sources/PanelSources.php [90m............................[39m [32m100%[39m  
  packages/core/src/AzGuardServiceProvider.php [90m..........................[39m [32m100%[39m  
  packages/core/src/AzGuardManager.php [90m..................................[39m [32m100%[39m  
  packages/core/src/Exceptions/InvalidPolicyStructureException.php [90m......[39m [32m100%[39m  
  packages/core/src/Exceptions/RecursionDetectedException.php [90m...........[39m [32m100%[39m  
  packages/core/src/Exceptions/ConfigurationException.php [90m...............[39m [32m100%[39m  
  packages/core/src/Exceptions/UnknownPanelException.php [90m................[39m [32m100%[39m  
  packages/core/src/Exceptions/WriterConflictException.php [90m..............[39m [32m100%[39m  
  packages/core/src/Exceptions/DefaultPanelConflictException.php [90m........[39m [32m100%[39m  
  packages/core/src/Exceptions/InvalidSourceContributionException.php [90m...[39m [32m100%[39m  
  packages/core/src/Exceptions/PluginDependencyMissingException.php [90m.....[39m [32m100%[39m  
  packages/core/src/Exceptions/PluginException.php [90m......................[39m [32m100%[39m  
  packages/core/src/Exceptions/RegistryFrozenException.php [90m..............[39m [32m100%[39m  
  packages/core/src/Exceptions/UnknownPermissionException.php [90m...........[39m [32m100%[39m  
  packages/core/src/Exceptions/DuplicatePolicyBindingException.php [90m......[39m [32m100%[39m  
  packages/core/src/Exceptions/StorageException.php [90m.....................[39m [32m100%[39m  
  packages/core/src/Exceptions/ChangeException.php [90m......................[39m [32m100%[39m  
  packages/core/src/Exceptions/DuplicatePanelException.php [90m..............[39m [32m100%[39m  
  packages/core/src/Exceptions/DuplicateRoleException.php [90m...............[39m [32m100%[39m  
  packages/core/src/Exceptions/AzGuardException.php [90m.....................[39m [32m100%[39m  
  packages/core/src/Exceptions/InvalidPanelIdException.php [90m..............[39m [32m100%[39m  
  packages/core/src/Exceptions/StorageMismatchException.php [90m.............[39m [32m100%[39m  
  packages/core/src/Exceptions/InvalidIdentityException.php [90m.............[39m [32m100%[39m  
  packages/core/src/Exceptions/InvalidConfigurationException.php [90m........[39m [32m100%[39m  
  packages/core/src/Exceptions/PrefixConflictException.php [90m..............[39m [32m100%[39m  
  packages/core/src/Exceptions/InvalidPermissionKeyException.php [90m........[39m [32m100%[39m  
  packages/core/src/Exceptions/ConsistencyException.php [90m.................[39m [32m100%[39m  
  packages/core/src/Exceptions/AuthorizationEngineException.php [90m.........[39m [32m100%[39m  
  packages/core/src/Exceptions/UnknownSourceException.php [90m...............[39m [32m100%[39m  
  packages/core/src/Exceptions/PanelNotResolvedException.php [90m............[39m [32m100%[39m  
  packages/core/src/Exceptions/PluginConflictException.php [90m..............[39m [32m100%[39m  
  packages/core/src/Exceptions/InvalidAssignmentScopeException.php [90m......[39m [32m100%[39m  
  packages/core/src/Exceptions/InvalidChangeFieldsException.php [90m.........[39m [32m100%[39m  
  packages/core/src/Exceptions/DefinitionException.php [90m..................[39m [32m100%[39m  
  packages/core/src/Exceptions/SubjectNotAcceptedException.php [90m..........[39m [32m100%[39m  
  packages/core/src/Exceptions/AmbiguousPanelException.php [90m..............[39m [32m100%[39m  
  packages/core/src/Exceptions/ConflictingPanelException.php [90m............[39m [32m100%[39m  
  packages/core/src/Exceptions/VisibilityNotSupportedException.php [90m......[39m [32m100%[39m  
  packages/core/src/Exceptions/DuplicatePermissionException.php [90m.........[39m [32m100%[39m  
  packages/core/src/Exceptions/InvalidRoleKeyException.php [90m..............[39m [32m100%[39m  
  packages/core/src/Exceptions/UnsupportedDirectWriteException.php [90m......[39m [32m100%[39m  
  packages/core/src/Policies/PolicyFor.php [90m..............................[39m [32m100%[39m  
  packages/core/src/Policies/Decides.php [90m................................[39m [32m100%[39m  
  packages/core/src/Policies/RuntimeInvoker.php [90m.........................[39m [32m100%[39m  
  packages/core/src/Policies/PolicyBinding.php [90m..........................[39m [32m100%[39m  
  packages/core/src/Policies/PolicyDecider.php [90m..........................[39m [32m100%[39m  
  packages/core/src/Policies/NativeGateBinding.php [90m......................[39m [32m100%[39m  
  packages/core/src/Scopes/WithinContext.php [90m............................[39m [32m100%[39m  
  packages/core/src/Scopes/AssignmentScopeRuntime.php [90m...................[39m [32m100%[39m  
  packages/core/src/Scopes/TenantPolicy.php [90m.............................[39m [32m100%[39m  
  packages/core/src/Scopes/BaseAssignmentScope.php [90m......................[39m [32m100%[39m  
  packages/core/src/Scopes/MembershipRestriction.php [90m....................[39m [32m100%[39m  
  packages/core/src/Scopes/ModelTenantDefinition.php [90m....................[39m [32m100%[39m  
  packages/core/src/Scopes/AssignmentScopePolicy.php [90m....................[39m [32m100%[39m  
  packages/core/src/Scopes/CurrentContext.php [90m...........................[39m [32m100%[39m  
  packages/core/src/Scopes/ScopeConfiguration.php [90m.......................[39m [32m100%[39m  
  packages/core/src/Scopes/AssignmentScopePhase.php [90m.....................[39m [32m100%[39m  
  packages/core/src/Scopes/ModelAssignmentScopeDefinition.php [90m...........[39m [32m100%[39m  
  packages/core/src/Scopes/AssignmentScopeSettings.php [90m..................[39m [32m100%[39m  
  packages/core/src/Schema/FieldTarget.php [90m..............................[39m [32m100%[39m  
  packages/core/src/Schema/Field.php [90m....................................[39m [32m100%[39m  
  packages/core/src/Panels/PanelProvider.php [90m............................[39m [32m100%[39m  
  packages/core/src/Panels/Panel.php [90m....................................[39m [32m100%[39m  
  packages/core/src/Panels/StateRefresh.php [90m.............................[39m [32m100%[39m  
  packages/core/src/Panels/PanelRecipe.php [90m..............................[39m [32m100%[39m  
  packages/core/src/Panels/PanelSettings.php [90m............................[39m [32m100%[39m  
  packages/core/src/Panels/GateMode.php [90m.................................[39m [32m100%[39m  
  packages/core/src/Panels/PanelCompiler.php [90m............................[39m [32m100%[39m  
  packages/core/src/Panels/PanelResolver.php [90m............................[39m [32m100%[39m  
  packages/core/src/Panels/PanelFingerprint.php [90m.........................[39m [32m100%[39m  
  packages/core/src/Panels/CurrentPanel.php [90m.............................[39m [32m100%[39m  
  packages/core/src/Panels/PanelBuilder.php [90m.............................[39m [32m100%[39m  
  packages/core/src/Panels/Reads.php [90m....................................[39m [32m100%[39m  
  packages/core/src/Panels/PanelRegistry.php [90m............................[39m [32m100%[39m  
  packages/core/src/Kernel/Permissions/PermissionSet.php [90m................[39m [32m100%[39m  
  packages/core/src/Kernel/Decision/StateToken.php [90m......................[39m [32m100%[39m  
  packages/core/src/Kernel/Decision/Explanation.php [90m.....................[39m [32m100%[39m  
  packages/core/src/Kernel/Decision/DecisionSet.php [90m.....................[39m [32m100%[39m  
  packages/core/src/Kernel/Decision/PermissionAuthority.php [90m.............[39m [32m100%[39m  
  packages/core/src/Kernel/Decision/Effect.php [90m..........................[39m [32m100%[39m  
  packages/core/src/Kernel/Decision/AccessPredicate.php [90m.................[39m [32m100%[39m  
  packages/core/src/Kernel/Decision/RoleContribution.php [90m................[39m [32m100%[39m  
  packages/core/src/Kernel/Decision/DecisionReason.php [90m..................[39m [32m100%[39m  
  packages/core/src/Kernel/Decision/AccessRequest.php [90m...................[39m [32m100%[39m  
  packages/core/src/Kernel/Decision/CodeStateToken.php [90m..................[39m [32m100%[39m  
  packages/core/src/Kernel/Decision/BeforeResult.php [90m....................[39m [32m100%[39m  
  packages/core/src/Kernel/Decision/Decision.php [90m........................[39m [32m100%[39m  
  packages/core/src/Kernel/Decision/RestrictionResult.php [90m...............[39m [32m100%[39m  
  packages/core/src/Kernel/Decision/Grant.php [90m...........................[39m [32m100%[39m  
  packages/core/src/Kernel/Grammar/PatternMatcher.php [90m...................[39m [32m100%[39m  
  packages/core/src/Kernel/Grammar/PermissionGrammar.php [90m................[39m [32m100%[39m  
  packages/core/src/Kernel/Identity/AccessScope.php [90m.....................[39m [32m100%[39m  
  packages/core/src/Kernel/Identity/AssignmentScopeRef.php [90m..............[39m [32m100%[39m  
  packages/core/src/Kernel/Identity/PermissionKey.php [90m...................[39m [32m100%[39m  
  packages/core/src/Kernel/Identity/AnyAssignmentScope.php [90m..............[39m [32m100%[39m  
  packages/core/src/Kernel/Identity/IdentityCodec.php [90m...................[39m [32m100%[39m  
  packages/core/src/Kernel/Identity/SubjectRef.php [90m......................[39m [32m100%[39m  
  packages/core/src/Kernel/Identity/PermissionPattern.php [90m...............[39m [32m100%[39m  
  packages/core/src/Kernel/Identity/ActorRef.php [90m........................[39m [32m100%[39m  
  packages/core/src/Kernel/Identity/RoleKey.php [90m.........................[39m [32m100%[39m  
  packages/core/src/Kernel/Identity/TenantRef.php [90m.......................[39m [32m100%[39m  
  packages/core/src/Directories/TenantOption.php [90m........................[39m [32m100%[39m  
  packages/core/src/Directories/LookupContext.php [90m.......................[39m [32m100%[39m  
  packages/core/src/Directories/SubjectOption.php [90m.......................[39m [32m100%[39m  
  packages/core/src/Directories/AssignmentScopeOption.php [90m...............[39m [32m100%[39m  
  packages/core/src/Roles/BaseRole.php [90m..................................[39m [32m100%[39m  
  packages/core/src/Roles/Attributes/Role.php [90m...........................[39m [32m100%[39m  
  packages/core/src/Roles/Attributes/SuperAdmin.php [90m.....................[39m [32m100%[39m  
  packages/core/src/Roles/Attributes/NotGrantable.php [90m...................[39m [32m100%[39m  
  packages/core/src/Roles/Attributes/FormerKeys.php [90m.....................[39m [32m100%[39m  
  packages/core/src/Roles/SuperAdminRole.php [90m............................[39m [32m100%[39m  
  packages/core/src/Roles/GrantedAutomatically.php [90m......................[39m [32m100%[39m  
  packages/core/src/Facades/AzGuard.php [90m.................................[39m [32m100%[39m  
  packages/core/src/Contracts/Authorization/GrantCondition.php [90m..........[39m [32m100%[39m  
  packages/core/src/Contracts/Authorization/EvaluationContext.php [90m.......[39m [32m100%[39m  
  packages/core/src/Contracts/Authorization/FiltersAccessQueries.php [90m....[39m [32m100%[39m  
  packages/core/src/Contracts/Authorization/Restriction.php [90m.............[39m [32m100%[39m  
  packages/core/src/Contracts/Plugins/DependsOnPlugins.php [90m..............[39m [32m100%[39m  
  packages/core/src/Contracts/Plugins/Plugin.php [90m........................[39m [32m100%[39m  
  packages/core/src/Contracts/Subjects/SubjectResolver.php [90m..............[39m [32m100%[39m  
  packages/core/src/Contracts/Subjects/SubjectDirectory.php [90m.............[39m [32m100%[39m  
  packages/core/src/Contracts/Catalog/PermissionCatalog.php [90m.............[39m [32m100%[39m  
  packages/core/src/Contracts/Sources/Volatility.php [90m....................[39m [32m100%[39m  
  packages/core/src/Contracts/Sources/Source.php [90m........................[39m [32m100%[39m  
  packages/core/src/Contracts/Sources/FiltersQueries.php [90m................[39m [32m100%[39m  
  packages/core/src/Contracts/Sources/SourceDescription.php [90m.............[39m [32m100%[39m  
  packages/core/src/Contracts/Sources/DescribesSchema.php [90m...............[39m [32m100%[39m  
  packages/core/src/Contracts/Sources/AssignmentScopeSelection.php [90m......[39m [32m100%[39m  
  packages/core/src/Contracts/Sources/ProvidesGrants.php [90m................[39m [32m100%[39m  
  packages/core/src/Contracts/Sources/ProvidesPolicies.php [90m..............[39m [32m100%[39m  
  packages/core/src/Contracts/Sources/StoresGrants.php [90m..................[39m [32m100%[39m  
  packages/core/src/Contracts/Sources/ProvidesRoleGrants.php [90m............[39m [32m100%[39m  
  packages/core/src/Contracts/Sources/FencesReads.php [90m...................[39m [32m100%[39m  
  packages/core/src/Contracts/Sources/ProvidesRoles.php [90m.................[39m [32m100%[39m  
  packages/core/src/Contracts/Sources/ProvidesPermissions.php [90m...........[39m [32m100%[39m  
  packages/core/src/Contracts/Scopes/AssignmentScopeMembership.php [90m......[39m [32m100%[39m  
  packages/core/src/Contracts/Scopes/TenantMembership.php [90m...............[39m [32m100%[39m  
  packages/core/src/Contracts/Scopes/ConfigurableAssignmentScopeDefin… [90m..[39m [32m100%[39m  
  packages/core/src/Contracts/Scopes/QueryableAssignmentScopeDefiniti… [90m..[39m [32m100%[39m  
  packages/core/src/Contracts/Scopes/TenantDirectory.php [90m................[39m [32m100%[39m  
  packages/core/src/Contracts/Scopes/AssignmentScopeAccessAdapter.php [90m...[39m [32m100%[39m  
  packages/core/src/Contracts/Scopes/ResolvedAssignmentScope.php [90m........[39m [32m100%[39m  
  packages/core/src/Contracts/Scopes/AssignmentScopeResolver.php [90m........[39m [32m100%[39m  
  packages/core/src/Contracts/Scopes/ProvidesAssignmentScope.php [90m........[39m [32m100%[39m  
  packages/core/src/Contracts/Scopes/ProvidesAccessScope.php [90m............[39m [32m100%[39m  
  packages/core/src/Contracts/Scopes/AssignmentScopeFilter.php [90m..........[39m [32m100%[39m  
  packages/core/src/Contracts/Scopes/TenantResolver.php [90m.................[39m [32m100%[39m  
  packages/core/src/Contracts/Scopes/ResourceScopeResolver.php [90m..........[39m [32m100%[39m  
  packages/core/src/Contracts/Scopes/AssignmentScopeDirectory.php [90m.......[39m [32m100%[39m  
  packages/core/src/Contracts/Scopes/AssignmentScopeDefinition.php [90m......[39m [32m100%[39m  
  packages/core/src/Contracts/Panels/PanelRegistry.php [90m..................[39m [32m100%[39m  
  [90m────────────────────────────────────────────────────────────────────────────[39m  
                                                         [90;1m(9.81s)[39;22m[1m Total: 99.3 %[22m  

