{
    "php": "8.3.35",
    "laravel": "13.34.0",
    "driver": "pgsql",
    "database_version": "PostgreSQL 16.15 on x86_64-pc-linux-musl, compiled by gcc (Alpine 15.2.0) 15.2.0, 64-bit",
    "hardware": {
        "cpu": "Intel(R) Xeon(R) CPU E5-2683 v4 @ 2.10GHz",
        "os": "Linux vostrikov-home 7.0.0-31-generic #31~24.04.1-Ubuntu SMP PREEMPT_DYNAMIC Mon Aug 10 09:38:02 UTC 2 x86_64",
        "memory": "MemTotal:       32685160 kB\nMemFree:         2054648 kB\nMemAvailable:   20027548 kB\nBuffers:         4110512 kB\nCached:         13030868 kB\nSwapCached:       235448 kB\nActive:          6875620 kB\nInactive:       17878108 kB\nActive(anon):    4670828 kB\nInactive(anon):  5495792 kB\nActive(file):    2204792 kB\nInactive(file): 12382316 kB\nUnevictable:          64 kB\nMlocked:              64 kB\nSwapTotal:       8388604 kB\nSwapFree:        6388400 kB\nZswap:                 0 kB\nZswapped:              0 kB\nDirty:              9936 kB\nWriteback:             0 kB\nAnonPages:       7562688 kB\nMapped:          4416808 kB\nShmem:           2554316 kB\nKReclaimable:    3843144 kB\nSlab:            4796356 kB\nSReclaimable:    3828516 kB\nSUnreclaim:       967840 kB\nKernelStack:       49616 kB\nPageTables:       153720 kB\nSecPageTables:      6920 kB\nNFS_Unstable:          0 kB\nBounce:                0 kB\nWritebackTmp:          0 kB\nCommitLimit:    24731184 kB\nCommitted_AS:   46364332 kB\nVmallocTotal:   34359738367 kB\nVmallocUsed:      149544 kB\nVmallocChunk:          0 kB\nPercpu:            82176 kB\nHardwareCorrupted:     0 kB\nAnonHugePages:         0 kB\nShmemHugePages:        0 kB\nShmemPmdMapped:        0 kB\nFileHugePages:    317440 kB\nFilePmdMapped:      2048 kB\nCmaTotal:              0 kB\nCmaFree:          121888 kB\nUnaccepted:            0 kB\nBalloon:               0 kB\nHugePages_Total:       0\nHugePages_Free:        0\nHugePages_Rsvd:        0\nHugePages_Surp:        0\nHugepagesize:       2048 kB\nHugetlb:               0 kB\nDirectMap4k:     2655184 kB\nDirectMap2M:    27586560 kB\nDirectMap1G:     5242880 kB\n"
    },
    "method": "One sequential process; monotonic hrtime; nearest-rank percentiles; setup excluded; live policy SQL and membership (absent=0) separate; no latency threshold.",
    "d44": "warm request=0 state\/0 grants; new warm request x10=1 state\/0 grants; policy x10=10 queries",
    "matrix": [
        {
            "grants": 1,
            "policy": false,
            "cache": "cold",
            "samples": 200,
            "warmup": 20,
            "p95_ms": 12.012398,
            "p99_ms": 12.343767,
            "sql_total": {
                "state": 400,
                "grants": 400,
                "policy": 0,
                "membership": 0,
                "other": 400
            }
        },
        {
            "grants": 1,
            "policy": false,
            "cache": "warm",
            "samples": 200,
            "warmup": 20,
            "p95_ms": 2.447477,
            "p99_ms": 2.526071,
            "sql_total": {
                "state": 0,
                "grants": 0,
                "policy": 0,
                "membership": 0,
                "other": 200
            }
        },
        {
            "grants": 1,
            "policy": true,
            "cache": "cold",
            "samples": 200,
            "warmup": 20,
            "p95_ms": 13.091427,
            "p99_ms": 13.598548,
            "sql_total": {
                "state": 400,
                "grants": 400,
                "policy": 200,
                "membership": 0,
                "other": 400
            }
        },
        {
            "grants": 1,
            "policy": true,
            "cache": "warm",
            "samples": 200,
            "warmup": 20,
            "p95_ms": 2.467818,
            "p99_ms": 2.509891,
            "sql_total": {
                "state": 0,
                "grants": 0,
                "policy": 200,
                "membership": 0,
                "other": 200
            }
        },
        {
            "grants": 10,
            "policy": false,
            "cache": "cold",
            "samples": 200,
            "warmup": 20,
            "p95_ms": 6.444231,
            "p99_ms": 6.577646,
            "sql_total": {
                "state": 400,
                "grants": 400,
                "policy": 0,
                "membership": 0,
                "other": 400
            }
        },
        {
            "grants": 10,
            "policy": false,
            "cache": "warm",
            "samples": 200,
            "warmup": 20,
            "p95_ms": 1.349116,
            "p99_ms": 1.460622,
            "sql_total": {
                "state": 0,
                "grants": 0,
                "policy": 0,
                "membership": 0,
                "other": 200
            }
        },
        {
            "grants": 10,
            "policy": true,
            "cache": "cold",
            "samples": 200,
            "warmup": 20,
            "p95_ms": 8.721176,
            "p99_ms": 12.536719,
            "sql_total": {
                "state": 400,
                "grants": 400,
                "policy": 200,
                "membership": 0,
                "other": 400
            }
        },
        {
            "grants": 10,
            "policy": true,
            "cache": "warm",
            "samples": 200,
            "warmup": 20,
            "p95_ms": 2.18107,
            "p99_ms": 2.28085,
            "sql_total": {
                "state": 0,
                "grants": 0,
                "policy": 200,
                "membership": 0,
                "other": 200
            }
        },
        {
            "grants": 100,
            "policy": false,
            "cache": "cold",
            "samples": 200,
            "warmup": 20,
            "p95_ms": 20.66817,
            "p99_ms": 21.595902,
            "sql_total": {
                "state": 400,
                "grants": 400,
                "policy": 0,
                "membership": 0,
                "other": 400
            }
        },
        {
            "grants": 100,
            "policy": false,
            "cache": "warm",
            "samples": 200,
            "warmup": 20,
            "p95_ms": 3.041796,
            "p99_ms": 3.567503,
            "sql_total": {
                "state": 0,
                "grants": 0,
                "policy": 0,
                "membership": 0,
                "other": 200
            }
        },
        {
            "grants": 100,
            "policy": true,
            "cache": "cold",
            "samples": 200,
            "warmup": 20,
            "p95_ms": 22.202101,
            "p99_ms": 24.221133,
            "sql_total": {
                "state": 400,
                "grants": 400,
                "policy": 200,
                "membership": 0,
                "other": 400
            }
        },
        {
            "grants": 100,
            "policy": true,
            "cache": "warm",
            "samples": 200,
            "warmup": 20,
            "p95_ms": 5.605517,
            "p99_ms": 5.819558,
            "sql_total": {
                "state": 0,
                "grants": 0,
                "policy": 200,
                "membership": 0,
                "other": 200
            }
        }
    ]
}
